../Pid/Src/pid.c:11:6:pidInit	40	static
../Pid/Src/pid.c:33:6:pidCompute	40	static
../Pid/Src/pid.c:83:6:pidClearParameters	16	static
../Pid/Src/pid.c:93:7:pidGetKp	16	static
../Pid/Src/pid.c:98:6:pidSetKp	16	static
../Pid/Src/pid.c:103:7:pidGetKi	16	static
../Pid/Src/pid.c:108:6:pidSetKi	16	static
../Pid/Src/pid.c:113:7:pidGetKd	16	static
../Pid/Src/pid.c:118:6:pidSetKd	16	static
../Pid/Src/pid.c:123:7:pidGetInterval	16	static
../Pid/Src/pid.c:128:6:pidSetInterval	16	static
../Pid/Src/pid.c:133:7:pidGetSetpoint	16	static
../Pid/Src/pid.c:138:6:pidSetSetpoint	16	static
../Pid/Src/pid.c:143:7:pidGetProcessVariable	16	static
../Pid/Src/pid.c:148:6:pidSetProcessVariable	16	static
../Pid/Src/pid.c:153:7:pidGetControlledVariable	16	static
../Pid/Src/pid.c:158:7:pidGetOffset	16	static
../Pid/Src/pid.c:163:6:pidSetOffset	16	static
../Pid/Src/pid.c:168:7:pidGetBias	16	static
../Pid/Src/pid.c:173:6:pidSetBias	16	static
../Pid/Src/pid.c:178:9:pidGetMinSumOfErrors	16	static
../Pid/Src/pid.c:183:6:pidSetMinSumOfErrors	16	static
../Pid/Src/pid.c:196:9:pidGetMaxSumOfErrors	16	static
../Pid/Src/pid.c:201:6:pidSetMaxSumOfErrors	16	static
../Pid/Src/pid.c:214:9:pidGetMinControlledVariable	16	static
../Pid/Src/pid.c:219:6:pidSetMinControlledVariable	16	static
../Pid/Src/pid.c:232:9:pidGetMaxControlledVariable	16	static
../Pid/Src/pid.c:237:6:pidSetMaxControlledVariable	16	static
