../Pid/Src/pid.c:11:6:pidInit	40	static
../Pid/Src/pid.c:34:6:pidCompute	40	static
../Pid/Src/pid.c:84:6:pidClearParameters	16	static
../Pid/Src/pid.c:94:7:pidGetKp	16	static
../Pid/Src/pid.c:99:6:pidSetKp	16	static
../Pid/Src/pid.c:104:7:pidGetKi	16	static
../Pid/Src/pid.c:109:6:pidSetKi	16	static
../Pid/Src/pid.c:114:7:pidGetKd	16	static
../Pid/Src/pid.c:119:6:pidSetKd	16	static
../Pid/Src/pid.c:124:7:pidGetInterval	16	static
../Pid/Src/pid.c:129:6:pidSetInterval	16	static
../Pid/Src/pid.c:134:7:pidGetSetpoint	16	static
../Pid/Src/pid.c:139:6:pidSetSetpoint	16	static
../Pid/Src/pid.c:144:7:pidGetProcessVariable	16	static
../Pid/Src/pid.c:149:6:pidSetProcessVariable	16	static
../Pid/Src/pid.c:154:7:pidGetControlledVariable	16	static
../Pid/Src/pid.c:159:7:pidGetOffset	16	static
../Pid/Src/pid.c:164:6:pidSetOffset	16	static
../Pid/Src/pid.c:169:7:pidGetBias	16	static
../Pid/Src/pid.c:174:6:pidSetBias	16	static
../Pid/Src/pid.c:179:9:pidGetMinSumOfErrors	16	static
../Pid/Src/pid.c:184:6:pidSetMinSumOfErrors	16	static
../Pid/Src/pid.c:197:9:pidGetMaxSumOfErrors	16	static
../Pid/Src/pid.c:202:6:pidSetMaxSumOfErrors	16	static
../Pid/Src/pid.c:215:9:pidGetMinControlledVariable	16	static
../Pid/Src/pid.c:220:6:pidSetMinControlledVariable	16	static
../Pid/Src/pid.c:233:9:pidGetMaxControlledVariable	16	static
../Pid/Src/pid.c:238:6:pidSetMaxControlledVariable	16	static
