Archive member included to satisfy reference by file (symbol)

c:/st/stm32cubeide_1.9.0/stm32cubeide/plugins/com.st.stm32cube.ide.mcu.externaltools.gnu-tools-for-stm32.10.3-2021.10.win32_1.0.0.202111181127/tools/bin/../lib/gcc/arm-none-eabi/10.3.1/../../../../arm-none-eabi/lib/thumb/v7e-m+fp/hard\libc_nano.a(lib_a-errno.o)
                              ./Core/Src/syscalls.o (__errno)
c:/st/stm32cubeide_1.9.0/stm32cubeide/plugins/com.st.stm32cube.ide.mcu.externaltools.gnu-tools-for-stm32.10.3-2021.10.win32_1.0.0.202111181127/tools/bin/../lib/gcc/arm-none-eabi/10.3.1/../../../../arm-none-eabi/lib/thumb/v7e-m+fp/hard\libc_nano.a(lib_a-exit.o)
                              c:/st/stm32cubeide_1.9.0/stm32cubeide/plugins/com.st.stm32cube.ide.mcu.externaltools.gnu-tools-for-stm32.10.3-2021.10.win32_1.0.0.202111181127/tools/bin/../lib/gcc/arm-none-eabi/10.3.1/../../../../arm-none-eabi/lib/thumb/v7e-m+fp/hard/crt0.o (exit)
c:/st/stm32cubeide_1.9.0/stm32cubeide/plugins/com.st.stm32cube.ide.mcu.externaltools.gnu-tools-for-stm32.10.3-2021.10.win32_1.0.0.202111181127/tools/bin/../lib/gcc/arm-none-eabi/10.3.1/../../../../arm-none-eabi/lib/thumb/v7e-m+fp/hard\libc_nano.a(lib_a-impure.o)
                              c:/st/stm32cubeide_1.9.0/stm32cubeide/plugins/com.st.stm32cube.ide.mcu.externaltools.gnu-tools-for-stm32.10.3-2021.10.win32_1.0.0.202111181127/tools/bin/../lib/gcc/arm-none-eabi/10.3.1/../../../../arm-none-eabi/lib/thumb/v7e-m+fp/hard\libc_nano.a(lib_a-exit.o) (_global_impure_ptr)
c:/st/stm32cubeide_1.9.0/stm32cubeide/plugins/com.st.stm32cube.ide.mcu.externaltools.gnu-tools-for-stm32.10.3-2021.10.win32_1.0.0.202111181127/tools/bin/../lib/gcc/arm-none-eabi/10.3.1/../../../../arm-none-eabi/lib/thumb/v7e-m+fp/hard\libc_nano.a(lib_a-init.o)
                              c:/st/stm32cubeide_1.9.0/stm32cubeide/plugins/com.st.stm32cube.ide.mcu.externaltools.gnu-tools-for-stm32.10.3-2021.10.win32_1.0.0.202111181127/tools/bin/../lib/gcc/arm-none-eabi/10.3.1/../../../../arm-none-eabi/lib/thumb/v7e-m+fp/hard/crt0.o (__libc_init_array)
c:/st/stm32cubeide_1.9.0/stm32cubeide/plugins/com.st.stm32cube.ide.mcu.externaltools.gnu-tools-for-stm32.10.3-2021.10.win32_1.0.0.202111181127/tools/bin/../lib/gcc/arm-none-eabi/10.3.1/../../../../arm-none-eabi/lib/thumb/v7e-m+fp/hard\libc_nano.a(lib_a-memcpy-stub.o)
                              ./App/Src/app.o (memcpy)
c:/st/stm32cubeide_1.9.0/stm32cubeide/plugins/com.st.stm32cube.ide.mcu.externaltools.gnu-tools-for-stm32.10.3-2021.10.win32_1.0.0.202111181127/tools/bin/../lib/gcc/arm-none-eabi/10.3.1/../../../../arm-none-eabi/lib/thumb/v7e-m+fp/hard\libc_nano.a(lib_a-memset.o)
                              c:/st/stm32cubeide_1.9.0/stm32cubeide/plugins/com.st.stm32cube.ide.mcu.externaltools.gnu-tools-for-stm32.10.3-2021.10.win32_1.0.0.202111181127/tools/bin/../lib/gcc/arm-none-eabi/10.3.1/../../../../arm-none-eabi/lib/thumb/v7e-m+fp/hard/crt0.o (memset)
c:/st/stm32cubeide_1.9.0/stm32cubeide/plugins/com.st.stm32cube.ide.mcu.externaltools.gnu-tools-for-stm32.10.3-2021.10.win32_1.0.0.202111181127/tools/bin/../lib/gcc/arm-none-eabi/10.3.1/thumb/v7e-m+fp/hard\libgcc.a(_arm_muldf3.o)
                              ./App/Src/app.o (__aeabi_dmul)
c:/st/stm32cubeide_1.9.0/stm32cubeide/plugins/com.st.stm32cube.ide.mcu.externaltools.gnu-tools-for-stm32.10.3-2021.10.win32_1.0.0.202111181127/tools/bin/../lib/gcc/arm-none-eabi/10.3.1/thumb/v7e-m+fp/hard\libgcc.a(_arm_addsubdf3.o)
                              ./App/Src/app.o (__aeabi_i2d)
c:/st/stm32cubeide_1.9.0/stm32cubeide/plugins/com.st.stm32cube.ide.mcu.externaltools.gnu-tools-for-stm32.10.3-2021.10.win32_1.0.0.202111181127/tools/bin/../lib/gcc/arm-none-eabi/10.3.1/thumb/v7e-m+fp/hard\libgcc.a(_arm_muldivdf3.o)
                              ./App/Src/app.o (__aeabi_ddiv)
c:/st/stm32cubeide_1.9.0/stm32cubeide/plugins/com.st.stm32cube.ide.mcu.externaltools.gnu-tools-for-stm32.10.3-2021.10.win32_1.0.0.202111181127/tools/bin/../lib/gcc/arm-none-eabi/10.3.1/thumb/v7e-m+fp/hard\libgcc.a(_arm_truncdfsf2.o)
                              ./App/Src/app.o (__aeabi_d2f)
c:/st/stm32cubeide_1.9.0/stm32cubeide/plugins/com.st.stm32cube.ide.mcu.externaltools.gnu-tools-for-stm32.10.3-2021.10.win32_1.0.0.202111181127/tools/bin/../lib/gcc/arm-none-eabi/10.3.1/thumb/v7e-m+fp/hard\libgcc.a(_aeabi_uldivmod.o)
                              ./Drivers/STM32F4xx_HAL_Driver/Src/stm32f4xx_hal_rcc.o (__aeabi_uldivmod)
c:/st/stm32cubeide_1.9.0/stm32cubeide/plugins/com.st.stm32cube.ide.mcu.externaltools.gnu-tools-for-stm32.10.3-2021.10.win32_1.0.0.202111181127/tools/bin/../lib/gcc/arm-none-eabi/10.3.1/thumb/v7e-m+fp/hard\libgcc.a(_udivmoddi4.o)
                              c:/st/stm32cubeide_1.9.0/stm32cubeide/plugins/com.st.stm32cube.ide.mcu.externaltools.gnu-tools-for-stm32.10.3-2021.10.win32_1.0.0.202111181127/tools/bin/../lib/gcc/arm-none-eabi/10.3.1/thumb/v7e-m+fp/hard\libgcc.a(_aeabi_uldivmod.o) (__udivmoddi4)
[...]
Memory Configuration

Name             Origin             Length             Attributes
RAM              0x0000000020000000 0x0000000000020000 xrw
FLASH            0x0000000008000000 0x0000000000080000 xr
*default*        0x0000000000000000 0xffffffffffffffff

Linker script and memory map

LOAD c:/st/stm32cubeide_1.9.0/stm32cubeide/plugins/com.st.stm32cube.ide.mcu.externaltools.gnu-tools-for-stm32.10.3-2021.10.win32_1.0.0.202111181127/tools/bin/../lib/gcc/arm-none-eabi/10.3.1/thumb/v7e-m+fp/hard/crti.o
LOAD c:/st/stm32cubeide_1.9.0/stm32cubeide/plugins/com.st.stm32cube.ide.mcu.externaltools.gnu-tools-for-stm32.10.3-2021.10.win32_1.0.0.202111181127/tools/bin/../lib/gcc/arm-none-eabi/10.3.1/thumb/v7e-m+fp/hard/crtbegin.o
LOAD c:/st/stm32cubeide_1.9.0/stm32cubeide/plugins/com.st.stm32cube.ide.mcu.externaltools.gnu-tools-for-stm32.10.3-2021.10.win32_1.0.0.202111181127/tools/bin/../lib/gcc/arm-none-eabi/10.3.1/../../../../arm-none-eabi/lib/thumb/v7e-m+fp/hard/crt0.o
LOAD ./App/Src/app.o
LOAD ./App/Src/comm.o
LOAD ./App/Src/controller.o
LOAD ./Core/Src/main.o
LOAD ./Core/Src/stm32f4xx_hal_msp.o
LOAD ./Core/Src/stm32f4xx_it.o
LOAD ./Core/Src/syscalls.o
LOAD ./Core/Src/sysmem.o
LOAD ./Core/Src/system_stm32f4xx.o
LOAD ./Core/Startup/startup_stm32f446retx.o
LOAD ./DataPacket/Src/crc8.o
LOAD ./DataPacket/Src/dataPacketRx.o
LOAD ./DataPacket/Src/dataPacketTx.o
LOAD ./Drivers/STM32F4xx_HAL_Driver/Src/stm32f4xx_hal.o
LOAD ./Drivers/STM32F4xx_HAL_Driver/Src/stm32f4xx_hal_adc.o
LOAD ./Drivers/STM32F4xx_HAL_Driver/Src/stm32f4xx_hal_adc_ex.o
LOAD ./Drivers/STM32F4xx_HAL_Driver/Src/stm32f4xx_hal_cortex.o
LOAD ./Drivers/STM32F4xx_HAL_Driver/Src/stm32f4xx_hal_dac.o
LOAD ./Drivers/STM32F4xx_HAL_Driver/Src/stm32f4xx_hal_dac_ex.o
LOAD ./Drivers/STM32F4xx_HAL_Driver/Src/stm32f4xx_hal_dma.o
LOAD ./Drivers/STM32F4xx_HAL_Driver/Src/stm32f4xx_hal_dma_ex.o
LOAD ./Drivers/STM32F4xx_HAL_Driver/Src/stm32f4xx_hal_exti.o
LOAD ./Drivers/STM32F4xx_HAL_Driver/Src/stm32f4xx_hal_flash.o
LOAD ./Drivers/STM32F4xx_HAL_Driver/Src/stm32f4xx_hal_flash_ex.o
LOAD ./Drivers/STM32F4xx_HAL_Driver/Src/stm32f4xx_hal_flash_ramfunc.o
LOAD ./Drivers/STM32F4xx_HAL_Driver/Src/stm32f4xx_hal_gpio.o
LOAD ./Drivers/STM32F4xx_HAL_Driver/Src/stm32f4xx_hal_pwr.o
LOAD ./Drivers/STM32F4xx_HAL_Driver/Src/stm32f4xx_hal_pwr_ex.o
LOAD ./Drivers/STM32F4xx_HAL_Driver/Src/stm32f4xx_hal_rcc.o
LOAD ./Drivers/STM32F4xx_HAL_Driver/Src/stm32f4xx_hal_rcc_ex.o
LOAD ./Drivers/STM32F4xx_HAL_Driver/Src/stm32f4xx_hal_tim.o
LOAD ./Drivers/STM32F4xx_HAL_Driver/Src/stm32f4xx_hal_tim_ex.o
LOAD ./Drivers/STM32F4xx_HAL_Driver/Src/stm32f4xx_hal_uart.o
LOAD ./Drivers/STM32F4xx_HAL_Driver/Src/stm32f4xx_ll_adc.o
LOAD ./Dsp/Src/movingAverage.o
LOAD ./Pid/Src/pid.o
START GROUP
LOAD c:/st/stm32cubeide_1.9.0/stm32cubeide/plugins/com.st.stm32cube.ide.mcu.externaltools.gnu-tools-for-stm32.10.3-2021.10.win32_1.0.0.202111181127/tools/bin/../lib/gcc/arm-none-eabi/10.3.1/../../../../arm-none-eabi/lib/thumb/v7e-m+fp/hard\libc_nano.a
LOAD c:/st/stm32cubeide_1.9.0/stm32cubeide/plugins/com.st.stm32cube.ide.mcu.externaltools.gnu-tools-for-stm32.10.3-2021.10.win32_1.0.0.202111181127/tools/bin/../lib/gcc/arm-none-eabi/10.3.1/../../../../arm-none-eabi/lib/thumb/v7e-m+fp/hard\libm.a
END GROUP
START GROUP
LOAD c:/st/stm32cubeide_1.9.0/stm32cubeide/plugins/com.st.stm32cube.ide.mcu.externaltools.gnu-tools-for-stm32.10.3-2021.10.win32_1.0.0.202111181127/tools/bin/../lib/gcc/arm-none-eabi/10.3.1/thumb/v7e-m+fp/hard\libgcc.a
LOAD c:/st/stm32cubeide_1.9.0/stm32cubeide/plugins/com.st.stm32cube.ide.mcu.externaltools.gnu-tools-for-stm32.10.3-2021.10.win32_1.0.0.202111181127/tools/bin/../lib/gcc/arm-none-eabi/10.3.1/../../../../arm-none-eabi/lib/thumb/v7e-m+fp/hard\libc_nano.a
END GROUP
START GROUP
LOAD c:/st/stm32cubeide_1.9.0/stm32cubeide/plugins/com.st.stm32cube.ide.mcu.externaltools.gnu-tools-for-stm32.10.3-2021.10.win32_1.0.0.202111181127/tools/bin/../lib/gcc/arm-none-eabi/10.3.1/thumb/v7e-m+fp/hard\libgcc.a
LOAD c:/st/stm32cubeide_1.9.0/stm32cubeide/plugins/com.st.stm32cube.ide.mcu.externaltools.gnu-tools-for-stm32.10.3-2021.10.win32_1.0.0.202111181127/tools/bin/../lib/gcc/arm-none-eabi/10.3.1/../../../../arm-none-eabi/lib/thumb/v7e-m+fp/hard\libc_nano.a
LOAD c:/st/stm32cubeide_1.9.0/stm32cubeide/plugins/com.st.stm32cube.ide.mcu.externaltools.gnu-tools-for-stm32.10.3-2021.10.win32_1.0.0.202111181127/tools/bin/../lib/gcc/arm-none-eabi/10.3.1/../../../../arm-none-eabi/lib/thumb/v7e-m+fp/hard\libnosys.a
END GROUP
START GROUP
LOAD c:/st/stm32cubeide_1.9.0/stm32cubeide/plugins/com.st.stm32cube.ide.mcu.externaltools.gnu-tools-for-stm32.10.3-2021.10.win32_1.0.0.202111181127/tools/bin/../lib/gcc/arm-none-eabi/10.3.1/thumb/v7e-m+fp/hard\libgcc.a
LOAD c:/st/stm32cubeide_1.9.0/stm32cubeide/plugins/com.st.stm32cube.ide.mcu.externaltools.gnu-tools-for-stm32.10.3-2021.10.win32_1.0.0.202111181127/tools/bin/../lib/gcc/arm-none-eabi/10.3.1/../../../../arm-none-eabi/lib/thumb/v7e-m+fp/hard\libc_nano.a
LOAD c:/st/stm32cubeide_1.9.0/stm32cubeide/plugins/com.st.stm32cube.ide.mcu.externaltools.gnu-tools-for-stm32.10.3-2021.10.win32_1.0.0.202111181127/tools/bin/../lib/gcc/arm-none-eabi/10.3.1/../../../../arm-none-eabi/lib/thumb/v7e-m+fp/hard\libnosys.a
END GROUP
LOAD c:/st/stm32cubeide_1.9.0/stm32cubeide/plugins/com.st.stm32cube.ide.mcu.externaltools.gnu-tools-for-stm32.10.3-2021.10.win32_1.0.0.202111181127/tools/bin/../lib/gcc/arm-none-eabi/10.3.1/thumb/v7e-m+fp/hard/crtend.o
LOAD c:/st/stm32cubeide_1.9.0/stm32cubeide/plugins/com.st.stm32cube.ide.mcu.externaltools.gnu-tools-for-stm32.10.3-2021.10.win32_1.0.0.202111181127/tools/bin/../lib/gcc/arm-none-eabi/10.3.1/thumb/v7e-m+fp/hard/crtn.o
                0x0000000020020000                _estack = (ORIGIN (RAM) + LENGTH (RAM))
                0x0000000000000200                _Min_Heap_Size = 0x200
                0x0000000000000400                _Min_Stack_Size = 0x400

.isr_vector     0x0000000008000000      0x1c4
                0x0000000008000000                . = ALIGN (0x4)
 *(.isr_vector)
 .isr_vector    0x0000000008000000      0x1c4 ./Core/Startup/startup_stm32f446retx.o
                0x0000000008000000                g_pfnVectors
                0x00000000080001c4                . = ALIGN (0x4)

.text           0x00000000080001c8     0x7360
                0x00000000080001c8                . = ALIGN (0x4)
 *(.text)
 .text          0x00000000080001c8       0x40 c:/st/stm32cubeide_1.9.0/stm32cubeide/plugins/com.st.stm32cube.ide.mcu.externaltools.gnu-tools-for-stm32.10.3-2021.10.win32_1.0.0.202111181127/tools/bin/../lib/gcc/arm-none-eabi/10.3.1/thumb/v7e-m+fp/hard/crtbegin.o
 .text          0x0000000008000208      0x378 c:/st/stm32cubeide_1.9.0/stm32cubeide/plugins/com.st.stm32cube.ide.mcu.externaltools.gnu-tools-for-stm32.10.3-2021.10.win32_1.0.0.202111181127/tools/bin/../lib/gcc/arm-none-eabi/10.3.1/thumb/v7e-m+fp/hard\libgcc.a(_arm_addsubdf3.o)
                0x0000000008000208                __aeabi_drsub
                0x0000000008000210                __aeabi_dsub
                0x0000000008000210                __subdf3
                0x0000000008000214                __aeabi_dadd
                0x0000000008000214                __adddf3
                0x000000000800048c                __floatunsidf
                0x000000000800048c                __aeabi_ui2d
                0x00000000080004ac                __floatsidf
                0x00000000080004ac                __aeabi_i2d
                0x00000000080004d0                __aeabi_f2d
                0x00000000080004d0                __extendsfdf2
                0x0000000008000514                __floatundidf
                0x0000000008000514                __aeabi_ul2d
                0x0000000008000524                __floatdidf
                0x0000000008000524                __aeabi_l2d
 .text          0x0000000008000580      0x424 c:/st/stm32cubeide_1.9.0/stm32cubeide/plugins/com.st.stm32cube.ide.mcu.externaltools.gnu-tools-for-stm32.10.3-2021.10.win32_1.0.0.202111181127/tools/bin/../lib/gcc/arm-none-eabi/10.3.1/thumb/v7e-m+fp/hard\libgcc.a(_arm_muldivdf3.o)
                0x0000000008000580                __aeabi_dmul
                0x0000000008000580                __muldf3
                0x00000000080007d4                __divdf3
                0x00000000080007d4                __aeabi_ddiv
 .text          0x00000000080009a4       0xa0 c:/st/stm32cubeide_1.9.0/stm32cubeide/plugins/com.st.stm32cube.ide.mcu.externaltools.gnu-tools-for-stm32.10.3-2021.10.win32_1.0.0.202111181127/tools/bin/../lib/gcc/arm-none-eabi/10.3.1/thumb/v7e-m+fp/hard\libgcc.a(_arm_truncdfsf2.o)
                0x00000000080009a4                __truncdfsf2
                0x00000000080009a4                __aeabi_d2f
 .text          0x0000000008000a44       0x30 c:/st/stm32cubeide_1.9.0/stm32cubeide/plugins/com.st.stm32cube.ide.mcu.externaltools.gnu-tools-for-stm32.10.3-2021.10.win32_1.0.0.202111181127/tools/bin/../lib/gcc/arm-none-eabi/10.3.1/thumb/v7e-m+fp/hard\libgcc.a(_aeabi_uldivmod.o)
                0x0000000008000a44                __aeabi_uldivmod
 .text          0x0000000008000a74      0x2d0 c:/st/stm32cubeide_1.9.0/stm32cubeide/plugins/com.st.stm32cube.ide.mcu.externaltools.gnu-tools-for-stm32.10.3-2021.10.win32_1.0.0.202111181127/tools/bin/../lib/gcc/arm-none-eabi/10.3.1/thumb/v7e-m+fp/hard\libgcc.a(_udivmoddi4.o)
                0x0000000008000a74                __udivmoddi4
 .text          0x0000000008000d44        0x4 c:/st/stm32cubeide_1.9.0/stm32cubeide/plugins/com.st.stm32cube.ide.mcu.externaltools.gnu-tools-for-stm32.10.3-2021.10.win32_1.0.0.202111181127/tools/bin/../lib/gcc/arm-none-eabi/10.3.1/thumb/v7e-m+fp/hard\libgcc.a(_dvmd_tls.o)
                0x0000000008000d44                __aeabi_idiv0
                0x0000000008000d44                __aeabi_ldiv0
 *(.text*)
 .text.appInit  0x0000000008000d48       0x9a ./App/Src/app.o
                0x0000000008000d48                appInit
 .text.appExecuteBlinkLed
                0x0000000008000de2       0x20 ./App/Src/app.o
                0x0000000008000de2                appExecuteBlinkLed
 .text.appGetBlinkDelay
                0x0000000008000e02       0x18 ./App/Src/app.o
                0x0000000008000e02                appGetBlinkDelay
 .text.appRunController
                0x0000000008000e1a       0x1a ./App/Src/app.o
                0x0000000008000e1a                appRunController
 *fill*         0x0000000008000e34        0x4 
 .text.appGetCurrentInMiliAmps
                0x0000000008000e38       0xb4 ./App/Src/app.o
                0x0000000008000e38                appGetCurrentInMiliAmps
 .text.appAddNewValueToFilter
                0x0000000008000eec       0x20 ./App/Src/app.o
                0x0000000008000eec                appAddNewValueToFilter
 .text.appGetFilterResult
                0x0000000008000f0c       0x1c ./App/Src/app.o
                0x0000000008000f0c                appGetFilterResult
 .text.appAppendReceivedByte
                0x0000000008000f28       0x24 ./App/Src/app.o
                0x0000000008000f28                appAppendReceivedByte
 .text.appDecodeReceivedData
                0x0000000008000f4c       0x1c ./App/Src/app.o
                0x0000000008000f4c                appDecodeReceivedData
 .text.appExtractCommandAndPayloadFromDecodedData
                0x0000000008000f68       0x1c ./App/Src/app.o
                0x0000000008000f68                appExtractCommandAndPayloadFromDecodedData
 .text.appDecodeExtractedCommand
                0x0000000008000f84       0x1e ./App/Src/app.o
                0x0000000008000f84                appDecodeExtractedCommand
 .text.appSendData
                0x0000000008000fa2       0x1e ./App/Src/app.o
                0x0000000008000fa2                appSendData
 .text.appGetPidKp
                0x0000000008000fc0       0x20 ./App/Src/app.o
                0x0000000008000fc0                appGetPidKp
 .text.appSetPidKp
                0x0000000008000fe0       0x22 ./App/Src/app.o
                0x0000000008000fe0                appSetPidKp
 .text.appGetPidKi
                0x0000000008001002       0x20 ./App/Src/app.o
                0x0000000008001002                appGetPidKi
 .text.appSetPidKi
                0x0000000008001022       0x22 ./App/Src/app.o
                0x0000000008001022                appSetPidKi
 .text.appGetPidKd
                0x0000000008001044       0x20 ./App/Src/app.o
                0x0000000008001044                appGetPidKd
 .text.appSetPidKd
                0x0000000008001064       0x22 ./App/Src/app.o
                0x0000000008001064                appSetPidKd
 *fill*         0x0000000008001086        0x2 
 .text.appGetPidInterval
                0x0000000008001088       0x34 ./App/Src/app.o
                0x0000000008001088                appGetPidInterval
 .text.appSetPidInterval
                0x00000000080010bc       0x44 ./App/Src/app.o
                0x00000000080010bc                appSetPidInterval
 .text.appGetPidMinSumOfErrors
                0x0000000008001100       0x1c ./App/Src/app.o
                0x0000000008001100                appGetPidMinSumOfErrors
 .text.appSetPidMinSumOfErrors
                0x000000000800111c       0x1e ./App/Src/app.o
                0x000000000800111c                appSetPidMinSumOfErrors
 .text.appGetPidMaxSumOfErrors
                0x000000000800113a       0x1c ./App/Src/app.o
                0x000000000800113a                appGetPidMaxSumOfErrors
 .text.appSetPidMaxSumOfErrors
                0x0000000008001156       0x1e ./App/Src/app.o
                0x0000000008001156                appSetPidMaxSumOfErrors
 .text.appGetPidMinControlledVariable
                0x0000000008001174       0x1c ./App/Src/app.o
                0x0000000008001174                appGetPidMinControlledVariable
 .text.appSetPidMinControlledVariable
                0x0000000008001190       0x1e ./App/Src/app.o
                0x0000000008001190                appSetPidMinControlledVariable
 .text.appGetPidMaxControlledVariable
                0x00000000080011ae       0x1c ./App/Src/app.o
                0x00000000080011ae                appGetPidMaxControlledVariable
 .text.appSetPidMaxControlledVariable
                0x00000000080011ca       0x1e ./App/Src/app.o
                0x00000000080011ca                appSetPidMaxControlledVariable
 .text.appGetPidOffset
                0x00000000080011e8       0x20 ./App/Src/app.o
                0x00000000080011e8                appGetPidOffset
 .text.appSetPidOffset
                0x0000000008001208       0x22 ./App/Src/app.o
                0x0000000008001208                appSetPidOffset
 .text.appGetPidBias
                0x000000000800122a       0x20 ./App/Src/app.o
                0x000000000800122a                appGetPidBias
 .text.appSetPidBias
                0x000000000800124a       0x22 ./App/Src/app.o
                0x000000000800124a                appSetPidBias
 .text.appGetPidSetpoint
                0x000000000800126c       0x20 ./App/Src/app.o
                0x000000000800126c                appGetPidSetpoint
 .text.appSetPidSetpoint
                0x000000000800128c       0x58 ./App/Src/app.o
                0x000000000800128c                appSetPidSetpoint
 .text.appGetPidProcessVariable
                0x00000000080012e4       0x20 ./App/Src/app.o
                0x00000000080012e4                appGetPidProcessVariable
 .text.appSetPidProcessVariable
                0x0000000008001304       0x2a ./App/Src/app.o
                0x0000000008001304                appSetPidProcessVariable
 .text.appGetRunPidControllerStatus
                0x000000000800132e       0x1c ./App/Src/app.o
                0x000000000800132e                appGetRunPidControllerStatus
 .text.appSetRunPidControllerStatus
                0x000000000800134a       0x22 ./App/Src/app.o
                0x000000000800134a                appSetRunPidControllerStatus
 .text.appGetSamplingInterval
                0x000000000800136c       0x1c ./App/Src/app.o
                0x000000000800136c                appGetSamplingInterval
 .text.appSetSamplingInterval
                0x0000000008001388       0x2c ./App/Src/app.o
                0x0000000008001388                appSetSamplingInterval
 .text.appGetMovingAverageFilterWindow
                0x00000000080013b4       0x1c ./App/Src/app.o
                0x00000000080013b4                appGetMovingAverageFilterWindow
 .text.appSetMovingAverageFilterWindow
                0x00000000080013d0       0x22 ./App/Src/app.o
                0x00000000080013d0                appSetMovingAverageFilterWindow
 .text.appSetEnableSendKeepAliveMessage
                0x00000000080013f2       0x24 ./App/Src/app.o
                0x00000000080013f2                appSetEnableSendKeepAliveMessage
 .text.commInit
                0x0000000008001416       0x9a ./App/Src/comm.o
                0x0000000008001416                commInit
 .text.commTrySendData
                0x00000000080014b0       0x80 ./App/Src/comm.o
                0x00000000080014b0                commTrySendData
 .text.commSendCurrentConfigDataValues
                0x0000000008001530      0x380 ./App/Src/comm.o
                0x0000000008001530                commSendCurrentConfigDataValues
 .text.commSendCurrentPidSetpointValue
                0x00000000080018b0      0x118 ./App/Src/comm.o
                0x00000000080018b0                commSendCurrentPidSetpointValue
 .text.commSendKeepAliveMessage
                0x00000000080019c8       0xec ./App/Src/comm.o
                0x00000000080019c8                commSendKeepAliveMessage
 .text.commSendProcessVariable
                0x0000000008001ab4      0x10c ./App/Src/comm.o
                0x0000000008001ab4                commSendProcessVariable
 .text.commSetData
                0x0000000008001bc0       0x34 ./App/Src/comm.o
                0x0000000008001bc0                commSetData
 .text.commClearData
                0x0000000008001bf4       0x20 ./App/Src/comm.o
                0x0000000008001bf4                commClearData
 .text.commAppendReceivedByte
                0x0000000008001c14       0x22 ./App/Src/comm.o
                0x0000000008001c14                commAppendReceivedByte
 .text.commTryDecodeReceivedDataPacket
                0x0000000008001c36       0x1a ./App/Src/comm.o
                0x0000000008001c36                commTryDecodeReceivedDataPacket
 .text.commTryExtractCommandAndPayloadFromDecodedDataPacket
                0x0000000008001c50       0x76 ./App/Src/comm.o
                0x0000000008001c50                commTryExtractCommandAndPayloadFromDecodedDataPacket
 .text.commTryDecodeExtractedCommand
                0x0000000008001cc6       0x2e ./App/Src/comm.o
                0x0000000008001cc6                commTryDecodeExtractedCommand
 .text.commDecodeReceivedCommand
                0x0000000008001cf4      0x424 ./App/Src/comm.o
                0x0000000008001cf4                commDecodeReceivedCommand
 .text.commGetEnableSendProcessVariable
                0x0000000008002118       0x1a ./App/Src/comm.o
                0x0000000008002118                commGetEnableSendProcessVariable
 .text.commSetEnableSendProcessVariable
                0x0000000008002132       0x20 ./App/Src/comm.o
                0x0000000008002132                commSetEnableSendProcessVariable
 .text.commGetEnableSendCurrentConfigDataValues
                0x0000000008002152       0x1a ./App/Src/comm.o
                0x0000000008002152                commGetEnableSendCurrentConfigDataValues
 .text.commSetEnableSendCurrentConfigDataValues
                0x000000000800216c       0x20 ./App/Src/comm.o
                0x000000000800216c                commSetEnableSendCurrentConfigDataValues
 .text.commGetEnableSendCurrentPidSetpointValue
                0x000000000800218c       0x1a ./App/Src/comm.o
                0x000000000800218c                commGetEnableSendCurrentPidSetpointValue
 .text.commSetEnableSendCurrentPidSetpointValue
                0x00000000080021a6       0x20 ./App/Src/comm.o
                0x00000000080021a6                commSetEnableSendCurrentPidSetpointValue
 .text.commGetEnableSendKeepAliveMessage
                0x00000000080021c6       0x1a ./App/Src/comm.o
                0x00000000080021c6                commGetEnableSendKeepAliveMessage
 .text.commSetEnableSendKeepAliveMessage
                0x00000000080021e0       0x20 ./App/Src/comm.o
                0x00000000080021e0                commSetEnableSendKeepAliveMessage
 .text.commGetDecodeCommandStatus
                0x0000000008002200       0x1a ./App/Src/comm.o
                0x0000000008002200                commGetDecodeCommandStatus
 .text.commSetDecodeCommandStatus
                0x000000000800221a       0x20 ./App/Src/comm.o
                0x000000000800221a                commSetDecodeCommandStatus
 .text.commGetCommand
                0x000000000800223a       0x1a ./App/Src/comm.o
                0x000000000800223a                commGetCommand
 .text.commSetCommand
                0x0000000008002254       0x20 ./App/Src/comm.o
                0x0000000008002254                commSetCommand
 .text.commSetDataLenght
                0x0000000008002274       0x20 ./App/Src/comm.o
                0x0000000008002274                commSetDataLenght
 .text.controllerInit
                0x0000000008002294       0x88 ./App/Src/controller.o
                0x0000000008002294                controllerInit
 .text.controllerRunPidController
                0x000000000800231c       0x3e ./App/Src/controller.o
                0x000000000800231c                controllerRunPidController
 .text.controllerGetPidKp
                0x000000000800235a       0x1e ./App/Src/controller.o
                0x000000000800235a                controllerGetPidKp
 .text.controllerSetPidKp
                0x0000000008002378       0x20 ./App/Src/controller.o
                0x0000000008002378                controllerSetPidKp
 .text.controllerGetPidKi
                0x0000000008002398       0x1e ./App/Src/controller.o
                0x0000000008002398                controllerGetPidKi
 .text.controllerSetPidKi
                0x00000000080023b6       0x20 ./App/Src/controller.o
                0x00000000080023b6                controllerSetPidKi
 .text.controllerGetPidKd
                0x00000000080023d6       0x1e ./App/Src/controller.o
                0x00000000080023d6                controllerGetPidKd
 .text.controllerSetPidKd
                0x00000000080023f4       0x20 ./App/Src/controller.o
                0x00000000080023f4                controllerSetPidKd
 .text.controllerGetPidInterval
                0x0000000008002414       0x1e ./App/Src/controller.o
                0x0000000008002414                controllerGetPidInterval
 .text.controllerSetPidInterval
                0x0000000008002432       0x20 ./App/Src/controller.o
                0x0000000008002432                controllerSetPidInterval
 .text.controllerGetPidMinSumOfErrors
                0x0000000008002452       0x1a ./App/Src/controller.o
                0x0000000008002452                controllerGetPidMinSumOfErrors
 .text.controllerSetPidMinSumOfErrors
                0x000000000800246c       0x1c ./App/Src/controller.o
                0x000000000800246c                controllerSetPidMinSumOfErrors
 .text.controllerGetPidMaxSumOfErrors
                0x0000000008002488       0x1a ./App/Src/controller.o
                0x0000000008002488                controllerGetPidMaxSumOfErrors
 .text.controllerSetPidMaxSumOfErrors
                0x00000000080024a2       0x1c ./App/Src/controller.o
                0x00000000080024a2                controllerSetPidMaxSumOfErrors
 .text.controllerGetPidMinControlledVariable
                0x00000000080024be       0x1a ./App/Src/controller.o
                0x00000000080024be                controllerGetPidMinControlledVariable
 .text.controllerSetPidMinControlledVariable
                0x00000000080024d8       0x1c ./App/Src/controller.o
                0x00000000080024d8                controllerSetPidMinControlledVariable
 .text.controllerGetPidMaxControlledVariable
                0x00000000080024f4       0x1a ./App/Src/controller.o
                0x00000000080024f4                controllerGetPidMaxControlledVariable
 .text.controllerSetPidMaxControlledVariable
                0x000000000800250e       0x1c ./App/Src/controller.o
                0x000000000800250e                controllerSetPidMaxControlledVariable
 .text.controllerGetPidOffset
                0x000000000800252a       0x1e ./App/Src/controller.o
                0x000000000800252a                controllerGetPidOffset
 .text.controllerSetPidOffset
                0x0000000008002548       0x20 ./App/Src/controller.o
                0x0000000008002548                controllerSetPidOffset
 .text.controllerGetPidBias
                0x0000000008002568       0x1e ./App/Src/controller.o
                0x0000000008002568                controllerGetPidBias
 .text.controllerSetPidBias
                0x0000000008002586       0x20 ./App/Src/controller.o
                0x0000000008002586                controllerSetPidBias
 .text.controllerGetPidSetpoint
                0x00000000080025a6       0x1e ./App/Src/controller.o
                0x00000000080025a6                controllerGetPidSetpoint
 .text.controllerSetPidSetpoint
                0x00000000080025c4       0x20 ./App/Src/controller.o
                0x00000000080025c4                controllerSetPidSetpoint
 .text.controllerGetPidProcessVariable
                0x00000000080025e4       0x1e ./App/Src/controller.o
                0x00000000080025e4                controllerGetPidProcessVariable
 .text.controllerSetPidProcessVariable
                0x0000000008002602       0x20 ./App/Src/controller.o
                0x0000000008002602                controllerSetPidProcessVariable
 .text.controllerGetRunPidControllerStatus
                0x0000000008002622       0x1a ./App/Src/controller.o
                0x0000000008002622                controllerGetRunPidControllerStatus
 .text.controllerSetRunPidControllerStatus
                0x000000000800263c       0x3a ./App/Src/controller.o
                0x000000000800263c                controllerSetRunPidControllerStatus
 .text.controllerGetSamplingInterval
                0x0000000008002676       0x1a ./App/Src/controller.o
                0x0000000008002676                controllerGetSamplingInterval
 .text.controllerSetSamplingInterval
                0x0000000008002690       0x20 ./App/Src/controller.o
                0x0000000008002690                controllerSetSamplingInterval
 .text.HAL_TIM_PeriodElapsedCallback
                0x00000000080026b0       0x80 ./Core/Src/main.o
                0x00000000080026b0                HAL_TIM_PeriodElapsedCallback
 .text.HAL_UART_RxCpltCallback
                0x0000000008002730       0x40 ./Core/Src/main.o
                0x0000000008002730                HAL_UART_RxCpltCallback
 .text.main     0x0000000008002770      0x210 ./Core/Src/main.o
                0x0000000008002770                main
 .text.SystemClock_Config
                0x0000000008002980       0xe4 ./Core/Src/main.o
                0x0000000008002980                SystemClock_Config
 .text.MX_ADC1_Init
                0x0000000008002a64       0xa4 ./Core/Src/main.o
 .text.MX_DAC_Init
                0x0000000008002b08       0x54 ./Core/Src/main.o
 .text.MX_TIM9_Init
                0x0000000008002b5c       0x74 ./Core/Src/main.o
 .text.MX_USART2_UART_Init
                0x0000000008002bd0       0x54 ./Core/Src/main.o
 .text.MX_USART3_UART_Init
                0x0000000008002c24       0x54 ./Core/Src/main.o
 .text.MX_GPIO_Init
                0x0000000008002c78       0xa4 ./Core/Src/main.o
 .text.Error_Handler
                0x0000000008002d1c        0xa ./Core/Src/main.o
                0x0000000008002d1c                Error_Handler
 *fill*         0x0000000008002d26        0x2 
 .text.HAL_MspInit
                0x0000000008002d28       0x50 ./Core/Src/stm32f4xx_hal_msp.o
                0x0000000008002d28                HAL_MspInit
 .text.HAL_ADC_MspInit
                0x0000000008002d78       0x88 ./Core/Src/stm32f4xx_hal_msp.o
                0x0000000008002d78                HAL_ADC_MspInit
 .text.HAL_DAC_MspInit
                0x0000000008002e00       0x88 ./Core/Src/stm32f4xx_hal_msp.o
                0x0000000008002e00                HAL_DAC_MspInit
 .text.HAL_TIM_Base_MspInit
                0x0000000008002e88       0x50 ./Core/Src/stm32f4xx_hal_msp.o
                0x0000000008002e88                HAL_TIM_Base_MspInit
 .text.HAL_UART_MspInit
                0x0000000008002ed8      0x10c ./Core/Src/stm32f4xx_hal_msp.o
                0x0000000008002ed8                HAL_UART_MspInit
 .text.NMI_Handler
                0x0000000008002fe4        0x6 ./Core/Src/stm32f4xx_it.o
                0x0000000008002fe4                NMI_Handler
 .text.HardFault_Handler
                0x0000000008002fea        0x6 ./Core/Src/stm32f4xx_it.o
                0x0000000008002fea                HardFault_Handler
 .text.MemManage_Handler
                0x0000000008002ff0        0x6 ./Core/Src/stm32f4xx_it.o
                0x0000000008002ff0                MemManage_Handler
 .text.BusFault_Handler
                0x0000000008002ff6        0x6 ./Core/Src/stm32f4xx_it.o
                0x0000000008002ff6                BusFault_Handler
 .text.UsageFault_Handler
                0x0000000008002ffc        0x6 ./Core/Src/stm32f4xx_it.o
                0x0000000008002ffc                UsageFault_Handler
 .text.SVC_Handler
                0x0000000008003002        0xe ./Core/Src/stm32f4xx_it.o
                0x0000000008003002                SVC_Handler
 .text.DebugMon_Handler
                0x0000000008003010        0xe ./Core/Src/stm32f4xx_it.o
                0x0000000008003010                DebugMon_Handler
 .text.PendSV_Handler
                0x000000000800301e        0xe ./Core/Src/stm32f4xx_it.o
                0x000000000800301e                PendSV_Handler
 .text.SysTick_Handler
                0x000000000800302c        0xc ./Core/Src/stm32f4xx_it.o
                0x000000000800302c                SysTick_Handler
 .text.TIM1_BRK_TIM9_IRQHandler
                0x0000000008003038       0x14 ./Core/Src/stm32f4xx_it.o
                0x0000000008003038                TIM1_BRK_TIM9_IRQHandler
 .text.USART2_IRQHandler
                0x000000000800304c       0x14 ./Core/Src/stm32f4xx_it.o
                0x000000000800304c                USART2_IRQHandler
 .text.SystemInit
                0x0000000008003060       0x24 ./Core/Src/system_stm32f4xx.o
                0x0000000008003060                SystemInit
 .text.Reset_Handler
                0x0000000008003084       0x50 ./Core/Startup/startup_stm32f446retx.o
                0x0000000008003084                Reset_Handler
 .text.Default_Handler
                0x00000000080030d4        0x2 ./Core/Startup/startup_stm32f446retx.o
                0x00000000080030d4                RTC_Alarm_IRQHandler
                0x00000000080030d4                EXTI2_IRQHandler
                0x00000000080030d4                TIM8_CC_IRQHandler
                0x00000000080030d4                FMPI2C1_EV_IRQHandler
                0x00000000080030d4                SPI4_IRQHandler
                0x00000000080030d4                TIM1_CC_IRQHandler
                0x00000000080030d4                DMA2_Stream5_IRQHandler
                0x00000000080030d4                DMA1_Stream5_IRQHandler
                0x00000000080030d4                PVD_IRQHandler
                0x00000000080030d4                SDIO_IRQHandler
                0x00000000080030d4                TAMP_STAMP_IRQHandler
                0x00000000080030d4                CAN2_RX1_IRQHandler
                0x00000000080030d4                EXTI3_IRQHandler
                0x00000000080030d4                TIM8_TRG_COM_TIM14_IRQHandler
                0x00000000080030d4                TIM1_UP_TIM10_IRQHandler
                0x00000000080030d4                TIM8_UP_TIM13_IRQHandler
                0x00000000080030d4                I2C3_ER_IRQHandler
                0x00000000080030d4                EXTI0_IRQHandler
                0x00000000080030d4                I2C2_EV_IRQHandler
                0x00000000080030d4                DMA1_Stream2_IRQHandler
                0x00000000080030d4                CAN1_RX0_IRQHandler
                0x00000000080030d4                FPU_IRQHandler
                0x00000000080030d4                OTG_HS_WKUP_IRQHandler
                0x00000000080030d4                CAN2_SCE_IRQHandler
                0x00000000080030d4                DMA2_Stream2_IRQHandler
                0x00000000080030d4                SPI1_IRQHandler
                0x00000000080030d4                TIM6_DAC_IRQHandler
                0x00000000080030d4                DCMI_IRQHandler
                0x00000000080030d4                CAN2_RX0_IRQHandler
                0x00000000080030d4                DMA2_Stream3_IRQHandler
                0x00000000080030d4                SAI2_IRQHandler
                0x00000000080030d4                USART6_IRQHandler
                0x00000000080030d4                USART3_IRQHandler
                0x00000000080030d4                CAN1_RX1_IRQHandler
                0x00000000080030d4                UART5_IRQHandler
                0x00000000080030d4                DMA2_Stream0_IRQHandler
                0x00000000080030d4                TIM4_IRQHandler
                0x00000000080030d4                QUADSPI_IRQHandler
                0x00000000080030d4                I2C1_EV_IRQHandler
                0x00000000080030d4                DMA1_Stream6_IRQHandler
                0x00000000080030d4                DMA1_Stream1_IRQHandler
                0x00000000080030d4                UART4_IRQHandler
                0x00000000080030d4                TIM3_IRQHandler
                0x00000000080030d4                RCC_IRQHandler
                0x00000000080030d4                TIM8_BRK_TIM12_IRQHandler
                0x00000000080030d4                Default_Handler
                0x00000000080030d4                CEC_IRQHandler
                0x00000000080030d4                EXTI15_10_IRQHandler
                0x00000000080030d4                ADC_IRQHandler
                0x00000000080030d4                DMA1_Stream7_IRQHandler
                0x00000000080030d4                TIM7_IRQHandler
                0x00000000080030d4                CAN2_TX_IRQHandler
                0x00000000080030d4                TIM5_IRQHandler
                0x00000000080030d4                DMA2_Stream7_IRQHandler
                0x00000000080030d4                I2C3_EV_IRQHandler
                0x00000000080030d4                EXTI9_5_IRQHandler
                0x00000000080030d4                RTC_WKUP_IRQHandler
                0x00000000080030d4                SPDIF_RX_IRQHandler
                0x00000000080030d4                SPI2_IRQHandler
                0x00000000080030d4                OTG_HS_EP1_IN_IRQHandler
                0x00000000080030d4                DMA1_Stream0_IRQHandler
                0x00000000080030d4                CAN1_TX_IRQHandler
                0x00000000080030d4                FMPI2C1_ER_IRQHandler
                0x00000000080030d4                EXTI4_IRQHandler
                0x00000000080030d4                OTG_HS_EP1_OUT_IRQHandler
                0x00000000080030d4                WWDG_IRQHandler
                0x00000000080030d4                TIM2_IRQHandler
                0x00000000080030d4                OTG_FS_WKUP_IRQHandler
                0x00000000080030d4                TIM1_TRG_COM_TIM11_IRQHandler
                0x00000000080030d4                OTG_HS_IRQHandler
                0x00000000080030d4                EXTI1_IRQHandler
                0x00000000080030d4                I2C2_ER_IRQHandler
                0x00000000080030d4                DMA2_Stream1_IRQHandler
                0x00000000080030d4                CAN1_SCE_IRQHandler
                0x00000000080030d4                FLASH_IRQHandler
                0x00000000080030d4                DMA2_Stream4_IRQHandler
                0x00000000080030d4                USART1_IRQHandler
                0x00000000080030d4                OTG_FS_IRQHandler
                0x00000000080030d4                SPI3_IRQHandler
                0x00000000080030d4                DMA1_Stream4_IRQHandler
                0x00000000080030d4                I2C1_ER_IRQHandler
                0x00000000080030d4                FMC_IRQHandler
                0x00000000080030d4                DMA2_Stream6_IRQHandler
                0x00000000080030d4                SAI1_IRQHandler
                0x00000000080030d4                DMA1_Stream3_IRQHandler
 .text.genCrc   0x00000000080030d6       0x4a ./DataPacket/Src/crc8.o
                0x00000000080030d6                genCrc
 .text.calcCrc8
                0x0000000008003120       0x40 ./DataPacket/Src/crc8.o
 .text.dataPacketRxInit
                0x0000000008003160       0x7c ./DataPacket/Src/dataPacketRx.o
                0x0000000008003160                dataPacketRxInit
 .text.dataPacketRxAppend
                0x00000000080031dc       0x66 ./DataPacket/Src/dataPacketRx.o
                0x00000000080031dc                dataPacketRxAppend
 .text.dataPacketRxDecode
                0x0000000008003242      0x186 ./DataPacket/Src/dataPacketRx.o
                0x0000000008003242                dataPacketRxDecode
 .text.dataPacketRxClear
                0x00000000080033c8       0x68 ./DataPacket/Src/dataPacketRx.o
                0x00000000080033c8                dataPacketRxClear
 .text.dataPacketRxSetCommand
                0x0000000008003430       0x34 ./DataPacket/Src/dataPacketRx.o
                0x0000000008003430                dataPacketRxSetCommand
 .text.dataPacketRxGetCommand
                0x0000000008003464       0x18 ./DataPacket/Src/dataPacketRx.o
                0x0000000008003464                dataPacketRxGetCommand
 .text.dataPacketRxSetPayloadData
                0x000000000800347c       0x32 ./DataPacket/Src/dataPacketRx.o
                0x000000000800347c                dataPacketRxSetPayloadData
 .text.dataPacketRxGetPayloadData
                0x00000000080034ae       0x18 ./DataPacket/Src/dataPacketRx.o
                0x00000000080034ae                dataPacketRxGetPayloadData
 .text.dataPacketRxGetPayloadDataLength
                0x00000000080034c6       0x18 ./DataPacket/Src/dataPacketRx.o
                0x00000000080034c6                dataPacketRxGetPayloadDataLength
 .text.dataPacketRxGetDataPacketStatus
                0x00000000080034de       0x1a ./DataPacket/Src/dataPacketRx.o
                0x00000000080034de                dataPacketRxGetDataPacketStatus
 .text.dataPacketTxInit
                0x00000000080034f8       0x64 ./DataPacket/Src/dataPacketTx.o
                0x00000000080034f8                dataPacketTxInit
 .text.dataPacketTxMount
                0x000000000800355c       0x9c ./DataPacket/Src/dataPacketTx.o
                0x000000000800355c                dataPacketTxMount
 .text.dataPacketTxUartSend
                0x00000000080035f8       0x42 ./DataPacket/Src/dataPacketTx.o
                0x00000000080035f8                dataPacketTxUartSend
 .text.dataPacketTxClear
                0x000000000800363a       0x3c ./DataPacket/Src/dataPacketTx.o
                0x000000000800363a                dataPacketTxClear
 .text.dataPacketTxPayloadDataClear
                0x0000000008003676       0x3c ./DataPacket/Src/dataPacketTx.o
                0x0000000008003676                dataPacketTxPayloadDataClear
 .text.dataPacketTxSetCommand
                0x00000000080036b2       0x34 ./DataPacket/Src/dataPacketTx.o
                0x00000000080036b2                dataPacketTxSetCommand
 .text.dataPacketTxSetPayloadData
                0x00000000080036e6       0x32 ./DataPacket/Src/dataPacketTx.o
                0x00000000080036e6                dataPacketTxSetPayloadData
 .text.HAL_Init
                0x0000000008003718       0x44 ./Drivers/STM32F4xx_HAL_Driver/Src/stm32f4xx_hal.o
                0x0000000008003718                HAL_Init
 .text.HAL_InitTick
                0x000000000800375c       0x60 ./Drivers/STM32F4xx_HAL_Driver/Src/stm32f4xx_hal.o
                0x000000000800375c                HAL_InitTick
 .text.HAL_IncTick
                0x00000000080037bc       0x28 ./Drivers/STM32F4xx_HAL_Driver/Src/stm32f4xx_hal.o
                0x00000000080037bc                HAL_IncTick
 .text.HAL_GetTick
                0x00000000080037e4       0x18 ./Drivers/STM32F4xx_HAL_Driver/Src/stm32f4xx_hal.o
                0x00000000080037e4                HAL_GetTick
 .text.HAL_ADC_Init
                0x00000000080037fc       0x86 ./Drivers/STM32F4xx_HAL_Driver/Src/stm32f4xx_hal_adc.o
                0x00000000080037fc                HAL_ADC_Init
 *fill*         0x0000000008003882        0x2 
 .text.HAL_ADC_Start
                0x0000000008003884      0x1a4 ./Drivers/STM32F4xx_HAL_Driver/Src/stm32f4xx_hal_adc.o
                0x0000000008003884                HAL_ADC_Start
 .text.HAL_ADC_Stop
                0x0000000008003a28       0x66 ./Drivers/STM32F4xx_HAL_Driver/Src/stm32f4xx_hal_adc.o
                0x0000000008003a28                HAL_ADC_Stop
 .text.HAL_ADC_PollForConversion
                0x0000000008003a8e      0x116 ./Drivers/STM32F4xx_HAL_Driver/Src/stm32f4xx_hal_adc.o
                0x0000000008003a8e                HAL_ADC_PollForConversion
 .text.HAL_ADC_GetValue
                0x0000000008003ba4       0x1a ./Drivers/STM32F4xx_HAL_Driver/Src/stm32f4xx_hal_adc.o
                0x0000000008003ba4                HAL_ADC_GetValue
 *fill*         0x0000000008003bbe        0x2 
 .text.HAL_ADC_ConfigChannel
                0x0000000008003bc0      0x264 ./Drivers/STM32F4xx_HAL_Driver/Src/stm32f4xx_hal_adc.o
                0x0000000008003bc0                HAL_ADC_ConfigChannel
 .text.ADC_Init
                0x0000000008003e24      0x1f8 ./Drivers/STM32F4xx_HAL_Driver/Src/stm32f4xx_hal_adc.o
 .text.__NVIC_SetPriorityGrouping
                0x000000000800401c       0x48 ./Drivers/STM32F4xx_HAL_Driver/Src/stm32f4xx_hal_cortex.o
 .text.__NVIC_GetPriorityGrouping
                0x0000000008004064       0x1c ./Drivers/STM32F4xx_HAL_Driver/Src/stm32f4xx_hal_cortex.o
 .text.__NVIC_EnableIRQ
                0x0000000008004080       0x3c ./Drivers/STM32F4xx_HAL_Driver/Src/stm32f4xx_hal_cortex.o
 .text.__NVIC_SetPriority
                0x00000000080040bc       0x54 ./Drivers/STM32F4xx_HAL_Driver/Src/stm32f4xx_hal_cortex.o
 .text.NVIC_EncodePriority
                0x0000000008004110       0x66 ./Drivers/STM32F4xx_HAL_Driver/Src/stm32f4xx_hal_cortex.o
 *fill*         0x0000000008004176        0x2 
 .text.SysTick_Config
                0x0000000008004178       0x44 ./Drivers/STM32F4xx_HAL_Driver/Src/stm32f4xx_hal_cortex.o
 .text.HAL_NVIC_SetPriorityGrouping
                0x00000000080041bc       0x16 ./Drivers/STM32F4xx_HAL_Driver/Src/stm32f4xx_hal_cortex.o
                0x00000000080041bc                HAL_NVIC_SetPriorityGrouping
 .text.HAL_NVIC_SetPriority
                0x00000000080041d2       0x38 ./Drivers/STM32F4xx_HAL_Driver/Src/stm32f4xx_hal_cortex.o
                0x00000000080041d2                HAL_NVIC_SetPriority
 .text.HAL_NVIC_EnableIRQ
                0x000000000800420a       0x1c ./Drivers/STM32F4xx_HAL_Driver/Src/stm32f4xx_hal_cortex.o
                0x000000000800420a                HAL_NVIC_EnableIRQ
 .text.HAL_SYSTICK_Config
                0x0000000008004226       0x18 ./Drivers/STM32F4xx_HAL_Driver/Src/stm32f4xx_hal_cortex.o
                0x0000000008004226                HAL_SYSTICK_Config
 .text.HAL_DAC_Init
                0x000000000800423e       0x44 ./Drivers/STM32F4xx_HAL_Driver/Src/stm32f4xx_hal_dac.o
                0x000000000800423e                HAL_DAC_Init
 .text.HAL_DAC_Start
                0x0000000008004282       0xa4 ./Drivers/STM32F4xx_HAL_Driver/Src/stm32f4xx_hal_dac.o
                0x0000000008004282                HAL_DAC_Start
 .text.HAL_DAC_SetValue
                0x0000000008004326       0x4a ./Drivers/STM32F4xx_HAL_Driver/Src/stm32f4xx_hal_dac.o
                0x0000000008004326                HAL_DAC_SetValue
 .text.HAL_DAC_ConfigChannel
                0x0000000008004370       0x9e ./Drivers/STM32F4xx_HAL_Driver/Src/stm32f4xx_hal_dac.o
                0x0000000008004370                HAL_DAC_ConfigChannel
 .text.HAL_DMA_Abort
                0x000000000800440e       0xe0 ./Drivers/STM32F4xx_HAL_Driver/Src/stm32f4xx_hal_dma.o
                0x000000000800440e                HAL_DMA_Abort
 .text.HAL_DMA_Abort_IT
                0x00000000080044ee       0x44 ./Drivers/STM32F4xx_HAL_Driver/Src/stm32f4xx_hal_dma.o
                0x00000000080044ee                HAL_DMA_Abort_IT
 *fill*         0x0000000008004532        0x2 
 .text.HAL_GPIO_Init
                0x0000000008004534      0x328 ./Drivers/STM32F4xx_HAL_Driver/Src/stm32f4xx_hal_gpio.o
                0x0000000008004534                HAL_GPIO_Init
 .text.HAL_GPIO_WritePin
                0x000000000800485c       0x32 ./Drivers/STM32F4xx_HAL_Driver/Src/stm32f4xx_hal_gpio.o
                0x000000000800485c                HAL_GPIO_WritePin
 .text.HAL_GPIO_TogglePin
                0x000000000800488e       0x34 ./Drivers/STM32F4xx_HAL_Driver/Src/stm32f4xx_hal_gpio.o
                0x000000000800488e                HAL_GPIO_TogglePin
 *fill*         0x00000000080048c2        0x2 
 .text.HAL_PWREx_EnableOverDrive
                0x00000000080048c4       0xa0 ./Drivers/STM32F4xx_HAL_Driver/Src/stm32f4xx_hal_pwr_ex.o
                0x00000000080048c4                HAL_PWREx_EnableOverDrive
 .text.HAL_RCC_ClockConfig
                0x0000000008004964      0x1cc ./Drivers/STM32F4xx_HAL_Driver/Src/stm32f4xx_hal_rcc.o
                0x0000000008004964                HAL_RCC_ClockConfig
 .text.HAL_RCC_GetHCLKFreq
                0x0000000008004b30       0x18 ./Drivers/STM32F4xx_HAL_Driver/Src/stm32f4xx_hal_rcc.o
                0x0000000008004b30                HAL_RCC_GetHCLKFreq
 .text.HAL_RCC_GetPCLK1Freq
                0x0000000008004b48       0x28 ./Drivers/STM32F4xx_HAL_Driver/Src/stm32f4xx_hal_rcc.o
                0x0000000008004b48                HAL_RCC_GetPCLK1Freq
 .text.HAL_RCC_GetPCLK2Freq
                0x0000000008004b70       0x28 ./Drivers/STM32F4xx_HAL_Driver/Src/stm32f4xx_hal_rcc.o
                0x0000000008004b70                HAL_RCC_GetPCLK2Freq
 .text.HAL_RCC_GetSysClockFreq
                0x0000000008004b98      0x354 ./Drivers/STM32F4xx_HAL_Driver/Src/stm32f4xx_hal_rcc_ex.o
                0x0000000008004b98                HAL_RCC_GetSysClockFreq
 .text.HAL_RCC_OscConfig
                0x0000000008004eec      0x53c ./Drivers/STM32F4xx_HAL_Driver/Src/stm32f4xx_hal_rcc_ex.o
                0x0000000008004eec                HAL_RCC_OscConfig
 .text.HAL_TIM_Base_Init
                0x0000000008005428       0x9e ./Drivers/STM32F4xx_HAL_Driver/Src/stm32f4xx_hal_tim.o
                0x0000000008005428                HAL_TIM_Base_Init
 *fill*         0x00000000080054c6        0x2 
 .text.HAL_TIM_Base_Start_IT
                0x00000000080054c8       0xe0 ./Drivers/STM32F4xx_HAL_Driver/Src/stm32f4xx_hal_tim.o
                0x00000000080054c8                HAL_TIM_Base_Start_IT
 .text.HAL_TIM_IRQHandler
                0x00000000080055a8      0x210 ./Drivers/STM32F4xx_HAL_Driver/Src/stm32f4xx_hal_tim.o
                0x00000000080055a8                HAL_TIM_IRQHandler
 .text.HAL_TIM_ConfigClockSource
                0x00000000080057b8      0x18e ./Drivers/STM32F4xx_HAL_Driver/Src/stm32f4xx_hal_tim.o
                0x00000000080057b8                HAL_TIM_ConfigClockSource
 .text.HAL_TIM_OC_DelayElapsedCallback
                0x0000000008005946       0x14 ./Drivers/STM32F4xx_HAL_Driver/Src/stm32f4xx_hal_tim.o
                0x0000000008005946                HAL_TIM_OC_DelayElapsedCallback
 .text.HAL_TIM_IC_CaptureCallback
                0x000000000800595a       0x14 ./Drivers/STM32F4xx_HAL_Driver/Src/stm32f4xx_hal_tim.o
                0x000000000800595a                HAL_TIM_IC_CaptureCallback
 .text.HAL_TIM_PWM_PulseFinishedCallback
                0x000000000800596e       0x14 ./Drivers/STM32F4xx_HAL_Driver/Src/stm32f4xx_hal_tim.o
                0x000000000800596e                HAL_TIM_PWM_PulseFinishedCallback
 .text.HAL_TIM_TriggerCallback
                0x0000000008005982       0x14 ./Drivers/STM32F4xx_HAL_Driver/Src/stm32f4xx_hal_tim.o
                0x0000000008005982                HAL_TIM_TriggerCallback
 *fill*         0x0000000008005996        0x2 
 .text.TIM_Base_SetConfig
                0x0000000008005998      0x140 ./Drivers/STM32F4xx_HAL_Driver/Src/stm32f4xx_hal_tim.o
                0x0000000008005998                TIM_Base_SetConfig
 .text.TIM_TI1_ConfigInputStage
                0x0000000008005ad8       0x5e ./Drivers/STM32F4xx_HAL_Driver/Src/stm32f4xx_hal_tim.o
 .text.TIM_TI2_ConfigInputStage
                0x0000000008005b36       0x60 ./Drivers/STM32F4xx_HAL_Driver/Src/stm32f4xx_hal_tim.o
 .text.TIM_ITRx_SetConfig
                0x0000000008005b96       0x36 ./Drivers/STM32F4xx_HAL_Driver/Src/stm32f4xx_hal_tim.o
 .text.TIM_ETR_SetConfig
                0x0000000008005bcc       0x40 ./Drivers/STM32F4xx_HAL_Driver/Src/stm32f4xx_hal_tim.o
                0x0000000008005bcc                TIM_ETR_SetConfig
 .text.HAL_TIMEx_CommutCallback
                0x0000000008005c0c       0x14 ./Drivers/STM32F4xx_HAL_Driver/Src/stm32f4xx_hal_tim_ex.o
                0x0000000008005c0c                HAL_TIMEx_CommutCallback
 .text.HAL_TIMEx_BreakCallback
                0x0000000008005c20       0x14 ./Drivers/STM32F4xx_HAL_Driver/Src/stm32f4xx_hal_tim_ex.o
                0x0000000008005c20                HAL_TIMEx_BreakCallback
 .text.HAL_UART_Init
                0x0000000008005c34       0x9a ./Drivers/STM32F4xx_HAL_Driver/Src/stm32f4xx_hal_uart.o
                0x0000000008005c34                HAL_UART_Init
 .text.HAL_UART_Transmit
                0x0000000008005cce      0x124 ./Drivers/STM32F4xx_HAL_Driver/Src/stm32f4xx_hal_uart.o
                0x0000000008005cce                HAL_UART_Transmit
 .text.HAL_UART_Receive_IT
                0x0000000008005df2       0x60 ./Drivers/STM32F4xx_HAL_Driver/Src/stm32f4xx_hal_uart.o
                0x0000000008005df2                HAL_UART_Receive_IT
 *fill*         0x0000000008005e52        0x2 
 .text.HAL_UART_IRQHandler
                0x0000000008005e54      0x51c ./Drivers/STM32F4xx_HAL_Driver/Src/stm32f4xx_hal_uart.o
                0x0000000008005e54                HAL_UART_IRQHandler
 .text.HAL_UART_TxCpltCallback
                0x0000000008006370       0x14 ./Drivers/STM32F4xx_HAL_Driver/Src/stm32f4xx_hal_uart.o
                0x0000000008006370                HAL_UART_TxCpltCallback
 .text.HAL_UART_ErrorCallback
                0x0000000008006384       0x14 ./Drivers/STM32F4xx_HAL_Driver/Src/stm32f4xx_hal_uart.o
                0x0000000008006384                HAL_UART_ErrorCallback
 .text.HAL_UARTEx_RxEventCallback
                0x0000000008006398       0x18 ./Drivers/STM32F4xx_HAL_Driver/Src/stm32f4xx_hal_uart.o
                0x0000000008006398                HAL_UARTEx_RxEventCallback
 .text.UART_WaitOnFlagUntilTimeout
                0x00000000080063b0       0xdc ./Drivers/STM32F4xx_HAL_Driver/Src/stm32f4xx_hal_uart.o
 .text.UART_Start_Receive_IT
                0x000000000800648c       0x7c ./Drivers/STM32F4xx_HAL_Driver/Src/stm32f4xx_hal_uart.o
                0x000000000800648c                UART_Start_Receive_IT
 .text.UART_EndRxTransfer
                0x0000000008006508       0xc6 ./Drivers/STM32F4xx_HAL_Driver/Src/stm32f4xx_hal_uart.o
 .text.UART_DMAAbortOnError
                0x00000000080065ce       0x28 ./Drivers/STM32F4xx_HAL_Driver/Src/stm32f4xx_hal_uart.o
 .text.UART_Transmit_IT
                0x00000000080065f6       0xa0 ./Drivers/STM32F4xx_HAL_Driver/Src/stm32f4xx_hal_uart.o
 .text.UART_EndTransmit_IT
                0x0000000008006696       0x30 ./Drivers/STM32F4xx_HAL_Driver/Src/stm32f4xx_hal_uart.o
 .text.UART_Receive_IT
                0x00000000080066c6      0x176 ./Drivers/STM32F4xx_HAL_Driver/Src/stm32f4xx_hal_uart.o
 .text.UART_SetConfig
                0x000000000800683c      0x4e8 ./Drivers/STM32F4xx_HAL_Driver/Src/stm32f4xx_hal_uart.o
 .text.movingAverageInit
                0x0000000008006d24       0x40 ./Dsp/Src/movingAverage.o
                0x0000000008006d24                movingAverageInit
 .text.movingAverageAddValue
                0x0000000008006d64       0x76 ./Dsp/Src/movingAverage.o
                0x0000000008006d64                movingAverageAddValue
 .text.movingAverageGetMean
                0x0000000008006dda       0x1a ./Dsp/Src/movingAverage.o
                0x0000000008006dda                movingAverageGetMean
 .text.movingAverageGetWindow
                0x0000000008006df4       0x18 ./Dsp/Src/movingAverage.o
                0x0000000008006df4                movingAverageGetWindow
 .text.movingAverageSetWindow
                0x0000000008006e0c       0x2c ./Dsp/Src/movingAverage.o
                0x0000000008006e0c                movingAverageSetWindow
 .text.pidInit  0x0000000008006e38       0xb4 ./Pid/Src/pid.o
                0x0000000008006e38                pidInit
 .text.pidCompute
                0x0000000008006eec      0x212 ./Pid/Src/pid.o
                0x0000000008006eec                pidCompute
 .text.pidClearParameters
                0x00000000080070fe       0x44 ./Pid/Src/pid.o
                0x00000000080070fe                pidClearParameters
 .text.pidGetKp
                0x0000000008007142       0x1e ./Pid/Src/pid.o
                0x0000000008007142                pidGetKp
 .text.pidSetKp
                0x0000000008007160       0x1e ./Pid/Src/pid.o
                0x0000000008007160                pidSetKp
 .text.pidGetKi
                0x000000000800717e       0x1e ./Pid/Src/pid.o
                0x000000000800717e                pidGetKi
 .text.pidSetKi
                0x000000000800719c       0x1e ./Pid/Src/pid.o
                0x000000000800719c                pidSetKi
 .text.pidGetKd
                0x00000000080071ba       0x1e ./Pid/Src/pid.o
                0x00000000080071ba                pidGetKd
 .text.pidSetKd
                0x00000000080071d8       0x1e ./Pid/Src/pid.o
                0x00000000080071d8                pidSetKd
 .text.pidGetInterval
                0x00000000080071f6       0x1e ./Pid/Src/pid.o
                0x00000000080071f6                pidGetInterval
 .text.pidSetInterval
                0x0000000008007214       0x1e ./Pid/Src/pid.o
                0x0000000008007214                pidSetInterval
 .text.pidGetSetpoint
                0x0000000008007232       0x1e ./Pid/Src/pid.o
                0x0000000008007232                pidGetSetpoint
 .text.pidSetSetpoint
                0x0000000008007250       0x1e ./Pid/Src/pid.o
                0x0000000008007250                pidSetSetpoint
 .text.pidGetProcessVariable
                0x000000000800726e       0x1e ./Pid/Src/pid.o
                0x000000000800726e                pidGetProcessVariable
 .text.pidSetProcessVariable
                0x000000000800728c       0x2c ./Pid/Src/pid.o
                0x000000000800728c                pidSetProcessVariable
 .text.pidGetControlledVariable
                0x00000000080072b8       0x1e ./Pid/Src/pid.o
                0x00000000080072b8                pidGetControlledVariable
 .text.pidGetOffset
                0x00000000080072d6       0x1e ./Pid/Src/pid.o
                0x00000000080072d6                pidGetOffset
 .text.pidSetOffset
                0x00000000080072f4       0x1e ./Pid/Src/pid.o
                0x00000000080072f4                pidSetOffset
 .text.pidGetBias
                0x0000000008007312       0x1e ./Pid/Src/pid.o
                0x0000000008007312                pidGetBias
 .text.pidSetBias
                0x0000000008007330       0x1e ./Pid/Src/pid.o
                0x0000000008007330                pidSetBias
 .text.pidGetMinSumOfErrors
                0x000000000800734e       0x18 ./Pid/Src/pid.o
                0x000000000800734e                pidGetMinSumOfErrors
 *fill*         0x0000000008007366        0x2 
 .text.pidSetMinSumOfErrors
                0x0000000008007368       0x40 ./Pid/Src/pid.o
                0x0000000008007368                pidSetMinSumOfErrors
 .text.pidGetMaxSumOfErrors
                0x00000000080073a8       0x18 ./Pid/Src/pid.o
                0x00000000080073a8                pidGetMaxSumOfErrors
 .text.pidSetMaxSumOfErrors
                0x00000000080073c0       0x40 ./Pid/Src/pid.o
                0x00000000080073c0                pidSetMaxSumOfErrors
 .text.pidGetMinControlledVariable
                0x0000000008007400       0x18 ./Pid/Src/pid.o
                0x0000000008007400                pidGetMinControlledVariable
 .text.pidSetMinControlledVariable
                0x0000000008007418       0x36 ./Pid/Src/pid.o
                0x0000000008007418                pidSetMinControlledVariable
 .text.pidGetMaxControlledVariable
                0x000000000800744e       0x18 ./Pid/Src/pid.o
                0x000000000800744e                pidGetMaxControlledVariable
 .text.pidSetMaxControlledVariable
                0x0000000008007466       0x36 ./Pid/Src/pid.o
                0x0000000008007466                pidSetMaxControlledVariable
 .text.__libc_init_array
                0x000000000800749c       0x48 c:/st/stm32cubeide_1.9.0/stm32cubeide/plugins/com.st.stm32cube.ide.mcu.externaltools.gnu-tools-for-stm32.10.3-2021.10.win32_1.0.0.202111181127/tools/bin/../lib/gcc/arm-none-eabi/10.3.1/../../../../arm-none-eabi/lib/thumb/v7e-m+fp/hard\libc_nano.a(lib_a-init.o)
                0x000000000800749c                __libc_init_array
 .text.memcpy   0x00000000080074e4       0x1c c:/st/stm32cubeide_1.9.0/stm32cubeide/plugins/com.st.stm32cube.ide.mcu.externaltools.gnu-tools-for-stm32.10.3-2021.10.win32_1.0.0.202111181127/tools/bin/../lib/gcc/arm-none-eabi/10.3.1/../../../../arm-none-eabi/lib/thumb/v7e-m+fp/hard\libc_nano.a(lib_a-memcpy-stub.o)
                0x00000000080074e4                memcpy
 .text.memset   0x0000000008007500       0x10 c:/st/stm32cubeide_1.9.0/stm32cubeide/plugins/com.st.stm32cube.ide.mcu.externaltools.gnu-tools-for-stm32.10.3-2021.10.win32_1.0.0.202111181127/tools/bin/../lib/gcc/arm-none-eabi/10.3.1/../../../../arm-none-eabi/lib/thumb/v7e-m+fp/hard\libc_nano.a(lib_a-memset.o)
                0x0000000008007500                memset
 *(.glue_7)
 .glue_7        0x0000000008007510        0x0 linker stubs
 *(.glue_7t)
 .glue_7t       0x0000000008007510        0x0 linker stubs
 *(.eh_frame)
 .eh_frame      0x0000000008007510        0x0 c:/st/stm32cubeide_1.9.0/stm32cubeide/plugins/com.st.stm32cube.ide.mcu.externaltools.gnu-tools-for-stm32.10.3-2021.10.win32_1.0.0.202111181127/tools/bin/../lib/gcc/arm-none-eabi/10.3.1/thumb/v7e-m+fp/hard/crtbegin.o
 *(.init)
 .init          0x0000000008007510        0x4 c:/st/stm32cubeide_1.9.0/stm32cubeide/plugins/com.st.stm32cube.ide.mcu.externaltools.gnu-tools-for-stm32.10.3-2021.10.win32_1.0.0.202111181127/tools/bin/../lib/gcc/arm-none-eabi/10.3.1/thumb/v7e-m+fp/hard/crti.o
                0x0000000008007510                _init
 .init          0x0000000008007514        0x8 c:/st/stm32cubeide_1.9.0/stm32cubeide/plugins/com.st.stm32cube.ide.mcu.externaltools.gnu-tools-for-stm32.10.3-2021.10.win32_1.0.0.202111181127/tools/bin/../lib/gcc/arm-none-eabi/10.3.1/thumb/v7e-m+fp/hard/crtn.o
 *(.fini)
 .fini          0x000000000800751c        0x4 c:/st/stm32cubeide_1.9.0/stm32cubeide/plugins/com.st.stm32cube.ide.mcu.externaltools.gnu-tools-for-stm32.10.3-2021.10.win32_1.0.0.202111181127/tools/bin/../lib/gcc/arm-none-eabi/10.3.1/thumb/v7e-m+fp/hard/crti.o
                0x000000000800751c                _fini
 .fini          0x0000000008007520        0x8 c:/st/stm32cubeide_1.9.0/stm32cubeide/plugins/com.st.stm32cube.ide.mcu.externaltools.gnu-tools-for-stm32.10.3-2021.10.win32_1.0.0.202111181127/tools/bin/../lib/gcc/arm-none-eabi/10.3.1/thumb/v7e-m+fp/hard/crtn.o
                0x0000000008007528                . = ALIGN (0x4)
                0x0000000008007528                _etext = .

.vfp11_veneer   0x0000000008007528        0x0
 .vfp11_veneer  0x0000000008007528        0x0 linker stubs

.v4_bx          0x0000000008007528        0x0
 .v4_bx         0x0000000008007528        0x0 linker stubs

.iplt           0x0000000008007528        0x0
 .iplt          0x0000000008007528        0x0 c:/st/stm32cubeide_1.9.0/stm32cubeide/plugins/com.st.stm32cube.ide.mcu.externaltools.gnu-tools-for-stm32.10.3-2021.10.win32_1.0.0.202111181127/tools/bin/../lib/gcc/arm-none-eabi/10.3.1/thumb/v7e-m+fp/hard/crtbegin.o

.rodata         0x0000000008007528      0x118
                0x0000000008007528                . = ALIGN (0x4)
 *(.rodata)
 *(.rodata*)
 .rodata.AHBPrescTable
                0x0000000008007528       0x10 ./Core/Src/system_stm32f4xx.o
                0x0000000008007528                AHBPrescTable
 .rodata.APBPrescTable
                0x0000000008007538        0x8 ./Core/Src/system_stm32f4xx.o
                0x0000000008007538                APBPrescTable
 .rodata.table  0x0000000008007540      0x100 ./DataPacket/Src/crc8.o
                0x0000000008007640                . = ALIGN (0x4)

.ARM.extab      0x0000000008007640        0x0
                0x0000000008007640                . = ALIGN (0x4)
 *(.ARM.extab* .gnu.linkonce.armextab.*)
                0x0000000008007640                . = ALIGN (0x4)

.ARM            0x0000000008007640        0x8
                0x0000000008007640                . = ALIGN (0x4)
                0x0000000008007640                __exidx_start = .
 *(.ARM.exidx*)
 .ARM.exidx     0x0000000008007640        0x8 c:/st/stm32cubeide_1.9.0/stm32cubeide/plugins/com.st.stm32cube.ide.mcu.externaltools.gnu-tools-for-stm32.10.3-2021.10.win32_1.0.0.202111181127/tools/bin/../lib/gcc/arm-none-eabi/10.3.1/thumb/v7e-m+fp/hard\libgcc.a(_udivmoddi4.o)
                0x0000000008007648                __exidx_end = .
                0x0000000008007648                . = ALIGN (0x4)

.rel.dyn        0x0000000008007648        0x0
 .rel.iplt      0x0000000008007648        0x0 c:/st/stm32cubeide_1.9.0/stm32cubeide/plugins/com.st.stm32cube.ide.mcu.externaltools.gnu-tools-for-stm32.10.3-2021.10.win32_1.0.0.202111181127/tools/bin/../lib/gcc/arm-none-eabi/10.3.1/thumb/v7e-m+fp/hard/crtbegin.o

.preinit_array  0x0000000008007648        0x0
                0x0000000008007648                . = ALIGN (0x4)
                0x0000000008007648                PROVIDE (__preinit_array_start = .)
 *(.preinit_array*)
                0x0000000008007648                PROVIDE (__preinit_array_end = .)
                0x0000000008007648                . = ALIGN (0x4)

.init_array     0x0000000008007648        0x4
                0x0000000008007648                . = ALIGN (0x4)
                0x0000000008007648                PROVIDE (__init_array_start = .)
 *(SORT_BY_NAME(.init_array.*))
 *(.init_array*)
 .init_array    0x0000000008007648        0x4 c:/st/stm32cubeide_1.9.0/stm32cubeide/plugins/com.st.stm32cube.ide.mcu.externaltools.gnu-tools-for-stm32.10.3-2021.10.win32_1.0.0.202111181127/tools/bin/../lib/gcc/arm-none-eabi/10.3.1/thumb/v7e-m+fp/hard/crtbegin.o
                0x000000000800764c                PROVIDE (__init_array_end = .)
                0x000000000800764c                . = ALIGN (0x4)

.fini_array     0x000000000800764c        0x4
                0x000000000800764c                . = ALIGN (0x4)
                [!provide]                        PROVIDE (__fini_array_start = .)
 *(SORT_BY_NAME(.fini_array.*))
 *(.fini_array*)
 .fini_array    0x000000000800764c        0x4 c:/st/stm32cubeide_1.9.0/stm32cubeide/plugins/com.st.stm32cube.ide.mcu.externaltools.gnu-tools-for-stm32.10.3-2021.10.win32_1.0.0.202111181127/tools/bin/../lib/gcc/arm-none-eabi/10.3.1/thumb/v7e-m+fp/hard/crtbegin.o
                [!provide]                        PROVIDE (__fini_array_end = .)
                0x0000000008007650                . = ALIGN (0x4)
                0x0000000008007650                _sidata = LOADADDR (.data)

.data           0x0000000020000000        0xc load address 0x0000000008007650
                0x0000000020000000                . = ALIGN (0x4)
                0x0000000020000000                _sdata = .
 *(.data)
 *(.data*)
 .data.SystemCoreClock
                0x0000000020000000        0x4 ./Core/Src/system_stm32f4xx.o
                0x0000000020000000                SystemCoreClock
 .data.uwTickPrio
                0x0000000020000004        0x4 ./Drivers/STM32F4xx_HAL_Driver/Src/stm32f4xx_hal.o
                0x0000000020000004                uwTickPrio
 .data.uwTickFreq
                0x0000000020000008        0x1 ./Drivers/STM32F4xx_HAL_Driver/Src/stm32f4xx_hal.o
                0x0000000020000008                uwTickFreq
 *(.RamFunc)
 *(.RamFunc*)
                0x000000002000000c                . = ALIGN (0x4)
 *fill*         0x0000000020000009        0x3 
                0x000000002000000c                _edata = .

.igot.plt       0x000000002000000c        0x0 load address 0x000000000800765c
 .igot.plt      0x000000002000000c        0x0 c:/st/stm32cubeide_1.9.0/stm32cubeide/plugins/com.st.stm32cube.ide.mcu.externaltools.gnu-tools-for-stm32.10.3-2021.10.win32_1.0.0.202111181127/tools/bin/../lib/gcc/arm-none-eabi/10.3.1/thumb/v7e-m+fp/hard/crtbegin.o
                0x000000002000000c                . = ALIGN (0x4)

.bss            0x000000002000000c      0x834 load address 0x000000000800765c
                0x000000002000000c                _sbss = .
                0x000000002000000c                __bss_start__ = _sbss
 *(.bss)
 .bss           0x000000002000000c       0x1c c:/st/stm32cubeide_1.9.0/stm32cubeide/plugins/com.st.stm32cube.ide.mcu.externaltools.gnu-tools-for-stm32.10.3-2021.10.win32_1.0.0.202111181127/tools/bin/../lib/gcc/arm-none-eabi/10.3.1/thumb/v7e-m+fp/hard/crtbegin.o
 *(.bss*)
 .bss.hadc1     0x0000000020000028       0x48 ./Core/Src/main.o
                0x0000000020000028                hadc1
 .bss.hdac      0x0000000020000070       0x14 ./Core/Src/main.o
                0x0000000020000070                hdac
 .bss.htim9     0x0000000020000084       0x48 ./Core/Src/main.o
                0x0000000020000084                htim9
 .bss.huart2    0x00000000200000cc       0x44 ./Core/Src/main.o
                0x00000000200000cc                huart2
 .bss.huart3    0x0000000020000110       0x44 ./Core/Src/main.o
                0x0000000020000110                huart3
 .bss.receivedByte
                0x0000000020000154        0x1 ./Core/Src/main.o
                0x0000000020000154                receivedByte
 *fill*         0x0000000020000155        0x1 
 .bss.decodeDataPacketDelay
                0x0000000020000156        0x2 ./Core/Src/main.o
                0x0000000020000156                decodeDataPacketDelay
 .bss.blinkLedDelay
                0x0000000020000158        0x2 ./Core/Src/main.o
                0x0000000020000158                blinkLedDelay
 .bss.sendDataDelay1
                0x000000002000015a        0x2 ./Core/Src/main.o
                0x000000002000015a                sendDataDelay1
 .bss.samplingInterval
                0x000000002000015c        0x2 ./Core/Src/main.o
                0x000000002000015c                samplingInterval
 .bss.controllerInterval
                0x000000002000015e        0x2 ./Core/Src/main.o
                0x000000002000015e                controllerInterval
 .bss.sendKeepAliveDelay
                0x0000000020000160        0x2 ./Core/Src/main.o
                0x0000000020000160                sendKeepAliveDelay
 *fill*         0x0000000020000162        0x2 
 .bss.app       0x0000000020000164      0x6d4 ./Core/Src/main.o
                0x0000000020000164                app
 .bss.stateMachine
                0x0000000020000838        0x1 ./Core/Src/main.o
                0x0000000020000838                stateMachine
 *fill*         0x0000000020000839        0x3 
 .bss.uwTick    0x000000002000083c        0x4 ./Drivers/STM32F4xx_HAL_Driver/Src/stm32f4xx_hal.o
                0x000000002000083c                uwTick
 *(COMMON)
                0x0000000020000840                . = ALIGN (0x4)
                0x0000000020000840                _ebss = .
                0x0000000020000840                __bss_end__ = _ebss

._user_heap_stack
                0x0000000020000840      0x600 load address 0x000000000800765c
                0x0000000020000840                . = ALIGN (0x8)
                [!provide]                        PROVIDE (end = .)
                0x0000000020000840                PROVIDE (_end = .)
                0x0000000020000a40                . = (. + _Min_Heap_Size)
 *fill*         0x0000000020000840      0x200 
                0x0000000020000e40                . = (. + _Min_Stack_Size)
 *fill*         0x0000000020000a40      0x400 
                0x0000000020000e40                . = ALIGN (0x8)

/DISCARD/
 libc.a(*)
 libm.a(*)
 libgcc.a(*)

.ARM.attributes
                0x0000000000000000       0x30
 *(.ARM.attributes)
 .ARM.attributes
                0x0000000000000000       0x1e c:/st/stm32cubeide_1.9.0/stm32cubeide/plugins/com.st.stm32cube.ide.mcu.externaltools.gnu-tools-for-stm32.10.3-2021.10.win32_1.0.0.202111181127/tools/bin/../lib/gcc/arm-none-eabi/10.3.1/thumb/v7e-m+fp/hard/crti.o
 .ARM.attributes
                0x000000000000001e       0x34 c:/st/stm32cubeide_1.9.0/stm32cubeide/plugins/com.st.stm32cube.ide.mcu.externaltools.gnu-tools-for-stm32.10.3-2021.10.win32_1.0.0.202111181127/tools/bin/../lib/gcc/arm-none-eabi/10.3.1/thumb/v7e-m+fp/hard/crtbegin.o
 .ARM.attributes
                0x0000000000000052       0x34 ./App/Src/app.o
 .ARM.attributes
                0x0000000000000086       0x34 ./App/Src/comm.o
 .ARM.attributes
                0x00000000000000ba       0x34 ./App/Src/controller.o
 .ARM.attributes
                0x00000000000000ee       0x34 ./Core/Src/main.o
 .ARM.attributes
                0x0000000000000122       0x34 ./Core/Src/stm32f4xx_hal_msp.o
 .ARM.attributes
                0x0000000000000156       0x34 ./Core/Src/stm32f4xx_it.o
 .ARM.attributes
                0x000000000000018a       0x34 ./Core/Src/system_stm32f4xx.o
 .ARM.attributes
                0x00000000000001be       0x21 ./Core/Startup/startup_stm32f446retx.o
 .ARM.attributes
                0x00000000000001df       0x34 ./DataPacket/Src/crc8.o
 .ARM.attributes
                0x0000000000000213       0x34 ./DataPacket/Src/dataPacketRx.o
 .ARM.attributes
                0x0000000000000247       0x34 ./DataPacket/Src/dataPacketTx.o
 .ARM.attributes
                0x000000000000027b       0x34 ./Drivers/STM32F4xx_HAL_Driver/Src/stm32f4xx_hal.o
 .ARM.attributes
                0x00000000000002af       0x34 ./Drivers/STM32F4xx_HAL_Driver/Src/stm32f4xx_hal_adc.o
 .ARM.attributes
                0x00000000000002e3       0x34 ./Drivers/STM32F4xx_HAL_Driver/Src/stm32f4xx_hal_cortex.o
 .ARM.attributes
                0x0000000000000317       0x34 ./Drivers/STM32F4xx_HAL_Driver/Src/stm32f4xx_hal_dac.o
 .ARM.attributes
                0x000000000000034b       0x34 ./Drivers/STM32F4xx_HAL_Driver/Src/stm32f4xx_hal_dma.o
 .ARM.attributes
                0x000000000000037f       0x34 ./Drivers/STM32F4xx_HAL_Driver/Src/stm32f4xx_hal_gpio.o
 .ARM.attributes
                0x00000000000003b3       0x34 ./Drivers/STM32F4xx_HAL_Driver/Src/stm32f4xx_hal_pwr_ex.o
 .ARM.attributes
                0x00000000000003e7       0x34 ./Drivers/STM32F4xx_HAL_Driver/Src/stm32f4xx_hal_rcc.o
 .ARM.attributes
                0x000000000000041b       0x34 ./Drivers/STM32F4xx_HAL_Driver/Src/stm32f4xx_hal_rcc_ex.o
 .ARM.attributes
                0x000000000000044f       0x34 ./Drivers/STM32F4xx_HAL_Driver/Src/stm32f4xx_hal_tim.o
 .ARM.attributes
                0x0000000000000483       0x34 ./Drivers/STM32F4xx_HAL_Driver/Src/stm32f4xx_hal_tim_ex.o
 .ARM.attributes
                0x00000000000004b7       0x34 ./Drivers/STM32F4xx_HAL_Driver/Src/stm32f4xx_hal_uart.o
 .ARM.attributes
                0x00000000000004eb       0x34 ./Dsp/Src/movingAverage.o
 .ARM.attributes
                0x000000000000051f       0x34 ./Pid/Src/pid.o
 .ARM.attributes
                0x0000000000000553       0x34 c:/st/stm32cubeide_1.9.0/stm32cubeide/plugins/com.st.stm32cube.ide.mcu.externaltools.gnu-tools-for-stm32.10.3-2021.10.win32_1.0.0.202111181127/tools/bin/../lib/gcc/arm-none-eabi/10.3.1/../../../../arm-none-eabi/lib/thumb/v7e-m+fp/hard\libc_nano.a(lib_a-init.o)
 .ARM.attributes
                0x0000000000000587       0x34 c:/st/stm32cubeide_1.9.0/stm32cubeide/plugins/com.st.stm32cube.ide.mcu.externaltools.gnu-tools-for-stm32.10.3-2021.10.win32_1.0.0.202111181127/tools/bin/../lib/gcc/arm-none-eabi/10.3.1/../../../../arm-none-eabi/lib/thumb/v7e-m+fp/hard\libc_nano.a(lib_a-memcpy-stub.o)
 .ARM.attributes
                0x00000000000005bb       0x34 c:/st/stm32cubeide_1.9.0/stm32cubeide/plugins/com.st.stm32cube.ide.mcu.externaltools.gnu-tools-for-stm32.10.3-2021.10.win32_1.0.0.202111181127/tools/bin/../lib/gcc/arm-none-eabi/10.3.1/../../../../arm-none-eabi/lib/thumb/v7e-m+fp/hard\libc_nano.a(lib_a-memset.o)
 .ARM.attributes
                0x00000000000005ef       0x1e c:/st/stm32cubeide_1.9.0/stm32cubeide/plugins/com.st.stm32cube.ide.mcu.externaltools.gnu-tools-for-stm32.10.3-2021.10.win32_1.0.0.202111181127/tools/bin/../lib/gcc/arm-none-eabi/10.3.1/thumb/v7e-m+fp/hard\libgcc.a(_arm_addsubdf3.o)
 .ARM.attributes
                0x000000000000060d       0x1e c:/st/stm32cubeide_1.9.0/stm32cubeide/plugins/com.st.stm32cube.ide.mcu.externaltools.gnu-tools-for-stm32.10.3-2021.10.win32_1.0.0.202111181127/tools/bin/../lib/gcc/arm-none-eabi/10.3.1/thumb/v7e-m+fp/hard\libgcc.a(_arm_muldivdf3.o)
 .ARM.attributes
                0x000000000000062b       0x1e c:/st/stm32cubeide_1.9.0/stm32cubeide/plugins/com.st.stm32cube.ide.mcu.externaltools.gnu-tools-for-stm32.10.3-2021.10.win32_1.0.0.202111181127/tools/bin/../lib/gcc/arm-none-eabi/10.3.1/thumb/v7e-m+fp/hard\libgcc.a(_arm_truncdfsf2.o)
 .ARM.attributes
                0x0000000000000649       0x1e c:/st/stm32cubeide_1.9.0/stm32cubeide/plugins/com.st.stm32cube.ide.mcu.externaltools.gnu-tools-for-stm32.10.3-2021.10.win32_1.0.0.202111181127/tools/bin/../lib/gcc/arm-none-eabi/10.3.1/thumb/v7e-m+fp/hard\libgcc.a(_aeabi_uldivmod.o)
 .ARM.attributes
                0x0000000000000667       0x34 c:/st/stm32cubeide_1.9.0/stm32cubeide/plugins/com.st.stm32cube.ide.mcu.externaltools.gnu-tools-for-stm32.10.3-2021.10.win32_1.0.0.202111181127/tools/bin/../lib/gcc/arm-none-eabi/10.3.1/thumb/v7e-m+fp/hard\libgcc.a(_udivmoddi4.o)
 .ARM.attributes
                0x000000000000069b       0x1e c:/st/stm32cubeide_1.9.0/stm32cubeide/plugins/com.st.stm32cube.ide.mcu.externaltools.gnu-tools-for-stm32.10.3-2021.10.win32_1.0.0.202111181127/tools/bin/../lib/gcc/arm-none-eabi/10.3.1/thumb/v7e-m+fp/hard\libgcc.a(_dvmd_tls.o)
 .ARM.attributes
                0x00000000000006b9       0x1e c:/st/stm32cubeide_1.9.0/stm32cubeide/plugins/com.st.stm32cube.ide.mcu.externaltools.gnu-tools-for-stm32.10.3-2021.10.win32_1.0.0.202111181127/tools/bin/../lib/gcc/arm-none-eabi/10.3.1/thumb/v7e-m+fp/hard/crtn.o
OUTPUT(CurrentController.elf elf32-littlearm)
LOAD linker stubs
LOAD c:/st/stm32cubeide_1.9.0/stm32cubeide/plugins/com.st.stm32cube.ide.mcu.externaltools.gnu-tools-for-stm32.10.3-2021.10.win32_1.0.0.202111181127/tools/bin/../lib/gcc/arm-none-eabi/10.3.1/../../../../arm-none-eabi/lib/thumb/v7e-m+fp/hard\libc.a
LOAD c:/st/stm32cubeide_1.9.0/stm32cubeide/plugins/com.st.stm32cube.ide.mcu.externaltools.gnu-tools-for-stm32.10.3-2021.10.win32_1.0.0.202111181127/tools/bin/../lib/gcc/arm-none-eabi/10.3.1/../../../../arm-none-eabi/lib/thumb/v7e-m+fp/hard\libm.a
LOAD c:/st/stm32cubeide_1.9.0/stm32cubeide/plugins/com.st.stm32cube.ide.mcu.externaltools.gnu-tools-for-stm32.10.3-2021.10.win32_1.0.0.202111181127/tools/bin/../lib/gcc/arm-none-eabi/10.3.1/thumb/v7e-m+fp/hard\libgcc.a

.debug_info     0x0000000000000000    0x16f81
 .debug_info    0x0000000000000000     0x199c ./App/Src/app.o
 .debug_info    0x000000000000199c     0x1a18 ./App/Src/comm.o
 .debug_info    0x00000000000033b4      0xef3 ./App/Src/controller.o
 .debug_info    0x00000000000042a7     0x1e6c ./Core/Src/main.o
 .debug_info    0x0000000000006113     0x1574 ./Core/Src/stm32f4xx_hal_msp.o
 .debug_info    0x0000000000007687      0xa15 ./Core/Src/stm32f4xx_it.o
 .debug_info    0x000000000000809c      0x55b ./Core/Src/system_stm32f4xx.o
 .debug_info    0x00000000000085f7       0x22 ./Core/Startup/startup_stm32f446retx.o
 .debug_info    0x0000000000008619      0x16d ./DataPacket/Src/crc8.o
 .debug_info    0x0000000000008786      0x54b ./DataPacket/Src/dataPacketRx.o
 .debug_info    0x0000000000008cd1      0x9e1 ./DataPacket/Src/dataPacketTx.o
 .debug_info    0x00000000000096b2      0x9d2 ./Drivers/STM32F4xx_HAL_Driver/Src/stm32f4xx_hal.o
 .debug_info    0x000000000000a084      0xd70 ./Drivers/STM32F4xx_HAL_Driver/Src/stm32f4xx_hal_adc.o
 .debug_info    0x000000000000adf4      0xe39 ./Drivers/STM32F4xx_HAL_Driver/Src/stm32f4xx_hal_cortex.o
 .debug_info    0x000000000000bc2d      0xa5d ./Drivers/STM32F4xx_HAL_Driver/Src/stm32f4xx_hal_dac.o
 .debug_info    0x000000000000c68a      0x94f ./Drivers/STM32F4xx_HAL_Driver/Src/stm32f4xx_hal_dma.o
 .debug_info    0x000000000000cfd9      0x7be ./Drivers/STM32F4xx_HAL_Driver/Src/stm32f4xx_hal_gpio.o
 .debug_info    0x000000000000d797      0x702 ./Drivers/STM32F4xx_HAL_Driver/Src/stm32f4xx_hal_pwr_ex.o
 .debug_info    0x000000000000de99      0x9ab ./Drivers/STM32F4xx_HAL_Driver/Src/stm32f4xx_hal_rcc.o
 .debug_info    0x000000000000e844      0x9ec ./Drivers/STM32F4xx_HAL_Driver/Src/stm32f4xx_hal_rcc_ex.o
 .debug_info    0x000000000000f230     0x2bbe ./Drivers/STM32F4xx_HAL_Driver/Src/stm32f4xx_hal_tim.o
 .debug_info    0x0000000000011dee     0x15e0 ./Drivers/STM32F4xx_HAL_Driver/Src/stm32f4xx_hal_tim_ex.o
 .debug_info    0x00000000000133ce     0x31bc ./Drivers/STM32F4xx_HAL_Driver/Src/stm32f4xx_hal_uart.o
 .debug_info    0x000000000001658a      0x254 ./Dsp/Src/movingAverage.o
 .debug_info    0x00000000000167de      0x7a3 ./Pid/Src/pid.o

.debug_abbrev   0x0000000000000000     0x31a5
 .debug_abbrev  0x0000000000000000      0x2b6 ./App/Src/app.o
 .debug_abbrev  0x00000000000002b6      0x2be ./App/Src/comm.o
 .debug_abbrev  0x0000000000000574      0x21a ./App/Src/controller.o
 .debug_abbrev  0x000000000000078e      0x343 ./Core/Src/main.o
 .debug_abbrev  0x0000000000000ad1      0x20a ./Core/Src/stm32f4xx_hal_msp.o
 .debug_abbrev  0x0000000000000cdb      0x19c ./Core/Src/stm32f4xx_it.o
 .debug_abbrev  0x0000000000000e77      0x116 ./Core/Src/system_stm32f4xx.o
 .debug_abbrev  0x0000000000000f8d       0x12 ./Core/Startup/startup_stm32f446retx.o
 .debug_abbrev  0x0000000000000f9f       0xdc ./DataPacket/Src/crc8.o
 .debug_abbrev  0x000000000000107b      0x16c ./DataPacket/Src/dataPacketRx.o
 .debug_abbrev  0x00000000000011e7      0x1e3 ./DataPacket/Src/dataPacketTx.o
 .debug_abbrev  0x00000000000013ca      0x20d ./Drivers/STM32F4xx_HAL_Driver/Src/stm32f4xx_hal.o
 .debug_abbrev  0x00000000000015d7      0x244 ./Drivers/STM32F4xx_HAL_Driver/Src/stm32f4xx_hal_adc.o
 .debug_abbrev  0x000000000000181b      0x316 ./Drivers/STM32F4xx_HAL_Driver/Src/stm32f4xx_hal_cortex.o
 .debug_abbrev  0x0000000000001b31      0x1df ./Drivers/STM32F4xx_HAL_Driver/Src/stm32f4xx_hal_dac.o
 .debug_abbrev  0x0000000000001d10      0x25b ./Drivers/STM32F4xx_HAL_Driver/Src/stm32f4xx_hal_dma.o
 .debug_abbrev  0x0000000000001f6b      0x1c4 ./Drivers/STM32F4xx_HAL_Driver/Src/stm32f4xx_hal_gpio.o
 .debug_abbrev  0x000000000000212f      0x1c9 ./Drivers/STM32F4xx_HAL_Driver/Src/stm32f4xx_hal_pwr_ex.o
 .debug_abbrev  0x00000000000022f8      0x2aa ./Drivers/STM32F4xx_HAL_Driver/Src/stm32f4xx_hal_rcc.o
 .debug_abbrev  0x00000000000025a2      0x1fb ./Drivers/STM32F4xx_HAL_Driver/Src/stm32f4xx_hal_rcc_ex.o
 .debug_abbrev  0x000000000000279d      0x25d ./Drivers/STM32F4xx_HAL_Driver/Src/stm32f4xx_hal_tim.o
 .debug_abbrev  0x00000000000029fa      0x265 ./Drivers/STM32F4xx_HAL_Driver/Src/stm32f4xx_hal_tim_ex.o
 .debug_abbrev  0x0000000000002c5f      0x2f4 ./Drivers/STM32F4xx_HAL_Driver/Src/stm32f4xx_hal_uart.o
 .debug_abbrev  0x0000000000002f53      0x123 ./Dsp/Src/movingAverage.o
 .debug_abbrev  0x0000000000003076      0x12f ./Pid/Src/pid.o

.debug_aranges  0x0000000000000000     0x14a0
 .debug_aranges
                0x0000000000000000      0x178 ./App/Src/app.o
 .debug_aranges
                0x0000000000000178       0xf0 ./App/Src/comm.o
 .debug_aranges
                0x0000000000000268      0x108 ./App/Src/controller.o
 .debug_aranges
                0x0000000000000370       0x70 ./Core/Src/main.o
 .debug_aranges
                0x00000000000003e0       0x60 ./Core/Src/stm32f4xx_hal_msp.o
 .debug_aranges
                0x0000000000000440       0x70 ./Core/Src/stm32f4xx_it.o
 .debug_aranges
                0x00000000000004b0       0x28 ./Core/Src/system_stm32f4xx.o
 .debug_aranges
                0x00000000000004d8       0x28 ./Core/Startup/startup_stm32f446retx.o
 .debug_aranges
                0x0000000000000500       0x28 ./DataPacket/Src/crc8.o
 .debug_aranges
                0x0000000000000528       0x88 ./DataPacket/Src/dataPacketRx.o
 .debug_aranges
                0x00000000000005b0       0x88 ./DataPacket/Src/dataPacketTx.o
 .debug_aranges
                0x0000000000000638       0xf0 ./Drivers/STM32F4xx_HAL_Driver/Src/stm32f4xx_hal.o
 .debug_aranges
                0x0000000000000728       0xe8 ./Drivers/STM32F4xx_HAL_Driver/Src/stm32f4xx_hal_adc.o
 .debug_aranges
                0x0000000000000810      0x118 ./Drivers/STM32F4xx_HAL_Driver/Src/stm32f4xx_hal_cortex.o
 .debug_aranges
                0x0000000000000928       0xc0 ./Drivers/STM32F4xx_HAL_Driver/Src/stm32f4xx_hal_dac.o
 .debug_aranges
                0x00000000000009e8       0x90 ./Drivers/STM32F4xx_HAL_Driver/Src/stm32f4xx_hal_dma.o
 .debug_aranges
                0x0000000000000a78       0x58 ./Drivers/STM32F4xx_HAL_Driver/Src/stm32f4xx_hal_gpio.o
 .debug_aranges
                0x0000000000000ad0       0x60 ./Drivers/STM32F4xx_HAL_Driver/Src/stm32f4xx_hal_pwr_ex.o
 .debug_aranges
                0x0000000000000b30       0x88 ./Drivers/STM32F4xx_HAL_Driver/Src/stm32f4xx_hal_rcc.o
 .debug_aranges
                0x0000000000000bb8       0x78 ./Drivers/STM32F4xx_HAL_Driver/Src/stm32f4xx_hal_rcc_ex.o
 .debug_aranges
                0x0000000000000c30      0x3d0 ./Drivers/STM32F4xx_HAL_Driver/Src/stm32f4xx_hal_tim.o
 .debug_aranges
                0x0000000000001000      0x168 ./Drivers/STM32F4xx_HAL_Driver/Src/stm32f4xx_hal_tim_ex.o
 .debug_aranges
                0x0000000000001168      0x200 ./Drivers/STM32F4xx_HAL_Driver/Src/stm32f4xx_hal_uart.o
 .debug_aranges
                0x0000000000001368       0x40 ./Dsp/Src/movingAverage.o
 .debug_aranges
                0x00000000000013a8       0xf8 ./Pid/Src/pid.o

.debug_ranges   0x0000000000000000     0x1348
 .debug_ranges  0x0000000000000000      0x168 ./App/Src/app.o
 .debug_ranges  0x0000000000000168       0xe0 ./App/Src/comm.o
 .debug_ranges  0x0000000000000248       0xf8 ./App/Src/controller.o
 .debug_ranges  0x0000000000000340       0x60 ./Core/Src/main.o
 .debug_ranges  0x00000000000003a0       0x50 ./Core/Src/stm32f4xx_hal_msp.o
 .debug_ranges  0x00000000000003f0       0x60 ./Core/Src/stm32f4xx_it.o
 .debug_ranges  0x0000000000000450       0x18 ./Core/Src/system_stm32f4xx.o
 .debug_ranges  0x0000000000000468       0x20 ./Core/Startup/startup_stm32f446retx.o
 .debug_ranges  0x0000000000000488       0x18 ./DataPacket/Src/crc8.o
 .debug_ranges  0x00000000000004a0       0x78 ./DataPacket/Src/dataPacketRx.o
 .debug_ranges  0x0000000000000518       0x78 ./DataPacket/Src/dataPacketTx.o
 .debug_ranges  0x0000000000000590       0xe0 ./Drivers/STM32F4xx_HAL_Driver/Src/stm32f4xx_hal.o
 .debug_ranges  0x0000000000000670       0xd8 ./Drivers/STM32F4xx_HAL_Driver/Src/stm32f4xx_hal_adc.o
 .debug_ranges  0x0000000000000748      0x108 ./Drivers/STM32F4xx_HAL_Driver/Src/stm32f4xx_hal_cortex.o
 .debug_ranges  0x0000000000000850       0xb0 ./Drivers/STM32F4xx_HAL_Driver/Src/stm32f4xx_hal_dac.o
 .debug_ranges  0x0000000000000900       0x80 ./Drivers/STM32F4xx_HAL_Driver/Src/stm32f4xx_hal_dma.o
 .debug_ranges  0x0000000000000980       0x48 ./Drivers/STM32F4xx_HAL_Driver/Src/stm32f4xx_hal_gpio.o
 .debug_ranges  0x00000000000009c8       0x50 ./Drivers/STM32F4xx_HAL_Driver/Src/stm32f4xx_hal_pwr_ex.o
 .debug_ranges  0x0000000000000a18       0x78 ./Drivers/STM32F4xx_HAL_Driver/Src/stm32f4xx_hal_rcc.o
 .debug_ranges  0x0000000000000a90       0x68 ./Drivers/STM32F4xx_HAL_Driver/Src/stm32f4xx_hal_rcc_ex.o
 .debug_ranges  0x0000000000000af8      0x3c0 ./Drivers/STM32F4xx_HAL_Driver/Src/stm32f4xx_hal_tim.o
 .debug_ranges  0x0000000000000eb8      0x158 ./Drivers/STM32F4xx_HAL_Driver/Src/stm32f4xx_hal_tim_ex.o
 .debug_ranges  0x0000000000001010      0x220 ./Drivers/STM32F4xx_HAL_Driver/Src/stm32f4xx_hal_uart.o
 .debug_ranges  0x0000000000001230       0x30 ./Dsp/Src/movingAverage.o
 .debug_ranges  0x0000000000001260       0xe8 ./Pid/Src/pid.o

.debug_macro    0x0000000000000000    0x249eb
 .debug_macro   0x0000000000000000      0x35d ./App/Src/app.o
 .debug_macro   0x000000000000035d      0xa78 ./App/Src/app.o
 .debug_macro   0x0000000000000dd5       0x22 ./App/Src/app.o
 .debug_macro   0x0000000000000df7       0x8e ./App/Src/app.o
 .debug_macro   0x0000000000000e85       0x51 ./App/Src/app.o
 .debug_macro   0x0000000000000ed6      0x103 ./App/Src/app.o
 .debug_macro   0x0000000000000fd9       0x6a ./App/Src/app.o
 .debug_macro   0x0000000000001043      0x1df ./App/Src/app.o
 .debug_macro   0x0000000000001222      0x2a7 ./App/Src/app.o
 .debug_macro   0x00000000000014c9       0x2e ./App/Src/app.o
 .debug_macro   0x00000000000014f7       0x28 ./App/Src/app.o
 .debug_macro   0x000000000000151f       0x1c ./App/Src/app.o
 .debug_macro   0x000000000000153b       0x22 ./App/Src/app.o
 .debug_macro   0x000000000000155d       0xd9 ./App/Src/app.o
 .debug_macro   0x0000000000001636     0x102d ./App/Src/app.o
 .debug_macro   0x0000000000002663      0x11f ./App/Src/app.o
 .debug_macro   0x0000000000002782    0x16749 ./App/Src/app.o
 .debug_macro   0x0000000000018ecb       0x6d ./App/Src/app.o
 .debug_macro   0x0000000000018f38     0x367e ./App/Src/app.o
 .debug_macro   0x000000000001c5b6      0x174 ./App/Src/app.o
 .debug_macro   0x000000000001c72a       0x5c ./App/Src/app.o
 .debug_macro   0x000000000001c786      0xc90 ./App/Src/app.o
 .debug_macro   0x000000000001d416      0x9fe ./App/Src/app.o
 .debug_macro   0x000000000001de14      0x115 ./App/Src/app.o
 .debug_macro   0x000000000001df29      0x1a0 ./App/Src/app.o
 .debug_macro   0x000000000001e0c9       0xa5 ./App/Src/app.o
 .debug_macro   0x000000000001e16e      0x16d ./App/Src/app.o
 .debug_macro   0x000000000001e2db      0x287 ./App/Src/app.o
 .debug_macro   0x000000000001e562       0x5f ./App/Src/app.o
 .debug_macro   0x000000000001e5c1      0x236 ./App/Src/app.o
 .debug_macro   0x000000000001e7f7      0xb5b ./App/Src/app.o
 .debug_macro   0x000000000001f352      0x38b ./App/Src/app.o
 .debug_macro   0x000000000001f6dd      0x17d ./App/Src/app.o
 .debug_macro   0x000000000001f85a       0xf9 ./App/Src/app.o
 .debug_macro   0x000000000001f953      0x122 ./App/Src/app.o
 .debug_macro   0x000000000001fa75       0xa6 ./App/Src/app.o
 .debug_macro   0x000000000001fb1b      0x132 ./App/Src/app.o
 .debug_macro   0x000000000001fc4d      0x29c ./App/Src/app.o
 .debug_macro   0x000000000001fee9       0x2e ./App/Src/app.o
 .debug_macro   0x000000000001ff17      0x11a ./App/Src/app.o
 .debug_macro   0x0000000000020031       0xe8 ./App/Src/app.o
 .debug_macro   0x0000000000020119       0x89 ./App/Src/app.o
 .debug_macro   0x00000000000201a2      0x8e6 ./App/Src/app.o
 .debug_macro   0x0000000000020a88       0x4d ./App/Src/app.o
 .debug_macro   0x0000000000020ad5      0x295 ./App/Src/app.o
 .debug_macro   0x0000000000020d6a      0x126 ./App/Src/app.o
 .debug_macro   0x0000000000020e90       0x52 ./App/Src/app.o
 .debug_macro   0x0000000000020ee2       0x22 ./App/Src/app.o
 .debug_macro   0x0000000000020f04       0x52 ./App/Src/app.o
 .debug_macro   0x0000000000020f56       0x1e ./App/Src/app.o
 .debug_macro   0x0000000000020f74       0x3c ./App/Src/app.o
 .debug_macro   0x0000000000020fb0       0x34 ./App/Src/app.o
 .debug_macro   0x0000000000020fe4       0x16 ./App/Src/app.o
 .debug_macro   0x0000000000020ffa       0x43 ./App/Src/app.o
 .debug_macro   0x000000000002103d       0x34 ./App/Src/app.o
 .debug_macro   0x0000000000021071       0x10 ./App/Src/app.o
 .debug_macro   0x0000000000021081       0x58 ./App/Src/app.o
 .debug_macro   0x00000000000210d9       0x71 ./App/Src/app.o
 .debug_macro   0x000000000002114a       0x1c ./App/Src/app.o
 .debug_macro   0x0000000000021166      0x12a ./App/Src/app.o
 .debug_macro   0x0000000000021290      0x341 ./App/Src/app.o
 .debug_macro   0x00000000000215d1       0x10 ./App/Src/app.o
 .debug_macro   0x00000000000215e1       0x35 ./App/Src/app.o
 .debug_macro   0x0000000000021616       0x20 ./App/Src/app.o
 .debug_macro   0x0000000000021636       0x10 ./App/Src/app.o
 .debug_macro   0x0000000000021646       0x28 ./App/Src/app.o
 .debug_macro   0x000000000002166e       0x28 ./App/Src/app.o
 .debug_macro   0x0000000000021696      0x350 ./App/Src/comm.o
 .debug_macro   0x00000000000219e6       0x4c ./App/Src/comm.o
 .debug_macro   0x0000000000021a32       0x94 ./App/Src/comm.o
 .debug_macro   0x0000000000021ac6       0x57 ./App/Src/comm.o
 .debug_macro   0x0000000000021b1d       0x56 ./App/Src/comm.o
 .debug_macro   0x0000000000021b73       0x10 ./App/Src/comm.o
 .debug_macro   0x0000000000021b83      0x230 ./App/Src/controller.o
 .debug_macro   0x0000000000021db3      0x36c ./Core/Src/main.o
 .debug_macro   0x000000000002211f       0x34 ./Core/Src/main.o
 .debug_macro   0x0000000000022153      0x36c ./Core/Src/stm32f4xx_hal_msp.o
 .debug_macro   0x00000000000224bf      0x376 ./Core/Src/stm32f4xx_it.o
 .debug_macro   0x0000000000022835      0x20a ./Core/Src/system_stm32f4xx.o
 .debug_macro   0x0000000000022a3f       0x6d ./DataPacket/Src/crc8.o
 .debug_macro   0x0000000000022aac      0x153 ./DataPacket/Src/dataPacketRx.o
 .debug_macro   0x0000000000022bff      0x2eb ./DataPacket/Src/dataPacketTx.o
 .debug_macro   0x0000000000022eea      0x26a ./Drivers/STM32F4xx_HAL_Driver/Src/stm32f4xx_hal.o
 .debug_macro   0x0000000000023154      0x20b ./Drivers/STM32F4xx_HAL_Driver/Src/stm32f4xx_hal_adc.o
 .debug_macro   0x000000000002335f      0x20a ./Drivers/STM32F4xx_HAL_Driver/Src/stm32f4xx_hal_cortex.o
 .debug_macro   0x0000000000023569      0x20b ./Drivers/STM32F4xx_HAL_Driver/Src/stm32f4xx_hal_dac.o
 .debug_macro   0x0000000000023774      0x210 ./Drivers/STM32F4xx_HAL_Driver/Src/stm32f4xx_hal_dma.o
 .debug_macro   0x0000000000023984      0x210 ./Drivers/STM32F4xx_HAL_Driver/Src/stm32f4xx_hal_gpio.o
 .debug_macro   0x0000000000023b94      0x222 ./Drivers/STM32F4xx_HAL_Driver/Src/stm32f4xx_hal_pwr_ex.o
 .debug_macro   0x0000000000023db6      0x22e ./Drivers/STM32F4xx_HAL_Driver/Src/stm32f4xx_hal_rcc.o
 .debug_macro   0x0000000000023fe4      0x20a ./Drivers/STM32F4xx_HAL_Driver/Src/stm32f4xx_hal_rcc_ex.o
 .debug_macro   0x00000000000241ee      0x20b ./Drivers/STM32F4xx_HAL_Driver/Src/stm32f4xx_hal_tim.o
 .debug_macro   0x00000000000243f9      0x20a ./Drivers/STM32F4xx_HAL_Driver/Src/stm32f4xx_hal_tim_ex.o
 .debug_macro   0x0000000000024603      0x20b ./Drivers/STM32F4xx_HAL_Driver/Src/stm32f4xx_hal_uart.o
 .debug_macro   0x000000000002480e      0x146 ./Dsp/Src/movingAverage.o
 .debug_macro   0x0000000000024954       0x7b ./Pid/Src/pid.o
 .debug_macro   0x00000000000249cf       0x1c ./Pid/Src/pid.o

.debug_line     0x0000000000000000    0x17170
 .debug_line    0x0000000000000000      0xe6b ./App/Src/app.o
 .debug_line    0x0000000000000e6b     0x10b9 ./App/Src/comm.o
 .debug_line    0x0000000000001f24      0xaa1 ./App/Src/controller.o
 .debug_line    0x00000000000029c5      0xd11 ./Core/Src/main.o
 .debug_line    0x00000000000036d6      0xb7f ./Core/Src/stm32f4xx_hal_msp.o
 .debug_line    0x0000000000004255      0xb27 ./Core/Src/stm32f4xx_it.o
 .debug_line    0x0000000000004d7c      0x7b1 ./Core/Src/system_stm32f4xx.o
 .debug_line    0x000000000000552d       0x88 ./Core/Startup/startup_stm32f446retx.o
 .debug_line    0x00000000000055b5      0x42c ./DataPacket/Src/crc8.o
 .debug_line    0x00000000000059e1      0x852 ./DataPacket/Src/dataPacketRx.o
 .debug_line    0x0000000000006233      0xabf ./DataPacket/Src/dataPacketTx.o
 .debug_line    0x0000000000006cf2      0xa17 ./Drivers/STM32F4xx_HAL_Driver/Src/stm32f4xx_hal.o
 .debug_line    0x0000000000007709     0x1293 ./Drivers/STM32F4xx_HAL_Driver/Src/stm32f4xx_hal_adc.o
 .debug_line    0x000000000000899c      0xcc6 ./Drivers/STM32F4xx_HAL_Driver/Src/stm32f4xx_hal_cortex.o
 .debug_line    0x0000000000009662      0xb68 ./Drivers/STM32F4xx_HAL_Driver/Src/stm32f4xx_hal_dac.o
 .debug_line    0x000000000000a1ca      0xf7b ./Drivers/STM32F4xx_HAL_Driver/Src/stm32f4xx_hal_dma.o
 .debug_line    0x000000000000b145      0xb77 ./Drivers/STM32F4xx_HAL_Driver/Src/stm32f4xx_hal_gpio.o
 .debug_line    0x000000000000bcbc      0x946 ./Drivers/STM32F4xx_HAL_Driver/Src/stm32f4xx_hal_pwr_ex.o
 .debug_line    0x000000000000c602      0xd9d ./Drivers/STM32F4xx_HAL_Driver/Src/stm32f4xx_hal_rcc.o
 .debug_line    0x000000000000d39f     0x1427 ./Drivers/STM32F4xx_HAL_Driver/Src/stm32f4xx_hal_rcc_ex.o
 .debug_line    0x000000000000e7c6     0x370b ./Drivers/STM32F4xx_HAL_Driver/Src/stm32f4xx_hal_tim.o
 .debug_line    0x0000000000011ed1     0x1a14 ./Drivers/STM32F4xx_HAL_Driver/Src/stm32f4xx_hal_tim_ex.o
 .debug_line    0x00000000000138e5     0x2abc ./Drivers/STM32F4xx_HAL_Driver/Src/stm32f4xx_hal_uart.o
 .debug_line    0x00000000000163a1      0x5e4 ./Dsp/Src/movingAverage.o