Archive member included to satisfy reference by file (symbol)

c:/st/stm32cubeide_1.9.0/stm32cubeide/plugins/com.st.stm32cube.ide.mcu.externaltools.gnu-tools-for-stm32.10.3-2021.10.win32_1.0.0.202111181127/tools/bin/../lib/gcc/arm-none-eabi/10.3.1/../../../../arm-none-eabi/lib/thumb/v7e-m+fp/hard\libc_nano.a(lib_a-errno.o)
                              ./Core/Src/syscalls.o (__errno)
c:/st/stm32cubeide_1.9.0/stm32cubeide/plugins/com.st.stm32cube.ide.mcu.externaltools.gnu-tools-for-stm32.10.3-2021.10.win32_1.0.0.202111181127/tools/bin/../lib/gcc/arm-none-eabi/10.3.1/../../../../arm-none-eabi/lib/thumb/v7e-m+fp/hard\libc_nano.a(lib_a-exit.o)
                              c:/st/stm32cubeide_1.9.0/stm32cubeide/plugins/com.st.stm32cube.ide.mcu.externaltools.gnu-tools-for-stm32.10.3-2021.10.win32_1.0.0.202111181127/tools/bin/../lib/gcc/arm-none-eabi/10.3.1/../../../../arm-none-eabi/lib/thumb/v7e-m+fp/hard/crt0.o (exit)
c:/st/stm32cubeide_1.9.0/stm32cubeide/plugins/com.st.stm32cube.ide.mcu.externaltools.gnu-tools-for-stm32.10.3-2021.10.win32_1.0.0.202111181127/tools/bin/../lib/gcc/arm-none-eabi/10.3.1/../../../../arm-none-eabi/lib/thumb/v7e-m+fp/hard\libc_nano.a(lib_a-impure.o)
                              c:/st/stm32cubeide_1.9.0/stm32cubeide/plugins/com.st.stm32cube.ide.mcu.externaltools.gnu-tools-for-stm32.10.3-2021.10.win32_1.0.0.202111181127/tools/bin/../lib/gcc/arm-none-eabi/10.3.1/../../../../arm-none-eabi/lib/thumb/v7e-m+fp/hard\libc_nano.a(lib_a-exit.o) (_global_impure_ptr)
c:/st/stm32cubeide_1.9.0/stm32cubeide/plugins/com.st.stm32cube.ide.mcu.externaltools.gnu-tools-for-stm32.10.3-2021.10.win32_1.0.0.202111181127/tools/bin/../lib/gcc/arm-none-eabi/10.3.1/../../../../arm-none-eabi/lib/thumb/v7e-m+fp/hard\libc_nano.a(lib_a-init.o)
                              c:/st/stm32cubeide_1.9.0/stm32cubeide/plugins/com.st.stm32cube.ide.mcu.externaltools.gnu-tools-for-stm32.10.3-2021.10.win32_1.0.0.202111181127/tools/bin/../lib/gcc/arm-none-eabi/10.3.1/../../../../arm-none-eabi/lib/thumb/v7e-m+fp/hard/crt0.o (__libc_init_array)
c:/st/stm32cubeide_1.9.0/stm32cubeide/plugins/com.st.stm32cube.ide.mcu.externaltools.gnu-tools-for-stm32.10.3-2021.10.win32_1.0.0.202111181127/tools/bin/../lib/gcc/arm-none-eabi/10.3.1/../../../../arm-none-eabi/lib/thumb/v7e-m+fp/hard\libc_nano.a(lib_a-memcpy-stub.o)
                              ./App/Src/app.o (memcpy)
c:/st/stm32cubeide_1.9.0/stm32cubeide/plugins/com.st.stm32cube.ide.mcu.externaltools.gnu-tools-for-stm32.10.3-2021.10.win32_1.0.0.202111181127/tools/bin/../lib/gcc/arm-none-eabi/10.3.1/../../../../arm-none-eabi/lib/thumb/v7e-m+fp/hard\libc_nano.a(lib_a-memset.o)
                              c:/st/stm32cubeide_1.9.0/stm32cubeide/plugins/com.st.stm32cube.ide.mcu.externaltools.gnu-tools-for-stm32.10.3-2021.10.win32_1.0.0.202111181127/tools/bin/../lib/gcc/arm-none-eabi/10.3.1/../../../../arm-none-eabi/lib/thumb/v7e-m+fp/hard/crt0.o (memset)
c:/st/stm32cubeide_1.9.0/stm32cubeide/plugins/com.st.stm32cube.ide.mcu.externaltools.gnu-tools-for-stm32.10.3-2021.10.win32_1.0.0.202111181127/tools/bin/../lib/gcc/arm-none-eabi/10.3.1/thumb/v7e-m+fp/hard\libgcc.a(_arm_muldf3.o)
                              ./App/Src/app.o (__aeabi_dmul)
c:/st/stm32cubeide_1.9.0/stm32cubeide/plugins/com.st.stm32cube.ide.mcu.externaltools.gnu-tools-for-stm32.10.3-2021.10.win32_1.0.0.202111181127/tools/bin/../lib/gcc/arm-none-eabi/10.3.1/thumb/v7e-m+fp/hard\libgcc.a(_arm_addsubdf3.o)
                              ./App/Src/app.o (__aeabi_i2d)
c:/st/stm32cubeide_1.9.0/stm32cubeide/plugins/com.st.stm32cube.ide.mcu.externaltools.gnu-tools-for-stm32.10.3-2021.10.win32_1.0.0.202111181127/tools/bin/../lib/gcc/arm-none-eabi/10.3.1/thumb/v7e-m+fp/hard\libgcc.a(_arm_muldivdf3.o)
                              ./App/Src/app.o (__aeabi_ddiv)
c:/st/stm32cubeide_1.9.0/stm32cubeide/plugins/com.st.stm32cube.ide.mcu.externaltools.gnu-tools-for-stm32.10.3-2021.10.win32_1.0.0.202111181127/tools/bin/../lib/gcc/arm-none-eabi/10.3.1/thumb/v7e-m+fp/hard\libgcc.a(_arm_truncdfsf2.o)
                              ./App/Src/app.o (__aeabi_d2f)
c:/st/stm32cubeide_1.9.0/stm32cubeide/plugins/com.st.stm32cube.ide.mcu.externaltools.gnu-tools-for-stm32.10.3-2021.10.win32_1.0.0.202111181127/tools/bin/../lib/gcc/arm-none-eabi/10.3.1/thumb/v7e-m+fp/hard\libgcc.a(_aeabi_uldivmod.o)
                              ./Drivers/STM32F4xx_HAL_Driver/Src/stm32f4xx_hal_rcc.o (__aeabi_uldivmod)
c:/st/stm32cubeide_1.9.0/stm32cubeide/plugins/com.st.stm32cube.ide.mcu.externaltools.gnu-tools-for-stm32.10.3-2021.10.win32_1.0.0.202111181127/tools/bin/../lib/gcc/arm-none-eabi/10.3.1/thumb/v7e-m+fp/hard\libgcc.a(_udivmoddi4.o)
                              c:/st/stm32cubeide_1.9.0/stm32cubeide/plugins/com.st.stm32cube.ide.mcu.externaltools.gnu-tools-for-stm32.10.3-2021.10.win32_1.0.0.202111181127/tools/bin/../lib/gcc/arm-none-eabi/10.3.1/thumb/v7e-m+fp/hard\libgcc.a(_aeabi_uldivmod.o) (__udivmoddi4)
[...]
Memory Configuration

Name             Origin             Length             Attributes
RAM              0x0000000020000000 0x0000000000020000 xrw
FLASH            0x0000000008000000 0x0000000000080000 xr
*default*        0x0000000000000000 0xffffffffffffffff

Linker script and memory map

LOAD c:/st/stm32cubeide_1.9.0/stm32cubeide/plugins/com.st.stm32cube.ide.mcu.externaltools.gnu-tools-for-stm32.10.3-2021.10.win32_1.0.0.202111181127/tools/bin/../lib/gcc/arm-none-eabi/10.3.1/thumb/v7e-m+fp/hard/crti.o
LOAD c:/st/stm32cubeide_1.9.0/stm32cubeide/plugins/com.st.stm32cube.ide.mcu.externaltools.gnu-tools-for-stm32.10.3-2021.10.win32_1.0.0.202111181127/tools/bin/../lib/gcc/arm-none-eabi/10.3.1/thumb/v7e-m+fp/hard/crtbegin.o
LOAD c:/st/stm32cubeide_1.9.0/stm32cubeide/plugins/com.st.stm32cube.ide.mcu.externaltools.gnu-tools-for-stm32.10.3-2021.10.win32_1.0.0.202111181127/tools/bin/../lib/gcc/arm-none-eabi/10.3.1/../../../../arm-none-eabi/lib/thumb/v7e-m+fp/hard/crt0.o
LOAD ./App/Src/app.o
LOAD ./App/Src/comm.o
LOAD ./App/Src/controller.o
LOAD ./Core/Src/main.o
LOAD ./Core/Src/stm32f4xx_hal_msp.o
LOAD ./Core/Src/stm32f4xx_it.o
LOAD ./Core/Src/syscalls.o
LOAD ./Core/Src/sysmem.o
LOAD ./Core/Src/system_stm32f4xx.o
LOAD ./Core/Startup/startup_stm32f446retx.o
LOAD ./DataPacket/Src/crc8.o
LOAD ./DataPacket/Src/dataPacketRx.o
LOAD ./DataPacket/Src/dataPacketTx.o
LOAD ./Drivers/STM32F4xx_HAL_Driver/Src/stm32f4xx_hal.o
LOAD ./Drivers/STM32F4xx_HAL_Driver/Src/stm32f4xx_hal_adc.o
LOAD ./Drivers/STM32F4xx_HAL_Driver/Src/stm32f4xx_hal_adc_ex.o
LOAD ./Drivers/STM32F4xx_HAL_Driver/Src/stm32f4xx_hal_cortex.o
LOAD ./Drivers/STM32F4xx_HAL_Driver/Src/stm32f4xx_hal_dac.o
LOAD ./Drivers/STM32F4xx_HAL_Driver/Src/stm32f4xx_hal_dac_ex.o
LOAD ./Drivers/STM32F4xx_HAL_Driver/Src/stm32f4xx_hal_dma.o
LOAD ./Drivers/STM32F4xx_HAL_Driver/Src/stm32f4xx_hal_dma_ex.o
LOAD ./Drivers/STM32F4xx_HAL_Driver/Src/stm32f4xx_hal_exti.o
LOAD ./Drivers/STM32F4xx_HAL_Driver/Src/stm32f4xx_hal_flash.o
LOAD ./Drivers/STM32F4xx_HAL_Driver/Src/stm32f4xx_hal_flash_ex.o
LOAD ./Drivers/STM32F4xx_HAL_Driver/Src/stm32f4xx_hal_flash_ramfunc.o
LOAD ./Drivers/STM32F4xx_HAL_Driver/Src/stm32f4xx_hal_gpio.o
LOAD ./Drivers/STM32F4xx_HAL_Driver/Src/stm32f4xx_hal_pwr.o
LOAD ./Drivers/STM32F4xx_HAL_Driver/Src/stm32f4xx_hal_pwr_ex.o
LOAD ./Drivers/STM32F4xx_HAL_Driver/Src/stm32f4xx_hal_rcc.o
LOAD ./Drivers/STM32F4xx_HAL_Driver/Src/stm32f4xx_hal_rcc_ex.o
LOAD ./Drivers/STM32F4xx_HAL_Driver/Src/stm32f4xx_hal_tim.o
LOAD ./Drivers/STM32F4xx_HAL_Driver/Src/stm32f4xx_hal_tim_ex.o
LOAD ./Drivers/STM32F4xx_HAL_Driver/Src/stm32f4xx_hal_uart.o
LOAD ./Drivers/STM32F4xx_HAL_Driver/Src/stm32f4xx_ll_adc.o
LOAD ./Dsp/Src/movingAverage.o
LOAD ./Pid/Src/pid.o
START GROUP
LOAD c:/st/stm32cubeide_1.9.0/stm32cubeide/plugins/com.st.stm32cube.ide.mcu.externaltools.gnu-tools-for-stm32.10.3-2021.10.win32_1.0.0.202111181127/tools/bin/../lib/gcc/arm-none-eabi/10.3.1/../../../../arm-none-eabi/lib/thumb/v7e-m+fp/hard\libc_nano.a
LOAD c:/st/stm32cubeide_1.9.0/stm32cubeide/plugins/com.st.stm32cube.ide.mcu.externaltools.gnu-tools-for-stm32.10.3-2021.10.win32_1.0.0.202111181127/tools/bin/../lib/gcc/arm-none-eabi/10.3.1/../../../../arm-none-eabi/lib/thumb/v7e-m+fp/hard\libm.a
END GROUP
START GROUP
LOAD c:/st/stm32cubeide_1.9.0/stm32cubeide/plugins/com.st.stm32cube.ide.mcu.externaltools.gnu-tools-for-stm32.10.3-2021.10.win32_1.0.0.202111181127/tools/bin/../lib/gcc/arm-none-eabi/10.3.1/thumb/v7e-m+fp/hard\libgcc.a
LOAD c:/st/stm32cubeide_1.9.0/stm32cubeide/plugins/com.st.stm32cube.ide.mcu.externaltools.gnu-tools-for-stm32.10.3-2021.10.win32_1.0.0.202111181127/tools/bin/../lib/gcc/arm-none-eabi/10.3.1/../../../../arm-none-eabi/lib/thumb/v7e-m+fp/hard\libc_nano.a
END GROUP
START GROUP
LOAD c:/st/stm32cubeide_1.9.0/stm32cubeide/plugins/com.st.stm32cube.ide.mcu.externaltools.gnu-tools-for-stm32.10.3-2021.10.win32_1.0.0.202111181127/tools/bin/../lib/gcc/arm-none-eabi/10.3.1/thumb/v7e-m+fp/hard\libgcc.a
LOAD c:/st/stm32cubeide_1.9.0/stm32cubeide/plugins/com.st.stm32cube.ide.mcu.externaltools.gnu-tools-for-stm32.10.3-2021.10.win32_1.0.0.202111181127/tools/bin/../lib/gcc/arm-none-eabi/10.3.1/../../../../arm-none-eabi/lib/thumb/v7e-m+fp/hard\libc_nano.a
LOAD c:/st/stm32cubeide_1.9.0/stm32cubeide/plugins/com.st.stm32cube.ide.mcu.externaltools.gnu-tools-for-stm32.10.3-2021.10.win32_1.0.0.202111181127/tools/bin/../lib/gcc/arm-none-eabi/10.3.1/../../../../arm-none-eabi/lib/thumb/v7e-m+fp/hard\libnosys.a
END GROUP
START GROUP
LOAD c:/st/stm32cubeide_1.9.0/stm32cubeide/plugins/com.st.stm32cube.ide.mcu.externaltools.gnu-tools-for-stm32.10.3-2021.10.win32_1.0.0.202111181127/tools/bin/../lib/gcc/arm-none-eabi/10.3.1/thumb/v7e-m+fp/hard\libgcc.a
LOAD c:/st/stm32cubeide_1.9.0/stm32cubeide/plugins/com.st.stm32cube.ide.mcu.externaltools.gnu-tools-for-stm32.10.3-2021.10.win32_1.0.0.202111181127/tools/bin/../lib/gcc/arm-none-eabi/10.3.1/../../../../arm-none-eabi/lib/thumb/v7e-m+fp/hard\libc_nano.a
LOAD c:/st/stm32cubeide_1.9.0/stm32cubeide/plugins/com.st.stm32cube.ide.mcu.externaltools.gnu-tools-for-stm32.10.3-2021.10.win32_1.0.0.202111181127/tools/bin/../lib/gcc/arm-none-eabi/10.3.1/../../../../arm-none-eabi/lib/thumb/v7e-m+fp/hard\libnosys.a
END GROUP
LOAD c:/st/stm32cubeide_1.9.0/stm32cubeide/plugins/com.st.stm32cube.ide.mcu.externaltools.gnu-tools-for-stm32.10.3-2021.10.win32_1.0.0.202111181127/tools/bin/../lib/gcc/arm-none-eabi/10.3.1/thumb/v7e-m+fp/hard/crtend.o
LOAD c:/st/stm32cubeide_1.9.0/stm32cubeide/plugins/com.st.stm32cube.ide.mcu.externaltools.gnu-tools-for-stm32.10.3-2021.10.win32_1.0.0.202111181127/tools/bin/../lib/gcc/arm-none-eabi/10.3.1/thumb/v7e-m+fp/hard/crtn.o
                0x0000000020020000                _estack = (ORIGIN (RAM) + LENGTH (RAM))
                0x0000000000000200                _Min_Heap_Size = 0x200
                0x0000000000000400                _Min_Stack_Size = 0x400

.isr_vector     0x0000000008000000      0x1c4
                0x0000000008000000                . = ALIGN (0x4)
 *(.isr_vector)
 .isr_vector    0x0000000008000000      0x1c4 ./Core/Startup/startup_stm32f446retx.o
                0x0000000008000000                g_pfnVectors
                0x00000000080001c4                . = ALIGN (0x4)

.text           0x00000000080001c8     0x7394
                0x00000000080001c8                . = ALIGN (0x4)
 *(.text)
 .text          0x00000000080001c8       0x40 c:/st/stm32cubeide_1.9.0/stm32cubeide/plugins/com.st.stm32cube.ide.mcu.externaltools.gnu-tools-for-stm32.10.3-2021.10.win32_1.0.0.202111181127/tools/bin/../lib/gcc/arm-none-eabi/10.3.1/thumb/v7e-m+fp/hard/crtbegin.o
 .text          0x0000000008000208      0x378 c:/st/stm32cubeide_1.9.0/stm32cubeide/plugins/com.st.stm32cube.ide.mcu.externaltools.gnu-tools-for-stm32.10.3-2021.10.win32_1.0.0.202111181127/tools/bin/../lib/gcc/arm-none-eabi/10.3.1/thumb/v7e-m+fp/hard\libgcc.a(_arm_addsubdf3.o)
                0x0000000008000208                __aeabi_drsub
                0x0000000008000210                __aeabi_dsub
                0x0000000008000210                __subdf3
                0x0000000008000214                __aeabi_dadd
                0x0000000008000214                __adddf3
                0x000000000800048c                __floatunsidf
                0x000000000800048c                __aeabi_ui2d
                0x00000000080004ac                __floatsidf
                0x00000000080004ac                __aeabi_i2d
                0x00000000080004d0                __aeabi_f2d
                0x00000000080004d0                __extendsfdf2
                0x0000000008000514                __floatundidf
                0x0000000008000514                __aeabi_ul2d
                0x0000000008000524                __floatdidf
                0x0000000008000524                __aeabi_l2d
 .text          0x0000000008000580      0x424 c:/st/stm32cubeide_1.9.0/stm32cubeide/plugins/com.st.stm32cube.ide.mcu.externaltools.gnu-tools-for-stm32.10.3-2021.10.win32_1.0.0.202111181127/tools/bin/../lib/gcc/arm-none-eabi/10.3.1/thumb/v7e-m+fp/hard\libgcc.a(_arm_muldivdf3.o)
                0x0000000008000580                __aeabi_dmul
                0x0000000008000580                __muldf3
                0x00000000080007d4                __divdf3
                0x00000000080007d4                __aeabi_ddiv
 .text          0x00000000080009a4       0xa0 c:/st/stm32cubeide_1.9.0/stm32cubeide/plugins/com.st.stm32cube.ide.mcu.externaltools.gnu-tools-for-stm32.10.3-2021.10.win32_1.0.0.202111181127/tools/bin/../lib/gcc/arm-none-eabi/10.3.1/thumb/v7e-m+fp/hard\libgcc.a(_arm_truncdfsf2.o)
                0x00000000080009a4                __truncdfsf2
                0x00000000080009a4                __aeabi_d2f
 .text          0x0000000008000a44       0x30 c:/st/stm32cubeide_1.9.0/stm32cubeide/plugins/com.st.stm32cube.ide.mcu.externaltools.gnu-tools-for-stm32.10.3-2021.10.win32_1.0.0.202111181127/tools/bin/../lib/gcc/arm-none-eabi/10.3.1/thumb/v7e-m+fp/hard\libgcc.a(_aeabi_uldivmod.o)
                0x0000000008000a44                __aeabi_uldivmod
 .text          0x0000000008000a74      0x2d0 c:/st/stm32cubeide_1.9.0/stm32cubeide/plugins/com.st.stm32cube.ide.mcu.externaltools.gnu-tools-for-stm32.10.3-2021.10.win32_1.0.0.202111181127/tools/bin/../lib/gcc/arm-none-eabi/10.3.1/thumb/v7e-m+fp/hard\libgcc.a(_udivmoddi4.o)
                0x0000000008000a74                __udivmoddi4
 .text          0x0000000008000d44        0x4 c:/st/stm32cubeide_1.9.0/stm32cubeide/plugins/com.st.stm32cube.ide.mcu.externaltools.gnu-tools-for-stm32.10.3-2021.10.win32_1.0.0.202111181127/tools/bin/../lib/gcc/arm-none-eabi/10.3.1/thumb/v7e-m+fp/hard\libgcc.a(_dvmd_tls.o)
                0x0000000008000d44                __aeabi_idiv0
                0x0000000008000d44                __aeabi_ldiv0
 *(.text*)
 .text.appInit  0x0000000008000d48       0x9c ./App/Src/app.o
                0x0000000008000d48                appInit
 .text.appExecuteBlinkLed
                0x0000000008000de4       0x20 ./App/Src/app.o
                0x0000000008000de4                appExecuteBlinkLed
 .text.appGetBlinkDelay
                0x0000000008000e04       0x18 ./App/Src/app.o
                0x0000000008000e04                appGetBlinkDelay
 .text.appRunController
                0x0000000008000e1c       0x1c ./App/Src/app.o
                0x0000000008000e1c                appRunController
 .text.appGetCurrentInMiliAmps
                0x0000000008000e38       0xb4 ./App/Src/app.o
                0x0000000008000e38                appGetCurrentInMiliAmps
 .text.appAddNewValueToFilter
                0x0000000008000eec       0x22 ./App/Src/app.o
                0x0000000008000eec                appAddNewValueToFilter
 .text.appGetFilterResult
                0x0000000008000f0e       0x1e ./App/Src/app.o
                0x0000000008000f0e                appGetFilterResult
 .text.appAppendReceivedByte
                0x0000000008000f2c       0x22 ./App/Src/app.o
                0x0000000008000f2c                appAppendReceivedByte
 .text.appDecodeReceivedData
                0x0000000008000f4e       0x1a ./App/Src/app.o
                0x0000000008000f4e                appDecodeReceivedData
 .text.appExtractCommandAndPayloadFromDecodedData
                0x0000000008000f68       0x1a ./App/Src/app.o
                0x0000000008000f68                appExtractCommandAndPayloadFromDecodedData
 .text.appDecodeExtractedCommand
                0x0000000008000f82       0x1c ./App/Src/app.o
                0x0000000008000f82                appDecodeExtractedCommand
 .text.appSendData
                0x0000000008000f9e       0x1c ./App/Src/app.o
                0x0000000008000f9e                appSendData
 .text.appGetPidKp
                0x0000000008000fba       0x22 ./App/Src/app.o
                0x0000000008000fba                appGetPidKp
 .text.appSetPidKp
                0x0000000008000fdc       0x24 ./App/Src/app.o
                0x0000000008000fdc                appSetPidKp
 .text.appGetPidKi
                0x0000000008001000       0x22 ./App/Src/app.o
                0x0000000008001000                appGetPidKi
 .text.appSetPidKi
                0x0000000008001022       0x24 ./App/Src/app.o
                0x0000000008001022                appSetPidKi
 .text.appGetPidKd
                0x0000000008001046       0x22 ./App/Src/app.o
                0x0000000008001046                appGetPidKd
 .text.appSetPidKd
                0x0000000008001068       0x24 ./App/Src/app.o
                0x0000000008001068                appSetPidKd
 .text.appGetPidInterval
                0x000000000800108c       0x38 ./App/Src/app.o
                0x000000000800108c                appGetPidInterval
 .text.appSetPidInterval
                0x00000000080010c4       0x44 ./App/Src/app.o
                0x00000000080010c4                appSetPidInterval
 .text.appGetPidMinSumOfErrors
                0x0000000008001108       0x1e ./App/Src/app.o
                0x0000000008001108                appGetPidMinSumOfErrors
 .text.appSetPidMinSumOfErrors
                0x0000000008001126       0x20 ./App/Src/app.o
                0x0000000008001126                appSetPidMinSumOfErrors
 .text.appGetPidMaxSumOfErrors
                0x0000000008001146       0x1e ./App/Src/app.o
                0x0000000008001146                appGetPidMaxSumOfErrors
 .text.appSetPidMaxSumOfErrors
                0x0000000008001164       0x20 ./App/Src/app.o
                0x0000000008001164                appSetPidMaxSumOfErrors
 .text.appGetPidMinControlledVariable
                0x0000000008001184       0x1e ./App/Src/app.o
                0x0000000008001184                appGetPidMinControlledVariable
 .text.appSetPidMinControlledVariable
                0x00000000080011a2       0x20 ./App/Src/app.o
                0x00000000080011a2                appSetPidMinControlledVariable
 .text.appGetPidMaxControlledVariable
                0x00000000080011c2       0x1e ./App/Src/app.o
                0x00000000080011c2                appGetPidMaxControlledVariable
 .text.appSetPidMaxControlledVariable
                0x00000000080011e0       0x20 ./App/Src/app.o
                0x00000000080011e0                appSetPidMaxControlledVariable
 .text.appGetPidOffset
                0x0000000008001200       0x22 ./App/Src/app.o
                0x0000000008001200                appGetPidOffset
 .text.appSetPidOffset
                0x0000000008001222       0x24 ./App/Src/app.o
                0x0000000008001222                appSetPidOffset
 .text.appGetPidBias
                0x0000000008001246       0x22 ./App/Src/app.o
                0x0000000008001246                appGetPidBias
 .text.appSetPidBias
                0x0000000008001268       0x24 ./App/Src/app.o
                0x0000000008001268                appSetPidBias
 .text.appGetPidSetpoint
                0x000000000800128c       0x22 ./App/Src/app.o
                0x000000000800128c                appGetPidSetpoint
 *fill*         0x00000000080012ae        0x2 
 .text.appSetPidSetpoint
                0x00000000080012b0       0x58 ./App/Src/app.o
                0x00000000080012b0                appSetPidSetpoint
 .text.appGetPidProcessVariable
                0x0000000008001308       0x22 ./App/Src/app.o
                0x0000000008001308                appGetPidProcessVariable
 .text.appSetPidProcessVariable
                0x000000000800132a       0x2c ./App/Src/app.o
                0x000000000800132a                appSetPidProcessVariable
 .text.appGetRunPidControllerStatus
                0x0000000008001356       0x1e ./App/Src/app.o
                0x0000000008001356                appGetRunPidControllerStatus
 .text.appSetRunPidControllerStatus
                0x0000000008001374       0x24 ./App/Src/app.o
                0x0000000008001374                appSetRunPidControllerStatus
 .text.appGetSamplingInterval
                0x0000000008001398       0x1e ./App/Src/app.o
                0x0000000008001398                appGetSamplingInterval
 .text.appSetSamplingInterval
                0x00000000080013b6       0x2e ./App/Src/app.o
                0x00000000080013b6                appSetSamplingInterval
 .text.appGetMovingAverageFilterWindow
                0x00000000080013e4       0x1e ./App/Src/app.o
                0x00000000080013e4                appGetMovingAverageFilterWindow
 .text.appSetMovingAverageFilterWindow
                0x0000000008001402       0x24 ./App/Src/app.o
                0x0000000008001402                appSetMovingAverageFilterWindow
 .text.appSetEnableSendKeepAliveMessage
                0x0000000008001426       0x22 ./App/Src/app.o
                0x0000000008001426                appSetEnableSendKeepAliveMessage
 .text.commInit
                0x0000000008001448       0x9a ./App/Src/comm.o
                0x0000000008001448                commInit
 .text.commTrySendData
                0x00000000080014e2       0x80 ./App/Src/comm.o
                0x00000000080014e2                commTrySendData
 *fill*         0x0000000008001562        0x2 
 .text.commSendCurrentConfigDataValues
                0x0000000008001564      0x380 ./App/Src/comm.o
                0x0000000008001564                commSendCurrentConfigDataValues
 .text.commSendCurrentPidSetpointValue
                0x00000000080018e4      0x118 ./App/Src/comm.o
                0x00000000080018e4                commSendCurrentPidSetpointValue
 .text.commSendKeepAliveMessage
                0x00000000080019fc       0xec ./App/Src/comm.o
                0x00000000080019fc                commSendKeepAliveMessage
 .text.commSendProcessVariable
                0x0000000008001ae8      0x10c ./App/Src/comm.o
                0x0000000008001ae8                commSendProcessVariable
 .text.commSetData
                0x0000000008001bf4       0x34 ./App/Src/comm.o
                0x0000000008001bf4                commSetData
 .text.commClearData
                0x0000000008001c28       0x20 ./App/Src/comm.o
                0x0000000008001c28                commClearData
 .text.commAppendReceivedByte
                0x0000000008001c48       0x22 ./App/Src/comm.o
                0x0000000008001c48                commAppendReceivedByte
 .text.commTryDecodeReceivedDataPacket
                0x0000000008001c6a       0x1a ./App/Src/comm.o
                0x0000000008001c6a                commTryDecodeReceivedDataPacket
 .text.commTryExtractCommandAndPayloadFromDecodedDataPacket
                0x0000000008001c84       0x76 ./App/Src/comm.o
                0x0000000008001c84                commTryExtractCommandAndPayloadFromDecodedDataPacket
 .text.commTryDecodeExtractedCommand
                0x0000000008001cfa       0x2e ./App/Src/comm.o
                0x0000000008001cfa                commTryDecodeExtractedCommand
 .text.commDecodeReceivedCommand
                0x0000000008001d28      0x424 ./App/Src/comm.o
                0x0000000008001d28                commDecodeReceivedCommand
 .text.commGetEnableSendProcessVariable
                0x000000000800214c       0x1a ./App/Src/comm.o
                0x000000000800214c                commGetEnableSendProcessVariable
 .text.commSetEnableSendProcessVariable
                0x0000000008002166       0x20 ./App/Src/comm.o
                0x0000000008002166                commSetEnableSendProcessVariable
 .text.commGetEnableSendCurrentConfigDataValues
                0x0000000008002186       0x1a ./App/Src/comm.o
                0x0000000008002186                commGetEnableSendCurrentConfigDataValues
 .text.commSetEnableSendCurrentConfigDataValues
                0x00000000080021a0       0x20 ./App/Src/comm.o
                0x00000000080021a0                commSetEnableSendCurrentConfigDataValues
 .text.commGetEnableSendCurrentPidSetpointValue
                0x00000000080021c0       0x1a ./App/Src/comm.o
                0x00000000080021c0                commGetEnableSendCurrentPidSetpointValue
 .text.commSetEnableSendCurrentPidSetpointValue
                0x00000000080021da       0x20 ./App/Src/comm.o
                0x00000000080021da                commSetEnableSendCurrentPidSetpointValue
 .text.commGetEnableSendKeepAliveMessage
                0x00000000080021fa       0x1a ./App/Src/comm.o
                0x00000000080021fa                commGetEnableSendKeepAliveMessage
 .text.commSetEnableSendKeepAliveMessage
                0x0000000008002214       0x20 ./App/Src/comm.o
                0x0000000008002214                commSetEnableSendKeepAliveMessage
 .text.commGetDecodeCommandStatus
                0x0000000008002234       0x1a ./App/Src/comm.o
                0x0000000008002234                commGetDecodeCommandStatus
 .text.commSetDecodeCommandStatus
                0x000000000800224e       0x20 ./App/Src/comm.o
                0x000000000800224e                commSetDecodeCommandStatus
 .text.commGetCommand
                0x000000000800226e       0x1a ./App/Src/comm.o
                0x000000000800226e                commGetCommand
 .text.commSetCommand
                0x0000000008002288       0x20 ./App/Src/comm.o
                0x0000000008002288                commSetCommand
 .text.commSetDataLenght
                0x00000000080022a8       0x20 ./App/Src/comm.o
                0x00000000080022a8                commSetDataLenght
 .text.controllerInit
                0x00000000080022c8       0x88 ./App/Src/controller.o
                0x00000000080022c8                controllerInit
 .text.controllerRunPidController
                0x0000000008002350       0x3e ./App/Src/controller.o
                0x0000000008002350                controllerRunPidController
 .text.controllerGetPidKp
                0x000000000800238e       0x1e ./App/Src/controller.o
                0x000000000800238e                controllerGetPidKp
 .text.controllerSetPidKp
                0x00000000080023ac       0x20 ./App/Src/controller.o
                0x00000000080023ac                controllerSetPidKp
 .text.controllerGetPidKi
                0x00000000080023cc       0x1e ./App/Src/controller.o
                0x00000000080023cc                controllerGetPidKi
 .text.controllerSetPidKi
                0x00000000080023ea       0x20 ./App/Src/controller.o
                0x00000000080023ea                controllerSetPidKi
 .text.controllerGetPidKd
                0x000000000800240a       0x1e ./App/Src/controller.o
                0x000000000800240a                controllerGetPidKd
 .text.controllerSetPidKd
                0x0000000008002428       0x20 ./App/Src/controller.o
                0x0000000008002428                controllerSetPidKd
 .text.controllerGetPidInterval
                0x0000000008002448       0x1e ./App/Src/controller.o
                0x0000000008002448                controllerGetPidInterval
 .text.controllerSetPidInterval
                0x0000000008002466       0x20 ./App/Src/controller.o
                0x0000000008002466                controllerSetPidInterval
 .text.controllerGetPidMinSumOfErrors
                0x0000000008002486       0x1a ./App/Src/controller.o
                0x0000000008002486                controllerGetPidMinSumOfErrors
 .text.controllerSetPidMinSumOfErrors
                0x00000000080024a0       0x1c ./App/Src/controller.o
                0x00000000080024a0                controllerSetPidMinSumOfErrors
 .text.controllerGetPidMaxSumOfErrors
                0x00000000080024bc       0x1a ./App/Src/controller.o
                0x00000000080024bc                controllerGetPidMaxSumOfErrors
 .text.controllerSetPidMaxSumOfErrors
                0x00000000080024d6       0x1c ./App/Src/controller.o
                0x00000000080024d6                controllerSetPidMaxSumOfErrors
 .text.controllerGetPidMinControlledVariable
                0x00000000080024f2       0x1a ./App/Src/controller.o
                0x00000000080024f2                controllerGetPidMinControlledVariable
 .text.controllerSetPidMinControlledVariable
                0x000000000800250c       0x1c ./App/Src/controller.o
                0x000000000800250c                controllerSetPidMinControlledVariable
 .text.controllerGetPidMaxControlledVariable
                0x0000000008002528       0x1a ./App/Src/controller.o
                0x0000000008002528                controllerGetPidMaxControlledVariable
 .text.controllerSetPidMaxControlledVariable
                0x0000000008002542       0x1c ./App/Src/controller.o
                0x0000000008002542                controllerSetPidMaxControlledVariable
 .text.controllerGetPidOffset
                0x000000000800255e       0x1e ./App/Src/controller.o
                0x000000000800255e                controllerGetPidOffset
 .text.controllerSetPidOffset
                0x000000000800257c       0x20 ./App/Src/controller.o
                0x000000000800257c                controllerSetPidOffset
 .text.controllerGetPidBias
                0x000000000800259c       0x1e ./App/Src/controller.o
                0x000000000800259c                controllerGetPidBias
 .text.controllerSetPidBias
                0x00000000080025ba       0x20 ./App/Src/controller.o
                0x00000000080025ba                controllerSetPidBias
 .text.controllerGetPidSetpoint
                0x00000000080025da       0x1e ./App/Src/controller.o
                0x00000000080025da                controllerGetPidSetpoint
 .text.controllerSetPidSetpoint
                0x00000000080025f8       0x20 ./App/Src/controller.o
                0x00000000080025f8                controllerSetPidSetpoint
 .text.controllerGetPidProcessVariable
                0x0000000008002618       0x1e ./App/Src/controller.o
                0x0000000008002618                controllerGetPidProcessVariable
 .text.controllerSetPidProcessVariable
                0x0000000008002636       0x20 ./App/Src/controller.o
                0x0000000008002636                controllerSetPidProcessVariable
 .text.controllerGetRunPidControllerStatus
                0x0000000008002656       0x1a ./App/Src/controller.o
                0x0000000008002656                controllerGetRunPidControllerStatus
 .text.controllerSetRunPidControllerStatus
                0x0000000008002670       0x3a ./App/Src/controller.o
                0x0000000008002670                controllerSetRunPidControllerStatus
 .text.controllerGetSamplingInterval
                0x00000000080026aa       0x1a ./App/Src/controller.o
                0x00000000080026aa                controllerGetSamplingInterval
 .text.controllerSetSamplingInterval
                0x00000000080026c4       0x20 ./App/Src/controller.o
                0x00000000080026c4                controllerSetSamplingInterval
 .text.HAL_TIM_PeriodElapsedCallback
                0x00000000080026e4       0x80 ./Core/Src/main.o
                0x00000000080026e4                HAL_TIM_PeriodElapsedCallback
 .text.HAL_UART_RxCpltCallback
                0x0000000008002764       0x40 ./Core/Src/main.o
                0x0000000008002764                HAL_UART_RxCpltCallback
 .text.main     0x00000000080027a4      0x210 ./Core/Src/main.o
                0x00000000080027a4                main
 .text.SystemClock_Config
                0x00000000080029b4       0xe4 ./Core/Src/main.o
                0x00000000080029b4                SystemClock_Config
 .text.MX_ADC1_Init
                0x0000000008002a98       0xa4 ./Core/Src/main.o
 .text.MX_DAC_Init
                0x0000000008002b3c       0x54 ./Core/Src/main.o
 .text.MX_TIM9_Init
                0x0000000008002b90       0x74 ./Core/Src/main.o
 .text.MX_USART2_UART_Init
                0x0000000008002c04       0x54 ./Core/Src/main.o
 .text.MX_USART3_UART_Init
                0x0000000008002c58       0x54 ./Core/Src/main.o
 .text.MX_GPIO_Init
                0x0000000008002cac       0xa4 ./Core/Src/main.o
 .text.Error_Handler
                0x0000000008002d50        0xa ./Core/Src/main.o
                0x0000000008002d50                Error_Handler
 *fill*         0x0000000008002d5a        0x2 
 .text.HAL_MspInit
                0x0000000008002d5c       0x50 ./Core/Src/stm32f4xx_hal_msp.o
                0x0000000008002d5c                HAL_MspInit
 .text.HAL_ADC_MspInit
                0x0000000008002dac       0x88 ./Core/Src/stm32f4xx_hal_msp.o
                0x0000000008002dac                HAL_ADC_MspInit
 .text.HAL_DAC_MspInit
                0x0000000008002e34       0x88 ./Core/Src/stm32f4xx_hal_msp.o
                0x0000000008002e34                HAL_DAC_MspInit
 .text.HAL_TIM_Base_MspInit
                0x0000000008002ebc       0x50 ./Core/Src/stm32f4xx_hal_msp.o
                0x0000000008002ebc                HAL_TIM_Base_MspInit
 .text.HAL_UART_MspInit
                0x0000000008002f0c      0x10c ./Core/Src/stm32f4xx_hal_msp.o
                0x0000000008002f0c                HAL_UART_MspInit
 .text.NMI_Handler
                0x0000000008003018        0x6 ./Core/Src/stm32f4xx_it.o
                0x0000000008003018                NMI_Handler
 .text.HardFault_Handler
                0x000000000800301e        0x6 ./Core/Src/stm32f4xx_it.o
                0x000000000800301e                HardFault_Handler
 .text.MemManage_Handler
                0x0000000008003024        0x6 ./Core/Src/stm32f4xx_it.o
                0x0000000008003024                MemManage_Handler
 .text.BusFault_Handler
                0x000000000800302a        0x6 ./Core/Src/stm32f4xx_it.o
                0x000000000800302a                BusFault_Handler
 .text.UsageFault_Handler
                0x0000000008003030        0x6 ./Core/Src/stm32f4xx_it.o
                0x0000000008003030                UsageFault_Handler
 .text.SVC_Handler
                0x0000000008003036        0xe ./Core/Src/stm32f4xx_it.o
                0x0000000008003036                SVC_Handler
 .text.DebugMon_Handler
                0x0000000008003044        0xe ./Core/Src/stm32f4xx_it.o
                0x0000000008003044                DebugMon_Handler
 .text.PendSV_Handler
                0x0000000008003052        0xe ./Core/Src/stm32f4xx_it.o
                0x0000000008003052                PendSV_Handler
 .text.SysTick_Handler
                0x0000000008003060        0xc ./Core/Src/stm32f4xx_it.o
                0x0000000008003060                SysTick_Handler
 .text.TIM1_BRK_TIM9_IRQHandler
                0x000000000800306c       0x14 ./Core/Src/stm32f4xx_it.o
                0x000000000800306c                TIM1_BRK_TIM9_IRQHandler
 .text.USART2_IRQHandler
                0x0000000008003080       0x14 ./Core/Src/stm32f4xx_it.o
                0x0000000008003080                USART2_IRQHandler
 .text.SystemInit
                0x0000000008003094       0x24 ./Core/Src/system_stm32f4xx.o
                0x0000000008003094                SystemInit
 .text.Reset_Handler
                0x00000000080030b8       0x50 ./Core/Startup/startup_stm32f446retx.o
                0x00000000080030b8                Reset_Handler
 .text.Default_Handler
                0x0000000008003108        0x2 ./Core/Startup/startup_stm32f446retx.o
                0x0000000008003108                RTC_Alarm_IRQHandler
                0x0000000008003108                EXTI2_IRQHandler
                0x0000000008003108                TIM8_CC_IRQHandler
                0x0000000008003108                FMPI2C1_EV_IRQHandler
                0x0000000008003108                SPI4_IRQHandler
                0x0000000008003108                TIM1_CC_IRQHandler
                0x0000000008003108                DMA2_Stream5_IRQHandler
                0x0000000008003108                DMA1_Stream5_IRQHandler
                0x0000000008003108                PVD_IRQHandler
                0x0000000008003108                SDIO_IRQHandler
                0x0000000008003108                TAMP_STAMP_IRQHandler
                0x0000000008003108                CAN2_RX1_IRQHandler
                0x0000000008003108                EXTI3_IRQHandler
                0x0000000008003108                TIM8_TRG_COM_TIM14_IRQHandler
                0x0000000008003108                TIM1_UP_TIM10_IRQHandler
                0x0000000008003108                TIM8_UP_TIM13_IRQHandler
                0x0000000008003108                I2C3_ER_IRQHandler
                0x0000000008003108                EXTI0_IRQHandler
                0x0000000008003108                I2C2_EV_IRQHandler
                0x0000000008003108                DMA1_Stream2_IRQHandler
                0x0000000008003108                CAN1_RX0_IRQHandler
                0x0000000008003108                FPU_IRQHandler
                0x0000000008003108                OTG_HS_WKUP_IRQHandler
                0x0000000008003108                CAN2_SCE_IRQHandler
                0x0000000008003108                DMA2_Stream2_IRQHandler
                0x0000000008003108                SPI1_IRQHandler
                0x0000000008003108                TIM6_DAC_IRQHandler
                0x0000000008003108                DCMI_IRQHandler
                0x0000000008003108                CAN2_RX0_IRQHandler
                0x0000000008003108                DMA2_Stream3_IRQHandler
                0x0000000008003108                SAI2_IRQHandler
                0x0000000008003108                USART6_IRQHandler
                0x0000000008003108                USART3_IRQHandler
                0x0000000008003108                CAN1_RX1_IRQHandler
                0x0000000008003108                UART5_IRQHandler
                0x0000000008003108                DMA2_Stream0_IRQHandler
                0x0000000008003108                TIM4_IRQHandler
                0x0000000008003108                QUADSPI_IRQHandler
                0x0000000008003108                I2C1_EV_IRQHandler
                0x0000000008003108                DMA1_Stream6_IRQHandler
                0x0000000008003108                DMA1_Stream1_IRQHandler
                0x0000000008003108                UART4_IRQHandler
                0x0000000008003108                TIM3_IRQHandler
                0x0000000008003108                RCC_IRQHandler
                0x0000000008003108                TIM8_BRK_TIM12_IRQHandler
                0x0000000008003108                Default_Handler
                0x0000000008003108                CEC_IRQHandler
                0x0000000008003108                EXTI15_10_IRQHandler
                0x0000000008003108                ADC_IRQHandler
                0x0000000008003108                DMA1_Stream7_IRQHandler
                0x0000000008003108                TIM7_IRQHandler
                0x0000000008003108                CAN2_TX_IRQHandler
                0x0000000008003108                TIM5_IRQHandler
                0x0000000008003108                DMA2_Stream7_IRQHandler
                0x0000000008003108                I2C3_EV_IRQHandler
                0x0000000008003108                EXTI9_5_IRQHandler
                0x0000000008003108                RTC_WKUP_IRQHandler
                0x0000000008003108                SPDIF_RX_IRQHandler
                0x0000000008003108                SPI2_IRQHandler
                0x0000000008003108                OTG_HS_EP1_IN_IRQHandler
                0x0000000008003108                DMA1_Stream0_IRQHandler
                0x0000000008003108                CAN1_TX_IRQHandler
                0x0000000008003108                FMPI2C1_ER_IRQHandler
                0x0000000008003108                EXTI4_IRQHandler
                0x0000000008003108                OTG_HS_EP1_OUT_IRQHandler
                0x0000000008003108                WWDG_IRQHandler
                0x0000000008003108                TIM2_IRQHandler
                0x0000000008003108                OTG_FS_WKUP_IRQHandler
                0x0000000008003108                TIM1_TRG_COM_TIM11_IRQHandler
                0x0000000008003108                OTG_HS_IRQHandler
                0x0000000008003108                EXTI1_IRQHandler
                0x0000000008003108                I2C2_ER_IRQHandler
                0x0000000008003108                DMA2_Stream1_IRQHandler
                0x0000000008003108                CAN1_SCE_IRQHandler
                0x0000000008003108                FLASH_IRQHandler
                0x0000000008003108                DMA2_Stream4_IRQHandler
                0x0000000008003108                USART1_IRQHandler
                0x0000000008003108                OTG_FS_IRQHandler
                0x0000000008003108                SPI3_IRQHandler
                0x0000000008003108                DMA1_Stream4_IRQHandler
                0x0000000008003108                I2C1_ER_IRQHandler
                0x0000000008003108                FMC_IRQHandler
                0x0000000008003108                DMA2_Stream6_IRQHandler
                0x0000000008003108                SAI1_IRQHandler
                0x0000000008003108                DMA1_Stream3_IRQHandler
 .text.genCrc   0x000000000800310a       0x4a ./DataPacket/Src/crc8.o
                0x000000000800310a                genCrc
 .text.calcCrc8
                0x0000000008003154       0x40 ./DataPacket/Src/crc8.o
 .text.dataPacketRxInit
                0x0000000008003194       0x7c ./DataPacket/Src/dataPacketRx.o
                0x0000000008003194                dataPacketRxInit
 .text.dataPacketRxAppend
                0x0000000008003210       0x66 ./DataPacket/Src/dataPacketRx.o
                0x0000000008003210                dataPacketRxAppend
 .text.dataPacketRxDecode
                0x0000000008003276      0x186 ./DataPacket/Src/dataPacketRx.o
                0x0000000008003276                dataPacketRxDecode
 .text.dataPacketRxClear
                0x00000000080033fc       0x68 ./DataPacket/Src/dataPacketRx.o
                0x00000000080033fc                dataPacketRxClear
 .text.dataPacketRxSetCommand
                0x0000000008003464       0x34 ./DataPacket/Src/dataPacketRx.o
                0x0000000008003464                dataPacketRxSetCommand
 .text.dataPacketRxGetCommand
                0x0000000008003498       0x18 ./DataPacket/Src/dataPacketRx.o
                0x0000000008003498                dataPacketRxGetCommand
 .text.dataPacketRxSetPayloadData
                0x00000000080034b0       0x32 ./DataPacket/Src/dataPacketRx.o
                0x00000000080034b0                dataPacketRxSetPayloadData
 .text.dataPacketRxGetPayloadData
                0x00000000080034e2       0x18 ./DataPacket/Src/dataPacketRx.o
                0x00000000080034e2                dataPacketRxGetPayloadData
 .text.dataPacketRxGetPayloadDataLength
                0x00000000080034fa       0x18 ./DataPacket/Src/dataPacketRx.o
                0x00000000080034fa                dataPacketRxGetPayloadDataLength
 .text.dataPacketRxGetDataPacketStatus
                0x0000000008003512       0x1a ./DataPacket/Src/dataPacketRx.o
                0x0000000008003512                dataPacketRxGetDataPacketStatus
 .text.dataPacketTxInit
                0x000000000800352c       0x64 ./DataPacket/Src/dataPacketTx.o
                0x000000000800352c                dataPacketTxInit
 .text.dataPacketTxMount
                0x0000000008003590       0x9c ./DataPacket/Src/dataPacketTx.o
                0x0000000008003590                dataPacketTxMount
 .text.dataPacketTxUartSend
                0x000000000800362c       0x42 ./DataPacket/Src/dataPacketTx.o
                0x000000000800362c                dataPacketTxUartSend
 .text.dataPacketTxClear
                0x000000000800366e       0x3c ./DataPacket/Src/dataPacketTx.o
                0x000000000800366e                dataPacketTxClear
 .text.dataPacketTxPayloadDataClear
                0x00000000080036aa       0x3c ./DataPacket/Src/dataPacketTx.o
                0x00000000080036aa                dataPacketTxPayloadDataClear
 .text.dataPacketTxSetCommand
                0x00000000080036e6       0x34 ./DataPacket/Src/dataPacketTx.o
                0x00000000080036e6                dataPacketTxSetCommand
 .text.dataPacketTxSetPayloadData
                0x000000000800371a       0x32 ./DataPacket/Src/dataPacketTx.o
                0x000000000800371a                dataPacketTxSetPayloadData
 .text.HAL_Init
                0x000000000800374c       0x44 ./Drivers/STM32F4xx_HAL_Driver/Src/stm32f4xx_hal.o
                0x000000000800374c                HAL_Init
 .text.HAL_InitTick
                0x0000000008003790       0x60 ./Drivers/STM32F4xx_HAL_Driver/Src/stm32f4xx_hal.o
                0x0000000008003790                HAL_InitTick
 .text.HAL_IncTick
                0x00000000080037f0       0x28 ./Drivers/STM32F4xx_HAL_Driver/Src/stm32f4xx_hal.o
                0x00000000080037f0                HAL_IncTick
 .text.HAL_GetTick
                0x0000000008003818       0x18 ./Drivers/STM32F4xx_HAL_Driver/Src/stm32f4xx_hal.o
                0x0000000008003818                HAL_GetTick
 .text.HAL_ADC_Init
                0x0000000008003830       0x86 ./Drivers/STM32F4xx_HAL_Driver/Src/stm32f4xx_hal_adc.o
                0x0000000008003830                HAL_ADC_Init
 *fill*         0x00000000080038b6        0x2 
 .text.HAL_ADC_Start
                0x00000000080038b8      0x1a4 ./Drivers/STM32F4xx_HAL_Driver/Src/stm32f4xx_hal_adc.o
                0x00000000080038b8                HAL_ADC_Start
 .text.HAL_ADC_Stop
                0x0000000008003a5c       0x66 ./Drivers/STM32F4xx_HAL_Driver/Src/stm32f4xx_hal_adc.o
                0x0000000008003a5c                HAL_ADC_Stop
 .text.HAL_ADC_PollForConversion
                0x0000000008003ac2      0x116 ./Drivers/STM32F4xx_HAL_Driver/Src/stm32f4xx_hal_adc.o
                0x0000000008003ac2                HAL_ADC_PollForConversion
 .text.HAL_ADC_GetValue
                0x0000000008003bd8       0x1a ./Drivers/STM32F4xx_HAL_Driver/Src/stm32f4xx_hal_adc.o
                0x0000000008003bd8                HAL_ADC_GetValue
 *fill*         0x0000000008003bf2        0x2 
 .text.HAL_ADC_ConfigChannel
                0x0000000008003bf4      0x264 ./Drivers/STM32F4xx_HAL_Driver/Src/stm32f4xx_hal_adc.o
                0x0000000008003bf4                HAL_ADC_ConfigChannel
 .text.ADC_Init
                0x0000000008003e58      0x1f8 ./Drivers/STM32F4xx_HAL_Driver/Src/stm32f4xx_hal_adc.o
 .text.__NVIC_SetPriorityGrouping
                0x0000000008004050       0x48 ./Drivers/STM32F4xx_HAL_Driver/Src/stm32f4xx_hal_cortex.o
 .text.__NVIC_GetPriorityGrouping
                0x0000000008004098       0x1c ./Drivers/STM32F4xx_HAL_Driver/Src/stm32f4xx_hal_cortex.o
 .text.__NVIC_EnableIRQ
                0x00000000080040b4       0x3c ./Drivers/STM32F4xx_HAL_Driver/Src/stm32f4xx_hal_cortex.o
 .text.__NVIC_SetPriority
                0x00000000080040f0       0x54 ./Drivers/STM32F4xx_HAL_Driver/Src/stm32f4xx_hal_cortex.o
 .text.NVIC_EncodePriority
                0x0000000008004144       0x66 ./Drivers/STM32F4xx_HAL_Driver/Src/stm32f4xx_hal_cortex.o
 *fill*         0x00000000080041aa        0x2 
 .text.SysTick_Config
                0x00000000080041ac       0x44 ./Drivers/STM32F4xx_HAL_Driver/Src/stm32f4xx_hal_cortex.o
 .text.HAL_NVIC_SetPriorityGrouping
                0x00000000080041f0       0x16 ./Drivers/STM32F4xx_HAL_Driver/Src/stm32f4xx_hal_cortex.o
                0x00000000080041f0                HAL_NVIC_SetPriorityGrouping
 .text.HAL_NVIC_SetPriority
                0x0000000008004206       0x38 ./Drivers/STM32F4xx_HAL_Driver/Src/stm32f4xx_hal_cortex.o
                0x0000000008004206                HAL_NVIC_SetPriority
 .text.HAL_NVIC_EnableIRQ
                0x000000000800423e       0x1c ./Drivers/STM32F4xx_HAL_Driver/Src/stm32f4xx_hal_cortex.o
                0x000000000800423e                HAL_NVIC_EnableIRQ
 .text.HAL_SYSTICK_Config
                0x000000000800425a       0x18 ./Drivers/STM32F4xx_HAL_Driver/Src/stm32f4xx_hal_cortex.o
                0x000000000800425a                HAL_SYSTICK_Config
 .text.HAL_DAC_Init
                0x0000000008004272       0x44 ./Drivers/STM32F4xx_HAL_Driver/Src/stm32f4xx_hal_dac.o
                0x0000000008004272                HAL_DAC_Init
 .text.HAL_DAC_Start
                0x00000000080042b6       0xa4 ./Drivers/STM32F4xx_HAL_Driver/Src/stm32f4xx_hal_dac.o
                0x00000000080042b6                HAL_DAC_Start
 .text.HAL_DAC_SetValue
                0x000000000800435a       0x4a ./Drivers/STM32F4xx_HAL_Driver/Src/stm32f4xx_hal_dac.o
                0x000000000800435a                HAL_DAC_SetValue
 .text.HAL_DAC_ConfigChannel
                0x00000000080043a4       0x9e ./Drivers/STM32F4xx_HAL_Driver/Src/stm32f4xx_hal_dac.o
                0x00000000080043a4                HAL_DAC_ConfigChannel
 .text.HAL_DMA_Abort
                0x0000000008004442       0xe0 ./Drivers/STM32F4xx_HAL_Driver/Src/stm32f4xx_hal_dma.o
                0x0000000008004442                HAL_DMA_Abort
 .text.HAL_DMA_Abort_IT
                0x0000000008004522       0x44 ./Drivers/STM32F4xx_HAL_Driver/Src/stm32f4xx_hal_dma.o
                0x0000000008004522                HAL_DMA_Abort_IT
 *fill*         0x0000000008004566        0x2 
 .text.HAL_GPIO_Init
                0x0000000008004568      0x328 ./Drivers/STM32F4xx_HAL_Driver/Src/stm32f4xx_hal_gpio.o
                0x0000000008004568                HAL_GPIO_Init
 .text.HAL_GPIO_WritePin
                0x0000000008004890       0x32 ./Drivers/STM32F4xx_HAL_Driver/Src/stm32f4xx_hal_gpio.o
                0x0000000008004890                HAL_GPIO_WritePin
 .text.HAL_GPIO_TogglePin
                0x00000000080048c2       0x34 ./Drivers/STM32F4xx_HAL_Driver/Src/stm32f4xx_hal_gpio.o
                0x00000000080048c2                HAL_GPIO_TogglePin
 *fill*         0x00000000080048f6        0x2 
 .text.HAL_PWREx_EnableOverDrive
                0x00000000080048f8       0xa0 ./Drivers/STM32F4xx_HAL_Driver/Src/stm32f4xx_hal_pwr_ex.o
                0x00000000080048f8                HAL_PWREx_EnableOverDrive
 .text.HAL_RCC_ClockConfig
                0x0000000008004998      0x1cc ./Drivers/STM32F4xx_HAL_Driver/Src/stm32f4xx_hal_rcc.o
                0x0000000008004998                HAL_RCC_ClockConfig
 .text.HAL_RCC_GetHCLKFreq
                0x0000000008004b64       0x18 ./Drivers/STM32F4xx_HAL_Driver/Src/stm32f4xx_hal_rcc.o
                0x0000000008004b64                HAL_RCC_GetHCLKFreq
 .text.HAL_RCC_GetPCLK1Freq
                0x0000000008004b7c       0x28 ./Drivers/STM32F4xx_HAL_Driver/Src/stm32f4xx_hal_rcc.o
                0x0000000008004b7c                HAL_RCC_GetPCLK1Freq
 .text.HAL_RCC_GetPCLK2Freq
                0x0000000008004ba4       0x28 ./Drivers/STM32F4xx_HAL_Driver/Src/stm32f4xx_hal_rcc.o
                0x0000000008004ba4                HAL_RCC_GetPCLK2Freq
 .text.HAL_RCC_GetSysClockFreq
                0x0000000008004bcc      0x354 ./Drivers/STM32F4xx_HAL_Driver/Src/stm32f4xx_hal_rcc_ex.o
                0x0000000008004bcc                HAL_RCC_GetSysClockFreq
 .text.HAL_RCC_OscConfig
                0x0000000008004f20      0x53c ./Drivers/STM32F4xx_HAL_Driver/Src/stm32f4xx_hal_rcc_ex.o
                0x0000000008004f20                HAL_RCC_OscConfig
 .text.HAL_TIM_Base_Init
                0x000000000800545c       0x9e ./Drivers/STM32F4xx_HAL_Driver/Src/stm32f4xx_hal_tim.o
                0x000000000800545c                HAL_TIM_Base_Init
 *fill*         0x00000000080054fa        0x2 
 .text.HAL_TIM_Base_Start_IT
                0x00000000080054fc       0xe0 ./Drivers/STM32F4xx_HAL_Driver/Src/stm32f4xx_hal_tim.o
                0x00000000080054fc                HAL_TIM_Base_Start_IT
 .text.HAL_TIM_IRQHandler
                0x00000000080055dc      0x210 ./Drivers/STM32F4xx_HAL_Driver/Src/stm32f4xx_hal_tim.o
                0x00000000080055dc                HAL_TIM_IRQHandler
 .text.HAL_TIM_ConfigClockSource
                0x00000000080057ec      0x18e ./Drivers/STM32F4xx_HAL_Driver/Src/stm32f4xx_hal_tim.o
                0x00000000080057ec                HAL_TIM_ConfigClockSource
 .text.HAL_TIM_OC_DelayElapsedCallback
                0x000000000800597a       0x14 ./Drivers/STM32F4xx_HAL_Driver/Src/stm32f4xx_hal_tim.o
                0x000000000800597a                HAL_TIM_OC_DelayElapsedCallback
 .text.HAL_TIM_IC_CaptureCallback
                0x000000000800598e       0x14 ./Drivers/STM32F4xx_HAL_Driver/Src/stm32f4xx_hal_tim.o
                0x000000000800598e                HAL_TIM_IC_CaptureCallback
 .text.HAL_TIM_PWM_PulseFinishedCallback
                0x00000000080059a2       0x14 ./Drivers/STM32F4xx_HAL_Driver/Src/stm32f4xx_hal_tim.o
                0x00000000080059a2                HAL_TIM_PWM_PulseFinishedCallback
 .text.HAL_TIM_TriggerCallback
                0x00000000080059b6       0x14 ./Drivers/STM32F4xx_HAL_Driver/Src/stm32f4xx_hal_tim.o
                0x00000000080059b6                HAL_TIM_TriggerCallback
 *fill*         0x00000000080059ca        0x2 
 .text.TIM_Base_SetConfig
                0x00000000080059cc      0x140 ./Drivers/STM32F4xx_HAL_Driver/Src/stm32f4xx_hal_tim.o
                0x00000000080059cc                TIM_Base_SetConfig
 .text.TIM_TI1_ConfigInputStage
                0x0000000008005b0c       0x5e ./Drivers/STM32F4xx_HAL_Driver/Src/stm32f4xx_hal_tim.o
 .text.TIM_TI2_ConfigInputStage
                0x0000000008005b6a       0x60 ./Drivers/STM32F4xx_HAL_Driver/Src/stm32f4xx_hal_tim.o
 .text.TIM_ITRx_SetConfig
                0x0000000008005bca       0x36 ./Drivers/STM32F4xx_HAL_Driver/Src/stm32f4xx_hal_tim.o
 .text.TIM_ETR_SetConfig
                0x0000000008005c00       0x40 ./Drivers/STM32F4xx_HAL_Driver/Src/stm32f4xx_hal_tim.o
                0x0000000008005c00                TIM_ETR_SetConfig
 .text.HAL_TIMEx_CommutCallback
                0x0000000008005c40       0x14 ./Drivers/STM32F4xx_HAL_Driver/Src/stm32f4xx_hal_tim_ex.o
                0x0000000008005c40                HAL_TIMEx_CommutCallback
 .text.HAL_TIMEx_BreakCallback
                0x0000000008005c54       0x14 ./Drivers/STM32F4xx_HAL_Driver/Src/stm32f4xx_hal_tim_ex.o
                0x0000000008005c54                HAL_TIMEx_BreakCallback
 .text.HAL_UART_Init
                0x0000000008005c68       0x9a ./Drivers/STM32F4xx_HAL_Driver/Src/stm32f4xx_hal_uart.o
                0x0000000008005c68                HAL_UART_Init
 .text.HAL_UART_Transmit
                0x0000000008005d02      0x124 ./Drivers/STM32F4xx_HAL_Driver/Src/stm32f4xx_hal_uart.o
                0x0000000008005d02                HAL_UART_Transmit
 .text.HAL_UART_Receive_IT
                0x0000000008005e26       0x60 ./Drivers/STM32F4xx_HAL_Driver/Src/stm32f4xx_hal_uart.o
                0x0000000008005e26                HAL_UART_Receive_IT
 *fill*         0x0000000008005e86        0x2 
 .text.HAL_UART_IRQHandler
                0x0000000008005e88      0x51c ./Drivers/STM32F4xx_HAL_Driver/Src/stm32f4xx_hal_uart.o
                0x0000000008005e88                HAL_UART_IRQHandler
 .text.HAL_UART_TxCpltCallback
                0x00000000080063a4       0x14 ./Drivers/STM32F4xx_HAL_Driver/Src/stm32f4xx_hal_uart.o
                0x00000000080063a4                HAL_UART_TxCpltCallback
 .text.HAL_UART_ErrorCallback
                0x00000000080063b8       0x14 ./Drivers/STM32F4xx_HAL_Driver/Src/stm32f4xx_hal_uart.o
                0x00000000080063b8                HAL_UART_ErrorCallback
 .text.HAL_UARTEx_RxEventCallback
                0x00000000080063cc       0x18 ./Drivers/STM32F4xx_HAL_Driver/Src/stm32f4xx_hal_uart.o
                0x00000000080063cc                HAL_UARTEx_RxEventCallback
 .text.UART_WaitOnFlagUntilTimeout
                0x00000000080063e4       0xdc ./Drivers/STM32F4xx_HAL_Driver/Src/stm32f4xx_hal_uart.o
 .text.UART_Start_Receive_IT
                0x00000000080064c0       0x7c ./Drivers/STM32F4xx_HAL_Driver/Src/stm32f4xx_hal_uart.o
                0x00000000080064c0                UART_Start_Receive_IT
 .text.UART_EndRxTransfer
                0x000000000800653c       0xc6 ./Drivers/STM32F4xx_HAL_Driver/Src/stm32f4xx_hal_uart.o
 .text.UART_DMAAbortOnError
                0x0000000008006602       0x28 ./Drivers/STM32F4xx_HAL_Driver/Src/stm32f4xx_hal_uart.o
 .text.UART_Transmit_IT
                0x000000000800662a       0xa0 ./Drivers/STM32F4xx_HAL_Driver/Src/stm32f4xx_hal_uart.o
 .text.UART_EndTransmit_IT
                0x00000000080066ca       0x30 ./Drivers/STM32F4xx_HAL_Driver/Src/stm32f4xx_hal_uart.o
 .text.UART_Receive_IT
                0x00000000080066fa      0x176 ./Drivers/STM32F4xx_HAL_Driver/Src/stm32f4xx_hal_uart.o
 .text.UART_SetConfig
                0x0000000008006870      0x4e8 ./Drivers/STM32F4xx_HAL_Driver/Src/stm32f4xx_hal_uart.o
 .text.movingAverageInit
                0x0000000008006d58       0x40 ./Dsp/Src/movingAverage.o
                0x0000000008006d58                movingAverageInit
 .text.movingAverageAddValue
                0x0000000008006d98       0x76 ./Dsp/Src/movingAverage.o
                0x0000000008006d98                movingAverageAddValue
 .text.movingAverageGetMean
                0x0000000008006e0e       0x1a ./Dsp/Src/movingAverage.o
                0x0000000008006e0e                movingAverageGetMean
 .text.movingAverageGetWindow
                0x0000000008006e28       0x18 ./Dsp/Src/movingAverage.o
                0x0000000008006e28                movingAverageGetWindow
 .text.movingAverageSetWindow
                0x0000000008006e40       0x2c ./Dsp/Src/movingAverage.o
                0x0000000008006e40                movingAverageSetWindow
 .text.pidInit  0x0000000008006e6c       0xb4 ./Pid/Src/pid.o
                0x0000000008006e6c                pidInit
 .text.pidCompute
                0x0000000008006f20      0x212 ./Pid/Src/pid.o
                0x0000000008006f20                pidCompute
 .text.pidClearParameters
                0x0000000008007132       0x44 ./Pid/Src/pid.o
                0x0000000008007132                pidClearParameters
 .text.pidGetKp
                0x0000000008007176       0x1e ./Pid/Src/pid.o
                0x0000000008007176                pidGetKp
 .text.pidSetKp
                0x0000000008007194       0x1e ./Pid/Src/pid.o
                0x0000000008007194                pidSetKp
 .text.pidGetKi
                0x00000000080071b2       0x1e ./Pid/Src/pid.o
                0x00000000080071b2                pidGetKi
 .text.pidSetKi
                0x00000000080071d0       0x1e ./Pid/Src/pid.o
                0x00000000080071d0                pidSetKi
 .text.pidGetKd
                0x00000000080071ee       0x1e ./Pid/Src/pid.o
                0x00000000080071ee                pidGetKd
 .text.pidSetKd
                0x000000000800720c       0x1e ./Pid/Src/pid.o
                0x000000000800720c                pidSetKd
 .text.pidGetInterval
                0x000000000800722a       0x1e ./Pid/Src/pid.o
                0x000000000800722a                pidGetInterval
 .text.pidSetInterval
                0x0000000008007248       0x1e ./Pid/Src/pid.o
                0x0000000008007248                pidSetInterval
 .text.pidGetSetpoint
                0x0000000008007266       0x1e ./Pid/Src/pid.o
                0x0000000008007266                pidGetSetpoint
 .text.pidSetSetpoint
                0x0000000008007284       0x1e ./Pid/Src/pid.o
                0x0000000008007284                pidSetSetpoint
 .text.pidGetProcessVariable
                0x00000000080072a2       0x1e ./Pid/Src/pid.o
                0x00000000080072a2                pidGetProcessVariable
 .text.pidSetProcessVariable
                0x00000000080072c0       0x2c ./Pid/Src/pid.o
                0x00000000080072c0                pidSetProcessVariable
 .text.pidGetControlledVariable
                0x00000000080072ec       0x1e ./Pid/Src/pid.o
                0x00000000080072ec                pidGetControlledVariable
 .text.pidGetOffset
                0x000000000800730a       0x1e ./Pid/Src/pid.o
                0x000000000800730a                pidGetOffset
 .text.pidSetOffset
                0x0000000008007328       0x1e ./Pid/Src/pid.o
                0x0000000008007328                pidSetOffset
 .text.pidGetBias
                0x0000000008007346       0x1e ./Pid/Src/pid.o
                0x0000000008007346                pidGetBias
 .text.pidSetBias
                0x0000000008007364       0x1e ./Pid/Src/pid.o
                0x0000000008007364                pidSetBias
 .text.pidGetMinSumOfErrors
                0x0000000008007382       0x18 ./Pid/Src/pid.o
                0x0000000008007382                pidGetMinSumOfErrors
 *fill*         0x000000000800739a        0x2 
 .text.pidSetMinSumOfErrors
                0x000000000800739c       0x40 ./Pid/Src/pid.o
                0x000000000800739c                pidSetMinSumOfErrors
 .text.pidGetMaxSumOfErrors
                0x00000000080073dc       0x18 ./Pid/Src/pid.o
                0x00000000080073dc                pidGetMaxSumOfErrors
 .text.pidSetMaxSumOfErrors
                0x00000000080073f4       0x40 ./Pid/Src/pid.o
                0x00000000080073f4                pidSetMaxSumOfErrors
 .text.pidGetMinControlledVariable
                0x0000000008007434       0x18 ./Pid/Src/pid.o
                0x0000000008007434                pidGetMinControlledVariable
 .text.pidSetMinControlledVariable
                0x000000000800744c       0x36 ./Pid/Src/pid.o
                0x000000000800744c                pidSetMinControlledVariable
 .text.pidGetMaxControlledVariable
                0x0000000008007482       0x18 ./Pid/Src/pid.o
                0x0000000008007482                pidGetMaxControlledVariable
 .text.pidSetMaxControlledVariable
                0x000000000800749a       0x36 ./Pid/Src/pid.o
                0x000000000800749a                pidSetMaxControlledVariable
 .text.__libc_init_array
                0x00000000080074d0       0x48 c:/st/stm32cubeide_1.9.0/stm32cubeide/plugins/com.st.stm32cube.ide.mcu.externaltools.gnu-tools-for-stm32.10.3-2021.10.win32_1.0.0.202111181127/tools/bin/../lib/gcc/arm-none-eabi/10.3.1/../../../../arm-none-eabi/lib/thumb/v7e-m+fp/hard\libc_nano.a(lib_a-init.o)
                0x00000000080074d0                __libc_init_array
 .text.memcpy   0x0000000008007518       0x1c c:/st/stm32cubeide_1.9.0/stm32cubeide/plugins/com.st.stm32cube.ide.mcu.externaltools.gnu-tools-for-stm32.10.3-2021.10.win32_1.0.0.202111181127/tools/bin/../lib/gcc/arm-none-eabi/10.3.1/../../../../arm-none-eabi/lib/thumb/v7e-m+fp/hard\libc_nano.a(lib_a-memcpy-stub.o)
                0x0000000008007518                memcpy
 .text.memset   0x0000000008007534       0x10 c:/st/stm32cubeide_1.9.0/stm32cubeide/plugins/com.st.stm32cube.ide.mcu.externaltools.gnu-tools-for-stm32.10.3-2021.10.win32_1.0.0.202111181127/tools/bin/../lib/gcc/arm-none-eabi/10.3.1/../../../../arm-none-eabi/lib/thumb/v7e-m+fp/hard\libc_nano.a(lib_a-memset.o)
                0x0000000008007534                memset
 *(.glue_7)
 .glue_7        0x0000000008007544        0x0 linker stubs
 *(.glue_7t)
 .glue_7t       0x0000000008007544        0x0 linker stubs
 *(.eh_frame)
 .eh_frame      0x0000000008007544        0x0 c:/st/stm32cubeide_1.9.0/stm32cubeide/plugins/com.st.stm32cube.ide.mcu.externaltools.gnu-tools-for-stm32.10.3-2021.10.win32_1.0.0.202111181127/tools/bin/../lib/gcc/arm-none-eabi/10.3.1/thumb/v7e-m+fp/hard/crtbegin.o
 *(.init)
 .init          0x0000000008007544        0x4 c:/st/stm32cubeide_1.9.0/stm32cubeide/plugins/com.st.stm32cube.ide.mcu.externaltools.gnu-tools-for-stm32.10.3-2021.10.win32_1.0.0.202111181127/tools/bin/../lib/gcc/arm-none-eabi/10.3.1/thumb/v7e-m+fp/hard/crti.o
                0x0000000008007544                _init
 .init          0x0000000008007548        0x8 c:/st/stm32cubeide_1.9.0/stm32cubeide/plugins/com.st.stm32cube.ide.mcu.externaltools.gnu-tools-for-stm32.10.3-2021.10.win32_1.0.0.202111181127/tools/bin/../lib/gcc/arm-none-eabi/10.3.1/thumb/v7e-m+fp/hard/crtn.o
 *(.fini)
 .fini          0x0000000008007550        0x4 c:/st/stm32cubeide_1.9.0/stm32cubeide/plugins/com.st.stm32cube.ide.mcu.externaltools.gnu-tools-for-stm32.10.3-2021.10.win32_1.0.0.202111181127/tools/bin/../lib/gcc/arm-none-eabi/10.3.1/thumb/v7e-m+fp/hard/crti.o
                0x0000000008007550                _fini
 .fini          0x0000000008007554        0x8 c:/st/stm32cubeide_1.9.0/stm32cubeide/plugins/com.st.stm32cube.ide.mcu.externaltools.gnu-tools-for-stm32.10.3-2021.10.win32_1.0.0.202111181127/tools/bin/../lib/gcc/arm-none-eabi/10.3.1/thumb/v7e-m+fp/hard/crtn.o
                0x000000000800755c                . = ALIGN (0x4)
                0x000000000800755c                _etext = .

.vfp11_veneer   0x000000000800755c        0x0
 .vfp11_veneer  0x000000000800755c        0x0 linker stubs

.v4_bx          0x000000000800755c        0x0
 .v4_bx         0x000000000800755c        0x0 linker stubs

.iplt           0x000000000800755c        0x0
 .iplt          0x000000000800755c        0x0 c:/st/stm32cubeide_1.9.0/stm32cubeide/plugins/com.st.stm32cube.ide.mcu.externaltools.gnu-tools-for-stm32.10.3-2021.10.win32_1.0.0.202111181127/tools/bin/../lib/gcc/arm-none-eabi/10.3.1/thumb/v7e-m+fp/hard/crtbegin.o

.rodata         0x000000000800755c      0x118
                0x000000000800755c                . = ALIGN (0x4)
 *(.rodata)
 *(.rodata*)
 .rodata.AHBPrescTable
                0x000000000800755c       0x10 ./Core/Src/system_stm32f4xx.o
                0x000000000800755c                AHBPrescTable
 .rodata.APBPrescTable
                0x000000000800756c        0x8 ./Core/Src/system_stm32f4xx.o
                0x000000000800756c                APBPrescTable
 .rodata.table  0x0000000008007574      0x100 ./DataPacket/Src/crc8.o
                0x0000000008007674                . = ALIGN (0x4)

.ARM.extab      0x0000000008007674        0x0
                0x0000000008007674                . = ALIGN (0x4)
 *(.ARM.extab* .gnu.linkonce.armextab.*)
                0x0000000008007674                . = ALIGN (0x4)

.ARM            0x0000000008007674        0x8
                0x0000000008007674                . = ALIGN (0x4)
                0x0000000008007674                __exidx_start = .
 *(.ARM.exidx*)
 .ARM.exidx     0x0000000008007674        0x8 c:/st/stm32cubeide_1.9.0/stm32cubeide/plugins/com.st.stm32cube.ide.mcu.externaltools.gnu-tools-for-stm32.10.3-2021.10.win32_1.0.0.202111181127/tools/bin/../lib/gcc/arm-none-eabi/10.3.1/thumb/v7e-m+fp/hard\libgcc.a(_udivmoddi4.o)
                0x000000000800767c                __exidx_end = .
                0x000000000800767c                . = ALIGN (0x4)

.rel.dyn        0x000000000800767c        0x0
 .rel.iplt      0x000000000800767c        0x0 c:/st/stm32cubeide_1.9.0/stm32cubeide/plugins/com.st.stm32cube.ide.mcu.externaltools.gnu-tools-for-stm32.10.3-2021.10.win32_1.0.0.202111181127/tools/bin/../lib/gcc/arm-none-eabi/10.3.1/thumb/v7e-m+fp/hard/crtbegin.o

.preinit_array  0x000000000800767c        0x0
                0x000000000800767c                . = ALIGN (0x4)
                0x000000000800767c                PROVIDE (__preinit_array_start = .)
 *(.preinit_array*)
                0x000000000800767c                PROVIDE (__preinit_array_end = .)
                0x000000000800767c                . = ALIGN (0x4)

.init_array     0x000000000800767c        0x4
                0x000000000800767c                . = ALIGN (0x4)
                0x000000000800767c                PROVIDE (__init_array_start = .)
 *(SORT_BY_NAME(.init_array.*))
 *(.init_array*)
 .init_array    0x000000000800767c        0x4 c:/st/stm32cubeide_1.9.0/stm32cubeide/plugins/com.st.stm32cube.ide.mcu.externaltools.gnu-tools-for-stm32.10.3-2021.10.win32_1.0.0.202111181127/tools/bin/../lib/gcc/arm-none-eabi/10.3.1/thumb/v7e-m+fp/hard/crtbegin.o
                0x0000000008007680                PROVIDE (__init_array_end = .)
                0x0000000008007680                . = ALIGN (0x4)

.fini_array     0x0000000008007680        0x4
                0x0000000008007680                . = ALIGN (0x4)
                [!provide]                        PROVIDE (__fini_array_start = .)
 *(SORT_BY_NAME(.fini_array.*))
 *(.fini_array*)
 .fini_array    0x0000000008007680        0x4 c:/st/stm32cubeide_1.9.0/stm32cubeide/plugins/com.st.stm32cube.ide.mcu.externaltools.gnu-tools-for-stm32.10.3-2021.10.win32_1.0.0.202111181127/tools/bin/../lib/gcc/arm-none-eabi/10.3.1/thumb/v7e-m+fp/hard/crtbegin.o
                [!provide]                        PROVIDE (__fini_array_end = .)
                0x0000000008007684                . = ALIGN (0x4)
                0x0000000008007684                _sidata = LOADADDR (.data)

.data           0x0000000020000000        0xc load address 0x0000000008007684
                0x0000000020000000                . = ALIGN (0x4)
                0x0000000020000000                _sdata = .
 *(.data)
 *(.data*)
 .data.SystemCoreClock
                0x0000000020000000        0x4 ./Core/Src/system_stm32f4xx.o
                0x0000000020000000                SystemCoreClock
 .data.uwTickPrio
                0x0000000020000004        0x4 ./Drivers/STM32F4xx_HAL_Driver/Src/stm32f4xx_hal.o
                0x0000000020000004                uwTickPrio
 .data.uwTickFreq
                0x0000000020000008        0x1 ./Drivers/STM32F4xx_HAL_Driver/Src/stm32f4xx_hal.o
                0x0000000020000008                uwTickFreq
 *(.RamFunc)
 *(.RamFunc*)
                0x000000002000000c                . = ALIGN (0x4)
 *fill*         0x0000000020000009        0x3 
                0x000000002000000c                _edata = .

.igot.plt       0x000000002000000c        0x0 load address 0x0000000008007690
 .igot.plt      0x000000002000000c        0x0 c:/st/stm32cubeide_1.9.0/stm32cubeide/plugins/com.st.stm32cube.ide.mcu.externaltools.gnu-tools-for-stm32.10.3-2021.10.win32_1.0.0.202111181127/tools/bin/../lib/gcc/arm-none-eabi/10.3.1/thumb/v7e-m+fp/hard/crtbegin.o
                0x000000002000000c                . = ALIGN (0x4)

.bss            0x000000002000000c      0x834 load address 0x0000000008007690
                0x000000002000000c                _sbss = .
                0x000000002000000c                __bss_start__ = _sbss
 *(.bss)
 .bss           0x000000002000000c       0x1c c:/st/stm32cubeide_1.9.0/stm32cubeide/plugins/com.st.stm32cube.ide.mcu.externaltools.gnu-tools-for-stm32.10.3-2021.10.win32_1.0.0.202111181127/tools/bin/../lib/gcc/arm-none-eabi/10.3.1/thumb/v7e-m+fp/hard/crtbegin.o
 *(.bss*)
 .bss.hadc1     0x0000000020000028       0x48 ./Core/Src/main.o
                0x0000000020000028                hadc1
 .bss.hdac      0x0000000020000070       0x14 ./Core/Src/main.o
                0x0000000020000070                hdac
 .bss.htim9     0x0000000020000084       0x48 ./Core/Src/main.o
                0x0000000020000084                htim9
 .bss.huart2    0x00000000200000cc       0x44 ./Core/Src/main.o
                0x00000000200000cc                huart2
 .bss.huart3    0x0000000020000110       0x44 ./Core/Src/main.o
                0x0000000020000110                huart3
 .bss.receivedByte
                0x0000000020000154        0x1 ./Core/Src/main.o
                0x0000000020000154                receivedByte
 *fill*         0x0000000020000155        0x1 
 .bss.decodeDataPacketDelay
                0x0000000020000156        0x2 ./Core/Src/main.o
                0x0000000020000156                decodeDataPacketDelay
 .bss.blinkLedDelay
                0x0000000020000158        0x2 ./Core/Src/main.o
                0x0000000020000158                blinkLedDelay
 .bss.sendDataDelay1
                0x000000002000015a        0x2 ./Core/Src/main.o
                0x000000002000015a                sendDataDelay1
 .bss.samplingInterval
                0x000000002000015c        0x2 ./Core/Src/main.o
                0x000000002000015c                samplingInterval
 .bss.controllerInterval
                0x000000002000015e        0x2 ./Core/Src/main.o
                0x000000002000015e                controllerInterval
 .bss.sendKeepAliveDelay
                0x0000000020000160        0x2 ./Core/Src/main.o
                0x0000000020000160                sendKeepAliveDelay
 *fill*         0x0000000020000162        0x2 
 .bss.app       0x0000000020000164      0x6d4 ./Core/Src/main.o
                0x0000000020000164                app
 .bss.stateMachine
                0x0000000020000838        0x1 ./Core/Src/main.o
                0x0000000020000838                stateMachine
 *fill*         0x0000000020000839        0x3 
 .bss.uwTick    0x000000002000083c        0x4 ./Drivers/STM32F4xx_HAL_Driver/Src/stm32f4xx_hal.o
                0x000000002000083c                uwTick
 *(COMMON)
                0x0000000020000840                . = ALIGN (0x4)
                0x0000000020000840                _ebss = .
                0x0000000020000840                __bss_end__ = _ebss

._user_heap_stack
                0x0000000020000840      0x600 load address 0x0000000008007690
                0x0000000020000840                . = ALIGN (0x8)
                [!provide]                        PROVIDE (end = .)
                0x0000000020000840                PROVIDE (_end = .)
                0x0000000020000a40                . = (. + _Min_Heap_Size)
 *fill*         0x0000000020000840      0x200 
                0x0000000020000e40                . = (. + _Min_Stack_Size)
 *fill*         0x0000000020000a40      0x400 
                0x0000000020000e40                . = ALIGN (0x8)

/DISCARD/
 libc.a(*)
 libm.a(*)
 libgcc.a(*)

.ARM.attributes
                0x0000000000000000       0x30
 *(.ARM.attributes)
 .ARM.attributes
                0x0000000000000000       0x1e c:/st/stm32cubeide_1.9.0/stm32cubeide/plugins/com.st.stm32cube.ide.mcu.externaltools.gnu-tools-for-stm32.10.3-2021.10.win32_1.0.0.202111181127/tools/bin/../lib/gcc/arm-none-eabi/10.3.1/thumb/v7e-m+fp/hard/crti.o
 .ARM.attributes
                0x000000000000001e       0x34 c:/st/stm32cubeide_1.9.0/stm32cubeide/plugins/com.st.stm32cube.ide.mcu.externaltools.gnu-tools-for-stm32.10.3-2021.10.win32_1.0.0.202111181127/tools/bin/../lib/gcc/arm-none-eabi/10.3.1/thumb/v7e-m+fp/hard/crtbegin.o
 .ARM.attributes
                0x0000000000000052       0x34 ./App/Src/app.o
 .ARM.attributes
                0x0000000000000086       0x34 ./App/Src/comm.o
 .ARM.attributes
                0x00000000000000ba       0x34 ./App/Src/controller.o
 .ARM.attributes
                0x00000000000000ee       0x34 ./Core/Src/main.o
 .ARM.attributes
                0x0000000000000122       0x34 ./Core/Src/stm32f4xx_hal_msp.o
 .ARM.attributes
                0x0000000000000156       0x34 ./Core/Src/stm32f4xx_it.o
 .ARM.attributes
                0x000000000000018a       0x34 ./Core/Src/system_stm32f4xx.o
 .ARM.attributes
                0x00000000000001be       0x21 ./Core/Startup/startup_stm32f446retx.o
 .ARM.attributes
                0x00000000000001df       0x34 ./DataPacket/Src/crc8.o
 .ARM.attributes
                0x0000000000000213       0x34 ./DataPacket/Src/dataPacketRx.o
 .ARM.attributes
                0x0000000000000247       0x34 ./DataPacket/Src/dataPacketTx.o
 .ARM.attributes
                0x000000000000027b       0x34 ./Drivers/STM32F4xx_HAL_Driver/Src/stm32f4xx_hal.o
 .ARM.attributes
                0x00000000000002af       0x34 ./Drivers/STM32F4xx_HAL_Driver/Src/stm32f4xx_hal_adc.o
 .ARM.attributes
                0x00000000000002e3       0x34 ./Drivers/STM32F4xx_HAL_Driver/Src/stm32f4xx_hal_cortex.o
 .ARM.attributes
                0x0000000000000317       0x34 ./Drivers/STM32F4xx_HAL_Driver/Src/stm32f4xx_hal_dac.o
 .ARM.attributes
                0x000000000000034b       0x34 ./Drivers/STM32F4xx_HAL_Driver/Src/stm32f4xx_hal_dma.o
 .ARM.attributes
                0x000000000000037f       0x34 ./Drivers/STM32F4xx_HAL_Driver/Src/stm32f4xx_hal_gpio.o
 .ARM.attributes
                0x00000000000003b3       0x34 ./Drivers/STM32F4xx_HAL_Driver/Src/stm32f4xx_hal_pwr_ex.o
 .ARM.attributes
                0x00000000000003e7       0x34 ./Drivers/STM32F4xx_HAL_Driver/Src/stm32f4xx_hal_rcc.o
 .ARM.attributes
                0x000000000000041b       0x34 ./Drivers/STM32F4xx_HAL_Driver/Src/stm32f4xx_hal_rcc_ex.o
 .ARM.attributes
                0x000000000000044f       0x34 ./Drivers/STM32F4xx_HAL_Driver/Src/stm32f4xx_hal_tim.o
 .ARM.attributes
                0x0000000000000483       0x34 ./Drivers/STM32F4xx_HAL_Driver/Src/stm32f4xx_hal_tim_ex.o
 .ARM.attributes
                0x00000000000004b7       0x34 ./Drivers/STM32F4xx_HAL_Driver/Src/stm32f4xx_hal_uart.o
 .ARM.attributes
                0x00000000000004eb       0x34 ./Dsp/Src/movingAverage.o
 .ARM.attributes
                0x000000000000051f       0x34 ./Pid/Src/pid.o
 .ARM.attributes
                0x0000000000000553       0x34 c:/st/stm32cubeide_1.9.0/stm32cubeide/plugins/com.st.stm32cube.ide.mcu.externaltools.gnu-tools-for-stm32.10.3-2021.10.win32_1.0.0.202111181127/tools/bin/../lib/gcc/arm-none-eabi/10.3.1/../../../../arm-none-eabi/lib/thumb/v7e-m+fp/hard\libc_nano.a(lib_a-init.o)
 .ARM.attributes
                0x0000000000000587       0x34 c:/st/stm32cubeide_1.9.0/stm32cubeide/plugins/com.st.stm32cube.ide.mcu.externaltools.gnu-tools-for-stm32.10.3-2021.10.win32_1.0.0.202111181127/tools/bin/../lib/gcc/arm-none-eabi/10.3.1/../../../../arm-none-eabi/lib/thumb/v7e-m+fp/hard\libc_nano.a(lib_a-memcpy-stub.o)
 .ARM.attributes
                0x00000000000005bb       0x34 c:/st/stm32cubeide_1.9.0/stm32cubeide/plugins/com.st.stm32cube.ide.mcu.externaltools.gnu-tools-for-stm32.10.3-2021.10.win32_1.0.0.202111181127/tools/bin/../lib/gcc/arm-none-eabi/10.3.1/../../../../arm-none-eabi/lib/thumb/v7e-m+fp/hard\libc_nano.a(lib_a-memset.o)
 .ARM.attributes
                0x00000000000005ef       0x1e c:/st/stm32cubeide_1.9.0/stm32cubeide/plugins/com.st.stm32cube.ide.mcu.externaltools.gnu-tools-for-stm32.10.3-2021.10.win32_1.0.0.202111181127/tools/bin/../lib/gcc/arm-none-eabi/10.3.1/thumb/v7e-m+fp/hard\libgcc.a(_arm_addsubdf3.o)
 .ARM.attributes
                0x000000000000060d       0x1e c:/st/stm32cubeide_1.9.0/stm32cubeide/plugins/com.st.stm32cube.ide.mcu.externaltools.gnu-tools-for-stm32.10.3-2021.10.win32_1.0.0.202111181127/tools/bin/../lib/gcc/arm-none-eabi/10.3.1/thumb/v7e-m+fp/hard\libgcc.a(_arm_muldivdf3.o)
 .ARM.attributes
                0x000000000000062b       0x1e c:/st/stm32cubeide_1.9.0/stm32cubeide/plugins/com.st.stm32cube.ide.mcu.externaltools.gnu-tools-for-stm32.10.3-2021.10.win32_1.0.0.202111181127/tools/bin/../lib/gcc/arm-none-eabi/10.3.1/thumb/v7e-m+fp/hard\libgcc.a(_arm_truncdfsf2.o)
 .ARM.attributes
                0x0000000000000649       0x1e c:/st/stm32cubeide_1.9.0/stm32cubeide/plugins/com.st.stm32cube.ide.mcu.externaltools.gnu-tools-for-stm32.10.3-2021.10.win32_1.0.0.202111181127/tools/bin/../lib/gcc/arm-none-eabi/10.3.1/thumb/v7e-m+fp/hard\libgcc.a(_aeabi_uldivmod.o)
 .ARM.attributes
                0x0000000000000667       0x34 c:/st/stm32cubeide_1.9.0/stm32cubeide/plugins/com.st.stm32cube.ide.mcu.externaltools.gnu-tools-for-stm32.10.3-2021.10.win32_1.0.0.202111181127/tools/bin/../lib/gcc/arm-none-eabi/10.3.1/thumb/v7e-m+fp/hard\libgcc.a(_udivmoddi4.o)
 .ARM.attributes
                0x000000000000069b       0x1e c:/st/stm32cubeide_1.9.0/stm32cubeide/plugins/com.st.stm32cube.ide.mcu.externaltools.gnu-tools-for-stm32.10.3-2021.10.win32_1.0.0.202111181127/tools/bin/../lib/gcc/arm-none-eabi/10.3.1/thumb/v7e-m+fp/hard\libgcc.a(_dvmd_tls.o)
 .ARM.attributes
                0x00000000000006b9       0x1e c:/st/stm32cubeide_1.9.0/stm32cubeide/plugins/com.st.stm32cube.ide.mcu.externaltools.gnu-tools-for-stm32.10.3-2021.10.win32_1.0.0.202111181127/tools/bin/../lib/gcc/arm-none-eabi/10.3.1/thumb/v7e-m+fp/hard/crtn.o
OUTPUT(CurrentController.elf elf32-littlearm)
LOAD linker stubs
LOAD c:/st/stm32cubeide_1.9.0/stm32cubeide/plugins/com.st.stm32cube.ide.mcu.externaltools.gnu-tools-for-stm32.10.3-2021.10.win32_1.0.0.202111181127/tools/bin/../lib/gcc/arm-none-eabi/10.3.1/../../../../arm-none-eabi/lib/thumb/v7e-m+fp/hard\libc.a
LOAD c:/st/stm32cubeide_1.9.0/stm32cubeide/plugins/com.st.stm32cube.ide.mcu.externaltools.gnu-tools-for-stm32.10.3-2021.10.win32_1.0.0.202111181127/tools/bin/../lib/gcc/arm-none-eabi/10.3.1/../../../../arm-none-eabi/lib/thumb/v7e-m+fp/hard\libm.a
LOAD c:/st/stm32cubeide_1.9.0/stm32cubeide/plugins/com.st.stm32cube.ide.mcu.externaltools.gnu-tools-for-stm32.10.3-2021.10.win32_1.0.0.202111181127/tools/bin/../lib/gcc/arm-none-eabi/10.3.1/thumb/v7e-m+fp/hard\libgcc.a

.debug_info     0x0000000000000000    0x16fc2
 .debug_info    0x0000000000000000     0x199d ./App/Src/app.o
 .debug_info    0x000000000000199d     0x1a57 ./App/Src/comm.o
 .debug_info    0x00000000000033f4      0xef3 ./App/Src/controller.o
 .debug_info    0x00000000000042e7     0x1e6d ./Core/Src/main.o
 .debug_info    0x0000000000006154     0x1574 ./Core/Src/stm32f4xx_hal_msp.o
 .debug_info    0x00000000000076c8      0xa15 ./Core/Src/stm32f4xx_it.o
 .debug_info    0x00000000000080dd      0x55b ./Core/Src/system_stm32f4xx.o
 .debug_info    0x0000000000008638       0x22 ./Core/Startup/startup_stm32f446retx.o
 .debug_info    0x000000000000865a      0x16d ./DataPacket/Src/crc8.o
 .debug_info    0x00000000000087c7      0x54b ./DataPacket/Src/dataPacketRx.o
 .debug_info    0x0000000000008d12      0x9e1 ./DataPacket/Src/dataPacketTx.o
 .debug_info    0x00000000000096f3      0x9d2 ./Drivers/STM32F4xx_HAL_Driver/Src/stm32f4xx_hal.o
 .debug_info    0x000000000000a0c5      0xd70 ./Drivers/STM32F4xx_HAL_Driver/Src/stm32f4xx_hal_adc.o
 .debug_info    0x000000000000ae35      0xe39 ./Drivers/STM32F4xx_HAL_Driver/Src/stm32f4xx_hal_cortex.o
 .debug_info    0x000000000000bc6e      0xa5d ./Drivers/STM32F4xx_HAL_Driver/Src/stm32f4xx_hal_dac.o
 .debug_info    0x000000000000c6cb      0x94f ./Drivers/STM32F4xx_HAL_Driver/Src/stm32f4xx_hal_dma.o
 .debug_info    0x000000000000d01a      0x7be ./Drivers/STM32F4xx_HAL_Driver/Src/stm32f4xx_hal_gpio.o
 .debug_info    0x000000000000d7d8      0x702 ./Drivers/STM32F4xx_HAL_Driver/Src/stm32f4xx_hal_pwr_ex.o
 .debug_info    0x000000000000deda      0x9ab ./Drivers/STM32F4xx_HAL_Driver/Src/stm32f4xx_hal_rcc.o
 .debug_info    0x000000000000e885      0x9ec ./Drivers/STM32F4xx_HAL_Driver/Src/stm32f4xx_hal_rcc_ex.o
 .debug_info    0x000000000000f271     0x2bbe ./Drivers/STM32F4xx_HAL_Driver/Src/stm32f4xx_hal_tim.o
 .debug_info    0x0000000000011e2f     0x15e0 ./Drivers/STM32F4xx_HAL_Driver/Src/stm32f4xx_hal_tim_ex.o
 .debug_info    0x000000000001340f     0x31bc ./Drivers/STM32F4xx_HAL_Driver/Src/stm32f4xx_hal_uart.o
 .debug_info    0x00000000000165cb      0x254 ./Dsp/Src/movingAverage.o
 .debug_info    0x000000000001681f      0x7a3 ./Pid/Src/pid.o

.debug_abbrev   0x0000000000000000     0x31ae
 .debug_abbrev  0x0000000000000000      0x2b6 ./App/Src/app.o
 .debug_abbrev  0x00000000000002b6      0x2c7 ./App/Src/comm.o
 .debug_abbrev  0x000000000000057d      0x21a ./App/Src/controller.o
 .debug_abbrev  0x0000000000000797      0x343 ./Core/Src/main.o
 .debug_abbrev  0x0000000000000ada      0x20a ./Core/Src/stm32f4xx_hal_msp.o
 .debug_abbrev  0x0000000000000ce4      0x19c ./Core/Src/stm32f4xx_it.o
 .debug_abbrev  0x0000000000000e80      0x116 ./Core/Src/system_stm32f4xx.o
 .debug_abbrev  0x0000000000000f96       0x12 ./Core/Startup/startup_stm32f446retx.o
 .debug_abbrev  0x0000000000000fa8       0xdc ./DataPacket/Src/crc8.o
 .debug_abbrev  0x0000000000001084      0x16c ./DataPacket/Src/dataPacketRx.o
 .debug_abbrev  0x00000000000011f0      0x1e3 ./DataPacket/Src/dataPacketTx.o
 .debug_abbrev  0x00000000000013d3      0x20d ./Drivers/STM32F4xx_HAL_Driver/Src/stm32f4xx_hal.o
 .debug_abbrev  0x00000000000015e0      0x244 ./Drivers/STM32F4xx_HAL_Driver/Src/stm32f4xx_hal_adc.o
 .debug_abbrev  0x0000000000001824      0x316 ./Drivers/STM32F4xx_HAL_Driver/Src/stm32f4xx_hal_cortex.o
 .debug_abbrev  0x0000000000001b3a      0x1df ./Drivers/STM32F4xx_HAL_Driver/Src/stm32f4xx_hal_dac.o
 .debug_abbrev  0x0000000000001d19      0x25b ./Drivers/STM32F4xx_HAL_Driver/Src/stm32f4xx_hal_dma.o
 .debug_abbrev  0x0000000000001f74      0x1c4 ./Drivers/STM32F4xx_HAL_Driver/Src/stm32f4xx_hal_gpio.o
 .debug_abbrev  0x0000000000002138      0x1c9 ./Drivers/STM32F4xx_HAL_Driver/Src/stm32f4xx_hal_pwr_ex.o
 .debug_abbrev  0x0000000000002301      0x2aa ./Drivers/STM32F4xx_HAL_Driver/Src/stm32f4xx_hal_rcc.o
 .debug_abbrev  0x00000000000025ab      0x1fb ./Drivers/STM32F4xx_HAL_Driver/Src/stm32f4xx_hal_rcc_ex.o
 .debug_abbrev  0x00000000000027a6      0x25d ./Drivers/STM32F4xx_HAL_Driver/Src/stm32f4xx_hal_tim.o
 .debug_abbrev  0x0000000000002a03      0x265 ./Drivers/STM32F4xx_HAL_Driver/Src/stm32f4xx_hal_tim_ex.o
 .debug_abbrev  0x0000000000002c68      0x2f4 ./Drivers/STM32F4xx_HAL_Driver/Src/stm32f4xx_hal_uart.o
 .debug_abbrev  0x0000000000002f5c      0x123 ./Dsp/Src/movingAverage.o
 .debug_abbrev  0x000000000000307f      0x12f ./Pid/Src/pid.o

.debug_aranges  0x0000000000000000     0x14a0
 .debug_aranges
                0x0000000000000000      0x178 ./App/Src/app.o
 .debug_aranges
                0x0000000000000178       0xf0 ./App/Src/comm.o
 .debug_aranges
                0x0000000000000268      0x108 ./App/Src/controller.o
 .debug_aranges
                0x0000000000000370       0x70 ./Core/Src/main.o
 .debug_aranges
                0x00000000000003e0       0x60 ./Core/Src/stm32f4xx_hal_msp.o
 .debug_aranges
                0x0000000000000440       0x70 ./Core/Src/stm32f4xx_it.o
 .debug_aranges
                0x00000000000004b0       0x28 ./Core/Src/system_stm32f4xx.o
 .debug_aranges
                0x00000000000004d8       0x28 ./Core/Startup/startup_stm32f446retx.o
 .debug_aranges
                0x0000000000000500       0x28 ./DataPacket/Src/crc8.o
 .debug_aranges
                0x0000000000000528       0x88 ./DataPacket/Src/dataPacketRx.o
 .debug_aranges
                0x00000000000005b0       0x88 ./DataPacket/Src/dataPacketTx.o
 .debug_aranges
                0x0000000000000638       0xf0 ./Drivers/STM32F4xx_HAL_Driver/Src/stm32f4xx_hal.o
 .debug_aranges
                0x0000000000000728       0xe8 ./Drivers/STM32F4xx_HAL_Driver/Src/stm32f4xx_hal_adc.o
 .debug_aranges
                0x0000000000000810      0x118 ./Drivers/STM32F4xx_HAL_Driver/Src/stm32f4xx_hal_cortex.o
 .debug_aranges
                0x0000000000000928       0xc0 ./Drivers/STM32F4xx_HAL_Driver/Src/stm32f4xx_hal_dac.o
 .debug_aranges
                0x00000000000009e8       0x90 ./Drivers/STM32F4xx_HAL_Driver/Src/stm32f4xx_hal_dma.o
 .debug_aranges
                0x0000000000000a78       0x58 ./Drivers/STM32F4xx_HAL_Driver/Src/stm32f4xx_hal_gpio.o
 .debug_aranges
                0x0000000000000ad0       0x60 ./Drivers/STM32F4xx_HAL_Driver/Src/stm32f4xx_hal_pwr_ex.o
 .debug_aranges
                0x0000000000000b30       0x88 ./Drivers/STM32F4xx_HAL_Driver/Src/stm32f4xx_hal_rcc.o
 .debug_aranges
                0x0000000000000bb8       0x78 ./Drivers/STM32F4xx_HAL_Driver/Src/stm32f4xx_hal_rcc_ex.o
 .debug_aranges
                0x0000000000000c30      0x3d0 ./Drivers/STM32F4xx_HAL_Driver/Src/stm32f4xx_hal_tim.o
 .debug_aranges
                0x0000000000001000      0x168 ./Drivers/STM32F4xx_HAL_Driver/Src/stm32f4xx_hal_tim_ex.o
 .debug_aranges
                0x0000000000001168      0x200 ./Drivers/STM32F4xx_HAL_Driver/Src/stm32f4xx_hal_uart.o
 .debug_aranges
                0x0000000000001368       0x40 ./Dsp/Src/movingAverage.o
 .debug_aranges
                0x00000000000013a8       0xf8 ./Pid/Src/pid.o

.debug_ranges   0x0000000000000000     0x1348
 .debug_ranges  0x0000000000000000      0x168 ./App/Src/app.o
 .debug_ranges  0x0000000000000168       0xe0 ./App/Src/comm.o
 .debug_ranges  0x0000000000000248       0xf8 ./App/Src/controller.o
 .debug_ranges  0x0000000000000340       0x60 ./Core/Src/main.o
 .debug_ranges  0x00000000000003a0       0x50 ./Core/Src/stm32f4xx_hal_msp.o
 .debug_ranges  0x00000000000003f0       0x60 ./Core/Src/stm32f4xx_it.o
 .debug_ranges  0x0000000000000450       0x18 ./Core/Src/system_stm32f4xx.o
 .debug_ranges  0x0000000000000468       0x20 ./Core/Startup/startup_stm32f446retx.o
 .debug_ranges  0x0000000000000488       0x18 ./DataPacket/Src/crc8.o
 .debug_ranges  0x00000000000004a0       0x78 ./DataPacket/Src/dataPacketRx.o
 .debug_ranges  0x0000000000000518       0x78 ./DataPacket/Src/dataPacketTx.o
 .debug_ranges  0x0000000000000590       0xe0 ./Drivers/STM32F4xx_HAL_Driver/Src/stm32f4xx_hal.o
 .debug_ranges  0x0000000000000670       0xd8 ./Drivers/STM32F4xx_HAL_Driver/Src/stm32f4xx_hal_adc.o
 .debug_ranges  0x0000000000000748      0x108 ./Drivers/STM32F4xx_HAL_Driver/Src/stm32f4xx_hal_cortex.o
 .debug_ranges  0x0000000000000850       0xb0 ./Drivers/STM32F4xx_HAL_Driver/Src/stm32f4xx_hal_dac.o
 .debug_ranges  0x0000000000000900       0x80 ./Drivers/STM32F4xx_HAL_Driver/Src/stm32f4xx_hal_dma.o
 .debug_ranges  0x0000000000000980       0x48 ./Drivers/STM32F4xx_HAL_Driver/Src/stm32f4xx_hal_gpio.o
 .debug_ranges  0x00000000000009c8       0x50 ./Drivers/STM32F4xx_HAL_Driver/Src/stm32f4xx_hal_pwr_ex.o
 .debug_ranges  0x0000000000000a18       0x78 ./Drivers/STM32F4xx_HAL_Driver/Src/stm32f4xx_hal_rcc.o
 .debug_ranges  0x0000000000000a90       0x68 ./Drivers/STM32F4xx_HAL_Driver/Src/stm32f4xx_hal_rcc_ex.o
 .debug_ranges  0x0000000000000af8      0x3c0 ./Drivers/STM32F4xx_HAL_Driver/Src/stm32f4xx_hal_tim.o
 .debug_ranges  0x0000000000000eb8      0x158 ./Drivers/STM32F4xx_HAL_Driver/Src/stm32f4xx_hal_tim_ex.o
 .debug_ranges  0x0000000000001010      0x220 ./Drivers/STM32F4xx_HAL_Driver/Src/stm32f4xx_hal_uart.o
 .debug_ranges  0x0000000000001230       0x30 ./Dsp/Src/movingAverage.o
 .debug_ranges  0x0000000000001260       0xe8 ./Pid/Src/pid.o

.debug_macro    0x0000000000000000    0x249eb
 .debug_macro   0x0000000000000000      0x35d ./App/Src/app.o
 .debug_macro   0x000000000000035d      0xa78 ./App/Src/app.o
 .debug_macro   0x0000000000000dd5       0x22 ./App/Src/app.o
 .debug_macro   0x0000000000000df7       0x8e ./App/Src/app.o
 .debug_macro   0x0000000000000e85       0x51 ./App/Src/app.o
 .debug_macro   0x0000000000000ed6      0x103 ./App/Src/app.o
 .debug_macro   0x0000000000000fd9       0x6a ./App/Src/app.o
 .debug_macro   0x0000000000001043      0x1df ./App/Src/app.o
 .debug_macro   0x0000000000001222      0x2a7 ./App/Src/app.o
 .debug_macro   0x00000000000014c9       0x2e ./App/Src/app.o
 .debug_macro   0x00000000000014f7       0x28 ./App/Src/app.o
 .debug_macro   0x000000000000151f       0x1c ./App/Src/app.o
 .debug_macro   0x000000000000153b       0x22 ./App/Src/app.o
 .debug_macro   0x000000000000155d       0xd9 ./App/Src/app.o
 .debug_macro   0x0000000000001636     0x102d ./App/Src/app.o
 .debug_macro   0x0000000000002663      0x11f ./App/Src/app.o
 .debug_macro   0x0000000000002782    0x16749 ./App/Src/app.o
 .debug_macro   0x0000000000018ecb       0x6d ./App/Src/app.o
 .debug_macro   0x0000000000018f38     0x367e ./App/Src/app.o
 .debug_macro   0x000000000001c5b6      0x174 ./App/Src/app.o
 .debug_macro   0x000000000001c72a       0x5c ./App/Src/app.o
 .debug_macro   0x000000000001c786      0xc90 ./App/Src/app.o
 .debug_macro   0x000000000001d416      0x9fe ./App/Src/app.o
 .debug_macro   0x000000000001de14      0x115 ./App/Src/app.o
 .debug_macro   0x000000000001df29      0x1a0 ./App/Src/app.o
 .debug_macro   0x000000000001e0c9       0xa5 ./App/Src/app.o
 .debug_macro   0x000000000001e16e      0x16d ./App/Src/app.o
 .debug_macro   0x000000000001e2db      0x287 ./App/Src/app.o
 .debug_macro   0x000000000001e562       0x5f ./App/Src/app.o
 .debug_macro   0x000000000001e5c1      0x236 ./App/Src/app.o
 .debug_macro   0x000000000001e7f7      0xb5b ./App/Src/app.o
 .debug_macro   0x000000000001f352      0x38b ./App/Src/app.o
 .debug_macro   0x000000000001f6dd      0x17d ./App/Src/app.o
 .debug_macro   0x000000000001f85a       0xf9 ./App/Src/app.o
 .debug_macro   0x000000000001f953      0x122 ./App/Src/app.o
 .debug_macro   0x000000000001fa75       0xa6 ./App/Src/app.o
 .debug_macro   0x000000000001fb1b      0x132 ./App/Src/app.o
 .debug_macro   0x000000000001fc4d      0x29c ./App/Src/app.o
 .debug_macro   0x000000000001fee9       0x2e ./App/Src/app.o
 .debug_macro   0x000000000001ff17      0x11a ./App/Src/app.o
 .debug_macro   0x0000000000020031       0xe8 ./App/Src/app.o
 .debug_macro   0x0000000000020119       0x89 ./App/Src/app.o
 .debug_macro   0x00000000000201a2      0x8e6 ./App/Src/app.o
 .debug_macro   0x0000000000020a88       0x4d ./App/Src/app.o
 .debug_macro   0x0000000000020ad5      0x295 ./App/Src/app.o
 .debug_macro   0x0000000000020d6a      0x126 ./App/Src/app.o
 .debug_macro   0x0000000000020e90       0x52 ./App/Src/app.o
 .debug_macro   0x0000000000020ee2       0x22 ./App/Src/app.o
 .debug_macro   0x0000000000020f04       0x52 ./App/Src/app.o
 .debug_macro   0x0000000000020f56       0x1e ./App/Src/app.o
 .debug_macro   0x0000000000020f74       0x3c ./App/Src/app.o
 .debug_macro   0x0000000000020fb0       0x34 ./App/Src/app.o
 .debug_macro   0x0000000000020fe4       0x16 ./App/Src/app.o
 .debug_macro   0x0000000000020ffa       0x43 ./App/Src/app.o
 .debug_macro   0x000000000002103d       0x34 ./App/Src/app.o
 .debug_macro   0x0000000000021071       0x10 ./App/Src/app.o
 .debug_macro   0x0000000000021081       0x58 ./App/Src/app.o
 .debug_macro   0x00000000000210d9       0x71 ./App/Src/app.o
 .debug_macro   0x000000000002114a       0x1c ./App/Src/app.o
 .debug_macro   0x0000000000021166      0x12a ./App/Src/app.o
 .debug_macro   0x0000000000021290      0x341 ./App/Src/app.o
 .debug_macro   0x00000000000215d1       0x10 ./App/Src/app.o
 .debug_macro   0x00000000000215e1       0x35 ./App/Src/app.o
 .debug_macro   0x0000000000021616       0x20 ./App/Src/app.o
 .debug_macro   0x0000000000021636       0x10 ./App/Src/app.o
 .debug_macro   0x0000000000021646       0x28 ./App/Src/app.o
 .debug_macro   0x000000000002166e       0x28 ./App/Src/app.o
 .debug_macro   0x0000000000021696      0x350 ./App/Src/comm.o
 .debug_macro   0x00000000000219e6       0x4c ./App/Src/comm.o
 .debug_macro   0x0000000000021a32       0x94 ./App/Src/comm.o
 .debug_macro   0x0000000000021ac6       0x57 ./App/Src/comm.o
 .debug_macro   0x0000000000021b1d       0x56 ./App/Src/comm.o
 .debug_macro   0x0000000000021b73       0x10 ./App/Src/comm.o
 .debug_macro   0x0000000000021b83      0x230 ./App/Src/controller.o
 .debug_macro   0x0000000000021db3      0x36c ./Core/Src/main.o
 .debug_macro   0x000000000002211f       0x34 ./Core/Src/main.o
 .debug_macro   0x0000000000022153      0x36c ./Core/Src/stm32f4xx_hal_msp.o
 .debug_macro   0x00000000000224bf      0x376 ./Core/Src/stm32f4xx_it.o
 .debug_macro   0x0000000000022835      0x20a ./Core/Src/system_stm32f4xx.o
 .debug_macro   0x0000000000022a3f       0x6d ./DataPacket/Src/crc8.o
 .debug_macro   0x0000000000022aac      0x153 ./DataPacket/Src/dataPacketRx.o
 .debug_macro   0x0000000000022bff      0x2eb ./DataPacket/Src/dataPacketTx.o
 .debug_macro   0x0000000000022eea      0x26a ./Drivers/STM32F4xx_HAL_Driver/Src/stm32f4xx_hal.o
 .debug_macro   0x0000000000023154      0x20b ./Drivers/STM32F4xx_HAL_Driver/Src/stm32f4xx_hal_adc.o
 .debug_macro   0x000000000002335f      0x20a ./Drivers/STM32F4xx_HAL_Driver/Src/stm32f4xx_hal_cortex.o
 .debug_macro   0x0000000000023569      0x20b ./Drivers/STM32F4xx_HAL_Driver/Src/stm32f4xx_hal_dac.o
 .debug_macro   0x0000000000023774      0x210 ./Drivers/STM32F4xx_HAL_Driver/Src/stm32f4xx_hal_dma.o
 .debug_macro   0x0000000000023984      0x210 ./Drivers/STM32F4xx_HAL_Driver/Src/stm32f4xx_hal_gpio.o
 .debug_macro   0x0000000000023b94      0x222 ./Drivers/STM32F4xx_HAL_Driver/Src/stm32f4xx_hal_pwr_ex.o
 .debug_macro   0x0000000000023db6      0x22e ./Drivers/STM32F4xx_HAL_Driver/Src/stm32f4xx_hal_rcc.o
 .debug_macro   0x0000000000023fe4      0x20a ./Drivers/STM32F4xx_HAL_Driver/Src/stm32f4xx_hal_rcc_ex.o
 .debug_macro   0x00000000000241ee      0x20b ./Drivers/STM32F4xx_HAL_Driver/Src/stm32f4xx_hal_tim.o
 .debug_macro   0x00000000000243f9      0x20a ./Drivers/STM32F4xx_HAL_Driver/Src/stm32f4xx_hal_tim_ex.o
 .debug_macro   0x0000000000024603      0x20b ./Drivers/STM32F4xx_HAL_Driver/Src/stm32f4xx_hal_uart.o
 .debug_macro   0x000000000002480e      0x146 ./Dsp/Src/movingAverage.o
 .debug_macro   0x0000000000024954       0x7b ./Pid/Src/pid.o
 .debug_macro   0x00000000000249cf       0x1c ./Pid/Src/pid.o

.debug_line     0x0000000000000000    0x17170
 .debug_line    0x0000000000000000      0xe6b ./App/Src/app.o
 .debug_line    0x0000000000000e6b     0x10b9 ./App/Src/comm.o
 .debug_line    0x0000000000001f24      0xaa1 ./App/Src/controller.o
 .debug_line    0x00000000000029c5      0xd11 ./Core/Src/main.o
 .debug_line    0x00000000000036d6      0xb7f ./Core/Src/stm32f4xx_hal_msp.o
 .debug_line    0x0000000000004255      0xb27 ./Core/Src/stm32f4xx_it.o
 .debug_line    0x0000000000004d7c      0x7b1 ./Core/Src/system_stm32f4xx.o
 .debug_line    0x000000000000552d       0x88 ./Core/Startup/startup_stm32f446retx.o
 .debug_line    0x00000000000055b5      0x42c ./DataPacket/Src/crc8.o
 .debug_line    0x00000000000059e1      0x852 ./DataPacket/Src/dataPacketRx.o
 .debug_line    0x0000000000006233      0xabf ./DataPacket/Src/dataPacketTx.o
 .debug_line    0x0000000000006cf2      0xa17 ./Drivers/STM32F4xx_HAL_Driver/Src/stm32f4xx_hal.o
 .debug_line    0x0000000000007709     0x1293 ./Drivers/STM32F4xx_HAL_Driver/Src/stm32f4xx_hal_adc.o
 .debug_line    0x000000000000899c      0xcc6 ./Drivers/STM32F4xx_HAL_Driver/Src/stm32f4xx_hal_cortex.o
 .debug_line    0x0000000000009662      0xb68 ./Drivers/STM32F4xx_HAL_Driver/Src/stm32f4xx_hal_dac.o
 .debug_line    0x000000000000a1ca      0xf7b ./Drivers/STM32F4xx_HAL_Driver/Src/stm32f4xx_hal_dma.o
 .debug_line    0x000000000000b145      0xb77 ./Drivers/STM32F4xx_HAL_Driver/Src/stm32f4xx_hal_gpio.o
 .debug_line    0x000000000000bcbc      0x946 ./Drivers/STM32F4xx_HAL_Driver/Src/stm32f4xx_hal_pwr_ex.o
 .debug_line    0x000000000000c602      0xd9d ./Drivers/STM32F4xx_HAL_Driver/Src/stm32f4xx_hal_rcc.o
 .debug_line    0x000000000000d39f     0x1427 ./Drivers/STM32F4xx_HAL_Driver/Src/stm32f4xx_hal_rcc_ex.o
 .debug_line    0x000000000000e7c6     0x370b ./Drivers/STM32F4xx_HAL_Driver/Src/stm32f4xx_hal_tim.o
 .debug_line    0x0000000000011ed1     0x1a14 ./Drivers/STM32F4xx_HAL_Driver/Src/stm32f4xx_hal_tim_ex.o
 .debug_line    0x00000000000138e5     0x2abc ./Drivers/STM32F4xx_HAL_Driver/Src/stm32f4xx_hal_uart.o
 .debug_line    0x00000000000163a1      0x5e4 ./Dsp/Src/movingAverage.o