../Core/Src/main.c:83:6:HAL_TIM_PeriodElapsedCallback	16	static
../Core/Src/main.c:99:6:HAL_UART_RxCpltCallback	16	static
../Core/Src/main.c:115:5:main	192	static
../Core/Src/main.c:270:6:SystemClock_Config	88	static
../Core/Src/main.c:325:13:MX_ADC1_Init	24	static
../Core/Src/main.c:377:13:MX_DAC_Init	16	static
../Core/Src/main.c:417:13:MX_TIM9_Init	24	static
../Core/Src/main.c:455:13:MX_USART2_UART_Init	8	static
../Core/Src/main.c:488:13:MX_USART3_UART_Init	8	static
../Core/Src/main.c:521:13:MX_GPIO_Init	40	static
../Core/Src/main.c:555:6:Error_Handler	4	static,ignoring_inline_asm
