../Core/Src/main.c:82:6:HAL_TIM_PeriodElapsedCallback	16	static
../Core/Src/main.c:97:6:HAL_UART_RxCpltCallback	16	static
../Core/Src/main.c:113:5:main	96	static
../Core/Src/main.c:252:6:SystemClock_Config	88	static
../Core/Src/main.c:307:13:MX_ADC1_Init	24	static
../Core/Src/main.c:359:13:MX_DAC_Init	16	static
../Core/Src/main.c:399:13:MX_TIM9_Init	24	static
../Core/Src/main.c:437:13:MX_USART2_UART_Init	8	static
../Core/Src/main.c:470:13:MX_USART3_UART_Init	8	static
../Core/Src/main.c:503:13:MX_GPIO_Init	40	static
../Core/Src/main.c:537:6:Error_Handler	4	static,ignoring_inline_asm
