../App/Src/app.c:11:6:appInit	32	static
../App/Src/app.c:40:6:appExecuteBlinkLed	16	static
../App/Src/app.c:45:10:appGetBlinkDelay	16	static
../App/Src/app.c:51:6:appRunController	24	static
../App/Src/app.c:59:6:appSetProcessVariable	16	static
../App/Src/app.c:64:10:appGetProcessVariable	16	static
../App/Src/app.c:70:6:appAppendReceivedByte	16	static
../App/Src/app.c:75:6:appTryDecodeReceivedDataPacket	16	static
../App/Src/app.c:80:6:appTryExtractCommandAndPayloadFromDecodedDataPacket	24	static
../App/Src/app.c:99:6:appTryDecodeExtractedCommand	16	static
../App/Src/app.c:108:6:appDecodeReceivedCommand	16	static
../App/Src/app.c:132:6:appSetCommand	16	static
../App/Src/app.c:137:6:appSetDecodeStatus	16	static
../App/Src/app.c:142:6:appGetDecodeStatus	16	static
../App/Src/app.c:147:6:appSetData	24	static
../App/Src/app.c:157:6:appSendProcessVariable	112	dynamic
../App/Src/app.c:173:6:appSendPidKsParameterValues	112	dynamic
../App/Src/app.c:189:6:appTrySendData	16	static
../App/Src/app.c:205:6:appSetProcessVariableReadyToSend	16	static
../App/Src/app.c:210:6:appGetProcessVariableReadyToSend	16	static
../App/Src/app.c:215:6:appGetEnableSendProcessVariable	16	static
../App/Src/app.c:220:6:appGetEnableSendPidKsParameterValues	16	static
../App/Src/app.c:225:6:appSetEnableSendPidKsParameterValues	16	static
