../App/Src/app.c:11:6:appInit	32	static
../App/Src/app.c:50:6:appExecuteBlinkLed	16	static
../App/Src/app.c:55:10:appGetBlinkDelay	16	static
../App/Src/app.c:61:6:appRunController	24	static
../App/Src/app.c:68:6:appSetProcessVariable	16	static
../App/Src/app.c:73:7:appGetProcessVariable	16	static
../App/Src/app.c:78:10:appGetCurrentInMiliAmps	48	static
../App/Src/app.c:91:6:appAddNewValueToFilter	16	static
../App/Src/app.c:96:10:appGetFilterResult	16	static
../App/Src/app.c:102:6:appAppendReceivedByte	16	static
../App/Src/app.c:107:6:appTryDecodeReceivedDataPacket	16	static
../App/Src/app.c:112:6:appTryExtractCommandAndPayloadFromDecodedDataPacket	24	static
../App/Src/app.c:131:6:appTryDecodeExtractedCommand	16	static
../App/Src/app.c:140:6:appDecodeReceivedCommand	88	static
../App/Src/app.c:322:6:appSetCommand	16	static
../App/Src/app.c:327:6:appSetDecodeStatus	16	static
../App/Src/app.c:332:6:appGetDecodeStatus	16	static
../App/Src/app.c:337:6:appSetData	24	static
../App/Src/app.c:347:6:appSendCurrentConfigDataValues	152	dynamic
../App/Src/app.c:437:6:appSendCurrentPidSetpointValue	112	dynamic
../App/Src/app.c:456:6:appSendProcessVariable	112	dynamic
../App/Src/app.c:474:6:appTrySendData	16	static
../App/Src/app.c:492:6:appSetProcessVariableReadyToSend	16	static
../App/Src/app.c:497:6:appGetProcessVariableReadyToSend	16	static
../App/Src/app.c:502:6:appGetEnableSendProcessVariable	16	static
../App/Src/app.c:507:6:appSetEnableSendProcessVariable	16	static
../App/Src/app.c:512:6:appGetEnableSendCurrentConfigDataValues	16	static
../App/Src/app.c:517:6:appSetEnableSendCurrentConfigDataValues	16	static
../App/Src/app.c:522:6:appSetSamplingInterval	16	static
../App/Src/app.c:527:10:appGetSamplingInterval	16	static
../App/Src/app.c:532:6:appSetPidInterval	16	static
../App/Src/app.c:537:10:appGetPidInterval	16	static
../App/Src/app.c:542:6:appGetRunPidControllerStatus	16	static
../App/Src/app.c:547:6:appSetRunPidControllerStatus	16	static
../App/Src/app.c:552:6:appGetEnableSendCurrentPidSetpointValue	16	static
../App/Src/app.c:557:6:appSetEnableSendCurrentPidSetpointValue	16	static
