../App/Src/app.c:12:6:appInit	32	static
../App/Src/app.c:43:6:appExecuteBlinkLed	16	static
../App/Src/app.c:48:10:appGetBlinkDelay	16	static
../App/Src/app.c:55:6:appDecodeReceivedCommand	16	static
../App/Src/app.c:75:6:appSetCommand	16	static
../App/Src/app.c:80:6:appSetDecodeStatus	16	static
../App/Src/app.c:85:6:appGetDecodeStatus	16	static
../App/Src/app.c:90:6:appSetData	24	static
../App/Src/app.c:101:6:appSendAdcRead	96	static
../App/Src/app.c:116:6:appTrySendData	80	static
../App/Src/app.c:130:6:appAppendReceivedByte	16	static
../App/Src/app.c:135:6:appTryDecodeReceivedDataPacket	16	static
../App/Src/app.c:140:6:appTryExtractCommandAndPayloadFromDecodedDataPacket	24	static
../App/Src/app.c:159:6:appTryDecodeExtractedCommand	16	static
../App/Src/app.c:170:6:appSetAdcReadCompleteStatus	16	static
../App/Src/app.c:175:6:appGetAdcReadCompleteStatus	16	static
../App/Src/app.c:180:6:appGetEnableSendAdcRead	16	static
../App/Src/app.c:185:6:appSetAdcValue	16	static
../App/Src/app.c:190:10:appGetAdcValue	16	static
