../App/Src/comm.c:11:6:commInit	16	static
../App/Src/comm.c:33:6:commTrySendData	16	static
../App/Src/comm.c:56:6:commSendCurrentConfigDataValues	152	dynamic
../App/Src/comm.c:147:6:commSendCurrentPidSetpointValue	112	dynamic
../App/Src/comm.c:166:6:commSendKeepAliveMessage	112	dynamic
../App/Src/comm.c:188:6:commSendProcessVariable	112	dynamic
../App/Src/comm.c:207:6:commSetData	24	static
../App/Src/comm.c:216:6:commClearData	16	static
../App/Src/comm.c:221:6:commAppendReceivedByte	16	static
../App/Src/comm.c:226:6:commTryDecodeReceivedDataPacket	16	static
../App/Src/comm.c:231:6:commTryExtractCommandAndPayloadFromDecodedDataPacket	24	static
../App/Src/comm.c:250:6:commTryDecodeExtractedCommand	16	static
../App/Src/comm.c:259:6:commDecodeReceivedCommand	88	static
../App/Src/comm.c:394:6:commGetEnableSendProcessVariable	16	static
../App/Src/comm.c:399:6:commSetEnableSendProcessVariable	16	static
../App/Src/comm.c:404:6:commGetEnableSendCurrentConfigDataValues	16	static
../App/Src/comm.c:409:6:commSetEnableSendCurrentConfigDataValues	16	static
../App/Src/comm.c:414:6:commGetEnableSendCurrentPidSetpointValue	16	static
../App/Src/comm.c:419:6:commSetEnableSendCurrentPidSetpointValue	16	static
../App/Src/comm.c:424:6:commGetEnableSendKeepAliveMessage	16	static
../App/Src/comm.c:429:6:commSetEnableSendKeepAliveMessage	16	static
../App/Src/comm.c:435:6:commGetDecodeCommandStatus	16	static
../App/Src/comm.c:440:6:commSetDecodeCommandStatus	16	static
../App/Src/comm.c:445:9:commGetCommand	16	static
../App/Src/comm.c:450:6:commSetCommand	16	static
../App/Src/comm.c:455:9:commGetDataLenght	16	static
../App/Src/comm.c:460:6:commSetDataLenght	16	static
