../App/Src/controller.c:11:6:controllerInit	24	static
../App/Src/controller.c:22:6:controllerRunPidController	24	static
../App/Src/controller.c:30:7:controllerGetPidKp	16	static
../App/Src/controller.c:35:6:controllerSetPidKp	16	static
../App/Src/controller.c:40:7:controllerGetPidKi	16	static
../App/Src/controller.c:45:6:controllerSetPidKi	16	static
../App/Src/controller.c:50:7:controllerGetPidKd	16	static
../App/Src/controller.c:55:6:controllerSetPidKd	16	static
../App/Src/controller.c:60:7:controllerGetPidInterval	16	static
../App/Src/controller.c:65:6:controllerSetPidInterval	16	static
../App/Src/controller.c:70:9:controllerGetPidMinSumOfErrors	16	static
../App/Src/controller.c:75:6:controllerSetPidMinSumOfErrors	16	static
../App/Src/controller.c:80:9:controllerGetPidMaxSumOfErrors	16	static
../App/Src/controller.c:85:6:controllerSetPidMaxSumOfErrors	16	static
../App/Src/controller.c:90:9:controllerGetPidMinControlledVariable	16	static
../App/Src/controller.c:95:6:controllerSetPidMinControlledVariable	16	static
../App/Src/controller.c:100:9:controllerGetPidMaxControlledVariable	16	static
../App/Src/controller.c:105:6:controllerSetPidMaxControlledVariable	16	static
../App/Src/controller.c:110:7:controllerGetPidOffset	16	static
../App/Src/controller.c:115:6:controllerSetPidOffset	16	static
../App/Src/controller.c:120:7:controllerGetPidBias	16	static
../App/Src/controller.c:125:6:controllerSetPidBias	16	static
../App/Src/controller.c:130:7:controllerGetPidSetpoint	16	static
../App/Src/controller.c:135:6:controllerSetPidSetpoint	16	static
../App/Src/controller.c:140:7:controllerGetPidProcessVariable	16	static
../App/Src/controller.c:145:6:controllerSetPidProcessVariable	16	static
../App/Src/controller.c:150:6:controllerGetRunPidControllerStatus	16	static
../App/Src/controller.c:155:6:controllerSetRunPidControllerStatus	16	static
