../App/Src/controller.c:11:6:controllerInit	24	static
../App/Src/controller.c:23:6:controllerRunPidController	24	static
../App/Src/controller.c:31:7:controllerGetPidKp	16	static
../App/Src/controller.c:36:6:controllerSetPidKp	16	static
../App/Src/controller.c:41:7:controllerGetPidKi	16	static
../App/Src/controller.c:46:6:controllerSetPidKi	16	static
../App/Src/controller.c:51:7:controllerGetPidKd	16	static
../App/Src/controller.c:56:6:controllerSetPidKd	16	static
../App/Src/controller.c:61:7:controllerGetPidInterval	16	static
../App/Src/controller.c:66:6:controllerSetPidInterval	16	static
../App/Src/controller.c:71:9:controllerGetPidMinSumOfErrors	16	static
../App/Src/controller.c:76:6:controllerSetPidMinSumOfErrors	16	static
../App/Src/controller.c:81:9:controllerGetPidMaxSumOfErrors	16	static
../App/Src/controller.c:86:6:controllerSetPidMaxSumOfErrors	16	static
../App/Src/controller.c:91:9:controllerGetPidMinControlledVariable	16	static
../App/Src/controller.c:96:6:controllerSetPidMinControlledVariable	16	static
../App/Src/controller.c:101:9:controllerGetPidMaxControlledVariable	16	static
../App/Src/controller.c:106:6:controllerSetPidMaxControlledVariable	16	static
../App/Src/controller.c:111:7:controllerGetPidOffset	16	static
../App/Src/controller.c:116:6:controllerSetPidOffset	16	static
../App/Src/controller.c:121:7:controllerGetPidBias	16	static
../App/Src/controller.c:126:6:controllerSetPidBias	16	static
../App/Src/controller.c:131:7:controllerGetPidSetpoint	16	static
../App/Src/controller.c:136:6:controllerSetPidSetpoint	16	static
../App/Src/controller.c:141:7:controllerGetPidProcessVariable	16	static
../App/Src/controller.c:146:6:controllerSetPidProcessVariable	16	static
../App/Src/controller.c:151:6:controllerGetRunPidControllerStatus	16	static
../App/Src/controller.c:156:6:controllerSetRunPidControllerStatus	16	static
../App/Src/controller.c:167:10:controllerGetSamplingInterval	16	static
../App/Src/controller.c:172:6:controllerSetSamplingInterval	16	static
